<!doctype html public "-//w3c//dtd html 4.0 transitional//en">
<html><head>
<title>Static Call Graph - [.\Output\diaoke.axf]</title></head>
<body><HR>
<H1>Static Call Graph for image .\Output\diaoke.axf</H1><HR>
<BR><P>#&#060CALLGRAPH&#062# ARM Linker, 5060750: Last Updated: Sat Jan 19 16:13:55 2019
<BR><P>
<H3>Maximum Stack Usage =        872 bytes + Unknown(Functions without stacksize, Cycles, Untraceable Function Pointers)</H3><H3>
Call chain for Maximum Stack Depth:</H3>
GUITask &rArr; GUI_FormShowNow &rArr; GUI_FileListShowNow &rArr; GUI_FileListDrawList &rArr; GUI_ShowStringAt &rArr; GUI_PutGBChar &rArr; Get_Hz_SD &rArr; f_open &rArr; dir_register &rArr; dir_find &rArr; dir_next &rArr; create_chain &rArr; put_fat &rArr; move_window &rArr; sync_window &rArr; disk_write &rArr; SD_WriteDisk &rArr; SD_WriteBlock &rArr; SD_Init &rArr; SD_EnableWideBusOperation &rArr; SDEnWideBus &rArr; FindSCR &rArr; CmdResp1Error
<P>
<H3>
Functions with no stack information
</H3><UL>
 <LI><a href="#[1f1]">OsStartHighReadyTask</a>
 <LI><a href="#[1e4]">OsSwitchContext</a>
 <LI><a href="#[b]">PendSV_Handler</a>
</UL>
</UL>
<P>
<H3>
Mutually Recursive functions
</H3> <LI><a href="#[1f]">ADC1_2_IRQHandler</a>&nbsp;&nbsp;&nbsp;&rArr;&nbsp;&nbsp;&nbsp;<a href="#[1f]">ADC1_2_IRQHandler</a><BR>
</UL>
<P>
<H3>
Function Pointers
</H3><UL>
 <LI><a href="#[1f]">ADC1_2_IRQHandler</a> from startup_stm32f10x_md.o(.text) referenced from startup_stm32f10x_md.o(RESET)
 <LI><a href="#[7]">BusFault_Handler</a> from stm32f10x_it.o(.text) referenced from startup_stm32f10x_md.o(RESET)
 <LI><a href="#[22]">CAN1_RX1_IRQHandler</a> from startup_stm32f10x_md.o(.text) referenced from startup_stm32f10x_md.o(RESET)
 <LI><a href="#[23]">CAN1_SCE_IRQHandler</a> from startup_stm32f10x_md.o(.text) referenced from startup_stm32f10x_md.o(RESET)
 <LI><a href="#[1f4]">CreateIdleTask</a> from os.o(.text) referenced from os.o(.text)
 <LI><a href="#[45]">CreateTask</a> from os.o(.text) referenced from os.o(.text)
 <LI><a href="#[6b]">DK_File_Start</a> from filetask.o(.text) referenced from filetask.o(.text)
 <LI><a href="#[18]">DMA1_Channel1_IRQHandler</a> from startup_stm32f10x_md.o(.text) referenced from startup_stm32f10x_md.o(RESET)
 <LI><a href="#[19]">DMA1_Channel2_IRQHandler</a> from startup_stm32f10x_md.o(.text) referenced from startup_stm32f10x_md.o(RESET)
 <LI><a href="#[1a]">DMA1_Channel3_IRQHandler</a> from startup_stm32f10x_md.o(.text) referenced from startup_stm32f10x_md.o(RESET)
 <LI><a href="#[1b]">DMA1_Channel4_IRQHandler</a> from startup_stm32f10x_md.o(.text) referenced from startup_stm32f10x_md.o(RESET)
 <LI><a href="#[1c]">DMA1_Channel5_IRQHandler</a> from startup_stm32f10x_md.o(.text) referenced from startup_stm32f10x_md.o(RESET)
 <LI><a href="#[1d]">DMA1_Channel6_IRQHandler</a> from startup_stm32f10x_md.o(.text) referenced from startup_stm32f10x_md.o(RESET)
 <LI><a href="#[1e]">DMA1_Channel7_IRQHandler</a> from startup_stm32f10x_md.o(.text) referenced from startup_stm32f10x_md.o(RESET)
 <LI><a href="#[b9]">DW_MainMotoOff</a> from page_dingwei.o(.text) referenced from page_dingwei.o(.text)
 <LI><a href="#[b8]">DW_MainMotoOn</a> from page_dingwei.o(.text) referenced from page_dingwei.o(.text)
 <LI><a href="#[ad]">DW_S_Down</a> from page_dingwei.o(.text) referenced from page_dingwei.o(.text)
 <LI><a href="#[ac]">DW_Up</a> from page_dingwei.o(.text) referenced 12 times from page_dingwei.o(.text)
 <LI><a href="#[b0]">DW_XY_0</a> from page_dingwei.o(.text) referenced from page_dingwei.o(.text)
 <LI><a href="#[b3]">DW_X_Down</a> from page_dingwei.o(.text) referenced from page_dingwei.o(.text)
 <LI><a href="#[ae]">DW_YS_Down</a> from page_dingwei.o(.text) referenced from page_dingwei.o(.text)
 <LI><a href="#[b4]">DW_YX_Down</a> from page_dingwei.o(.text) referenced from page_dingwei.o(.text)
 <LI><a href="#[b1]">DW_Y_Down</a> from page_dingwei.o(.text) referenced from page_dingwei.o(.text)
 <LI><a href="#[ab]">DW_ZS_Down</a> from page_dingwei.o(.text) referenced from page_dingwei.o(.text)
 <LI><a href="#[b2]">DW_ZX_Down</a> from page_dingwei.o(.text) referenced from page_dingwei.o(.text)
 <LI><a href="#[b7]">DW_Z_0</a> from page_dingwei.o(.text) referenced from page_dingwei.o(.text)
 <LI><a href="#[b6]">DW_Z_Dn_Down</a> from page_dingwei.o(.text) referenced from page_dingwei.o(.text)
 <LI><a href="#[af]">DW_Z_Down</a> from page_dingwei.o(.text) referenced from page_dingwei.o(.text)
 <LI><a href="#[b5]">DW_Z_Up_Down</a> from page_dingwei.o(.text) referenced from page_dingwei.o(.text)
 <LI><a href="#[cf]">DateDn</a> from page_setdate.o(.text) referenced from page_setdate.o(.text)
 <LI><a href="#[d4]">DateOK</a> from page_setdate.o(.text) referenced from page_setdate.o(.text)
 <LI><a href="#[cd]">DateUp</a> from page_setdate.o(.text) referenced from page_setdate.o(.text)
 <LI><a href="#[a]">DebugMon_Handler</a> from stm32f10x_it.o(.text) referenced from startup_stm32f10x_md.o(RESET)
 <LI><a href="#[48]">DelayTimeTick</a> from os.o(.text) referenced from os.o(.text)
 <LI><a href="#[0]">Dummy</a> from os_systick.o(.text) referenced 36 times from os_systick.o(.data)
 <LI><a href="#[13]">EXTI0_IRQHandler</a> from startup_stm32f10x_md.o(.text) referenced from startup_stm32f10x_md.o(RESET)
 <LI><a href="#[35]">EXTI15_10_IRQHandler</a> from startup_stm32f10x_md.o(.text) referenced from startup_stm32f10x_md.o(RESET)
 <LI><a href="#[14]">EXTI1_IRQHandler</a> from startup_stm32f10x_md.o(.text) referenced from startup_stm32f10x_md.o(RESET)
 <LI><a href="#[15]">EXTI2_IRQHandler</a> from startup_stm32f10x_md.o(.text) referenced from startup_stm32f10x_md.o(RESET)
 <LI><a href="#[16]">EXTI3_IRQHandler</a> from startup_stm32f10x_md.o(.text) referenced from startup_stm32f10x_md.o(RESET)
 <LI><a href="#[17]">EXTI4_IRQHandler</a> from startup_stm32f10x_md.o(.text) referenced from startup_stm32f10x_md.o(RESET)
 <LI><a href="#[24]">EXTI9_5_IRQHandler</a> from startup_stm32f10x_md.o(.text) referenced from startup_stm32f10x_md.o(RESET)
 <LI><a href="#[11]">FLASH_IRQHandler</a> from startup_stm32f10x_md.o(.text) referenced from startup_stm32f10x_md.o(RESET)
 <LI><a href="#[3d]">FileSelectShow</a> from page_fileselect.o(.text) referenced from page_main.o(.text)
 <LI><a href="#[3a]">FileTask</a> from filetask.o(.text) referenced from app.o(.text)
 <LI><a href="#[42]">GUICreateTask</a> from gui_os.o(.text) referenced from gui.o(.text)
 <LI><a href="#[17e]">GUITask</a> from gui_os.o(.text) referenced from gui_os.o(.text)
 <LI><a href="#[5]">HardFault_Handler</a> from stm32f10x_it.o(.text) referenced from startup_stm32f10x_md.o(RESET)
 <LI><a href="#[d8]">HourDn</a> from page_settime.o(.text) referenced 2 times from page_settime.o(.text)
 <LI><a href="#[d7]">HourUp</a> from page_settime.o(.text) referenced 2 times from page_settime.o(.text)
 <LI><a href="#[2d]">I2C1_ER_IRQHandler</a> from startup_stm32f10x_md.o(.text) referenced from startup_stm32f10x_md.o(RESET)
 <LI><a href="#[2c]">I2C1_EV_IRQHandler</a> from startup_stm32f10x_md.o(.text) referenced from startup_stm32f10x_md.o(RESET)
 <LI><a href="#[2f]">I2C2_ER_IRQHandler</a> from startup_stm32f10x_md.o(.text) referenced from startup_stm32f10x_md.o(RESET)
 <LI><a href="#[2e]">I2C2_EV_IRQHandler</a> from startup_stm32f10x_md.o(.text) referenced from startup_stm32f10x_md.o(RESET)
 <LI><a href="#[1ef]">IdleTask</a> from os.o(.text) referenced 2 times from os.o(.text)
 <LI><a href="#[41]">Init_MainPage</a> from page_main.o(.text) referenced from page_setsys.o(.text)
 <LI><a href="#[fa]">KeySystick50Routine</a> from device_key.o(.text) referenced from device_key.o(.text)
 <LI><a href="#[a0]">MainMotoStop</a> from page_main.o(.text) referenced from page_main.o(.text)
 <LI><a href="#[6]">MemManage_Handler</a> from stm32f10x_it.o(.text) referenced from startup_stm32f10x_md.o(RESET)
 <LI><a href="#[da]">MinDn</a> from page_settime.o(.text) referenced 2 times from page_settime.o(.text)
 <LI><a href="#[d9]">MinUp</a> from page_settime.o(.text) referenced 2 times from page_settime.o(.text)
 <LI><a href="#[d1]">MonthDn</a> from page_setdate.o(.text) referenced from page_setdate.o(.text)
 <LI><a href="#[d0]">MonthUp</a> from page_setdate.o(.text) referenced from page_setdate.o(.text)
 <LI><a href="#[9f]">MotoGotoZero</a> from page_main.o(.text) referenced from page_main.o(.text)
 <LI><a href="#[4]">NMI_Handler</a> from stm32f10x_it.o(.text) referenced from startup_stm32f10x_md.o(RESET)
 <LI><a href="#[39]">NRFTask</a> from nrftask.o(.text) referenced from app.o(.text)
 <LI><a href="#[1ec]">OSMutexLock</a> from os.o(.text) referenced from os.o(.text)
 <LI><a href="#[1ee]">OSMutexUnLock</a> from os.o(.text) referenced from os.o(.text)
 <LI><a href="#[e]">PVD_IRQHandler</a> from startup_stm32f10x_md.o(.text) referenced from startup_stm32f10x_md.o(RESET)
 <LI><a href="#[a7]">Page_DW_Return</a> from page_dingwei.o(.text) referenced from page_dingwei.o(.text)
 <LI><a href="#[3c]">Page_DingWei</a> from page_dingwei.o(.text) referenced from page_main.o(.text)
 <LI><a href="#[40]">Page_SetDate</a> from page_setdate.o(.text) referenced from page_main.o(.text)
 <LI><a href="#[3e]">Page_SetSYS</a> from page_setsys.o(.text) referenced from page_main.o(.text)
 <LI><a href="#[3f]">Page_SetTime</a> from page_settime.o(.text) referenced from page_main.o(.text)
 <LI><a href="#[e6]">Page_SpeedSetOK</a> from page_setsys.o(.text) referenced from page_setsys.o(.text)
 <LI><a href="#[df]">Page_Speed_Fast_D</a> from page_setsys.o(.text) referenced from page_setsys.o(.text)
 <LI><a href="#[de]">Page_Speed_Fast_U</a> from page_setsys.o(.text) referenced from page_setsys.o(.text)
 <LI><a href="#[e1]">Page_Speed_XY_D</a> from page_setsys.o(.text) referenced from page_setsys.o(.text)
 <LI><a href="#[e0]">Page_Speed_XY_U</a> from page_setsys.o(.text) referenced from page_setsys.o(.text)
 <LI><a href="#[e3]">Page_Speed_Z_D</a> from page_setsys.o(.text) referenced from page_setsys.o(.text)
 <LI><a href="#[e2]">Page_Speed_Z_U</a> from page_setsys.o(.text) referenced from page_setsys.o(.text)
 <LI><a href="#[46]">PendMessageQueue</a> from os.o(.text) referenced from os.o(.text)
 <LI><a href="#[b]">PendSV_Handler</a> from os_a.o(.text) referenced from startup_stm32f10x_md.o(RESET)
 <LI><a href="#[47]">PostMessageQueue</a> from os.o(.text) referenced from os.o(.text)
 <LI><a href="#[12]">RCC_IRQHandler</a> from startup_stm32f10x_md.o(.text) referenced from startup_stm32f10x_md.o(RESET)
 <LI><a href="#[36]">RTCAlarm_IRQHandler</a> from startup_stm32f10x_md.o(.text) referenced from startup_stm32f10x_md.o(RESET)
 <LI><a href="#[10]">RTC_IRQHandler</a> from device_rtc.o(.text) referenced from startup_stm32f10x_md.o(RESET)
 <LI><a href="#[49]">RegisterSystick</a> from os_systick.o(.text) referenced from os_systick.o(.text)
 <LI><a href="#[3]">Reset_Handler</a> from startup_stm32f10x_md.o(.text) referenced from startup_stm32f10x_md.o(RESET)
 <LI><a href="#[30]">SPI1_IRQHandler</a> from startup_stm32f10x_md.o(.text) referenced from startup_stm32f10x_md.o(RESET)
 <LI><a href="#[31]">SPI2_IRQHandler</a> from startup_stm32f10x_md.o(.text) referenced from startup_stm32f10x_md.o(RESET)
 <LI><a href="#[9]">SVC_Handler</a> from stm32f10x_it.o(.text) referenced from startup_stm32f10x_md.o(RESET)
 <LI><a href="#[dc]">SecDn</a> from page_settime.o(.text) referenced 2 times from page_settime.o(.text)
 <LI><a href="#[db]">SecUp</a> from page_settime.o(.text) referenced 2 times from page_settime.o(.text)
 <LI><a href="#[cc]">SetDateReturn</a> from page_setdate.o(.text) referenced from page_setdate.o(.text)
 <LI><a href="#[d6]">SetTimeReturn</a> from page_settime.o(.text) referenced from page_settime.o(.text)
 <LI><a href="#[c7]">Set_Z_Zero_Dn</a> from page_showcn.o(.text) referenced from page_showcn.o(.text)
 <LI><a href="#[c6]">Set_Z_Zero_Up</a> from page_showcn.o(.text) referenced from page_showcn.o(.text)
 <LI><a href="#[3b]">ShowTask</a> from showtask.o(.text) referenced from app.o(.text)
 <LI><a href="#[c5]">Show_CN_COM_Online</a> from page_showcn.o(.text) referenced from page_showcn.o(.text)
 <LI><a href="#[c0]">Show_CN_Pause</a> from page_showcn.o(.text) referenced from page_showcn.o(.text)
 <LI><a href="#[c2]">Show_CN_Return</a> from page_showcn.o(.text) referenced from page_showcn.o(.text)
 <LI><a href="#[bc]">Show_CN_Start</a> from page_showcn.o(.text) referenced from page_showcn.o(.text)
 <LI><a href="#[bf]">Show_CN_Step</a> from page_showcn.o(.text) referenced from page_showcn.o(.text)
 <LI><a href="#[c1]">Show_CN_Stop</a> from page_showcn.o(.text) referenced from page_showcn.o(.text)
 <LI><a href="#[44]">Start</a> from os.o(.text) referenced 2 times from os.o(.text)
 <LI><a href="#[1f9]">StartAt</a> from os_timer.o(.text) referenced from os_timer.o(.text)
 <LI><a href="#[4b]">StopAt</a> from os_timer.o(.text) referenced from os_timer.o(.text)
 <LI><a href="#[c]">SysTick_Handler</a> from os_systick.o(.text) referenced from startup_stm32f10x_md.o(RESET)
 <LI><a href="#[4c]">SystemInit</a> from system_stm32f10x.o(.text) referenced from startup_stm32f10x_md.o(.text)
 <LI><a href="#[43]">SystemTickRoutine</a> from os.o(.text) referenced from os.o(.text)
 <LI><a href="#[5b]">SystickRoutine</a> from app.o(.text) referenced from app.o(.text)
 <LI><a href="#[f]">TAMPER_IRQHandler</a> from startup_stm32f10x_md.o(.text) referenced from startup_stm32f10x_md.o(RESET)
 <LI><a href="#[e5]">TFTShowSizeDn</a> from page_setsys.o(.text) referenced from page_setsys.o(.text)
 <LI><a href="#[e4]">TFTShowSizeUp</a> from page_setsys.o(.text) referenced from page_setsys.o(.text)
 <LI><a href="#[25]">TIM1_BRK_IRQHandler</a> from startup_stm32f10x_md.o(.text) referenced from startup_stm32f10x_md.o(RESET)
 <LI><a href="#[28]">TIM1_CC_IRQHandler</a> from startup_stm32f10x_md.o(.text) referenced from startup_stm32f10x_md.o(RESET)
 <LI><a href="#[27]">TIM1_TRG_COM_IRQHandler</a> from startup_stm32f10x_md.o(.text) referenced from startup_stm32f10x_md.o(RESET)
 <LI><a href="#[26]">TIM1_UP_IRQHandler</a> from startup_stm32f10x_md.o(.text) referenced from startup_stm32f10x_md.o(RESET)
 <LI><a href="#[29]">TIM2_IRQHandler</a> from startup_stm32f10x_md.o(.text) referenced from startup_stm32f10x_md.o(RESET)
 <LI><a href="#[2a]">TIM3_IRQHandler</a> from startup_stm32f10x_md.o(.text) referenced from startup_stm32f10x_md.o(RESET)
 <LI><a href="#[2b]">TIM4_IRQHandler</a> from startup_stm32f10x_md.o(.text) referenced from startup_stm32f10x_md.o(RESET)
 <LI><a href="#[dd]">TimeOK</a> from page_settime.o(.text) referenced from page_settime.o(.text)
 <LI><a href="#[15b]">TouchSystick200Routine</a> from device_touch.o(.text) referenced from device_touch.o(.text)
 <LI><a href="#[32]">USART1_IRQHandler</a> from device_usart.o(.text) referenced from startup_stm32f10x_md.o(RESET)
 <LI><a href="#[33]">USART2_IRQHandler</a> from startup_stm32f10x_md.o(.text) referenced from startup_stm32f10x_md.o(RESET)
 <LI><a href="#[34]">USART3_IRQHandler</a> from startup_stm32f10x_md.o(.text) referenced from startup_stm32f10x_md.o(RESET)
 <LI><a href="#[37]">USBWakeUp_IRQHandler</a> from startup_stm32f10x_md.o(.text) referenced from startup_stm32f10x_md.o(RESET)
 <LI><a href="#[20]">USB_HP_CAN1_TX_IRQHandler</a> from stm32f10x_it.o(.text) referenced from startup_stm32f10x_md.o(RESET)
 <LI><a href="#[21]">USB_LP_CAN1_RX0_IRQHandler</a> from startup_stm32f10x_md.o(.text) referenced from startup_stm32f10x_md.o(RESET)
 <LI><a href="#[8]">UsageFault_Handler</a> from stm32f10x_it.o(.text) referenced from startup_stm32f10x_md.o(RESET)
 <LI><a href="#[d]">WWDG_IRQHandler</a> from startup_stm32f10x_md.o(.text) referenced from startup_stm32f10x_md.o(RESET)
 <LI><a href="#[d3]">YearDn</a> from page_setdate.o(.text) referenced from page_setdate.o(.text)
 <LI><a href="#[d2]">YearUp</a> from page_setdate.o(.text) referenced from page_setdate.o(.text)
 <LI><a href="#[4d]">__main</a> from entry.o(.ARM.Collect$$$$00000000) referenced from startup_stm32f10x_md.o(.text)
 <LI><a href="#[4e]">fputc</a> from device.o(.text) referenced from printf3.o(i.__0printf$3)
 <LI><a href="#[38]">main</a> from app.o(.text) referenced from entry9a.o(.ARM.Collect$$$$0000000B)
 <LI><a href="#[1]">mem_init</a> from malloc.o(.text) referenced 2 times from malloc.o(.data)
 <LI><a href="#[2]">mem_perused</a> from malloc.o(.text) referenced 2 times from malloc.o(.data)
</UL>
<P>
<H3>
Global Symbols
</H3>
<P><STRONG><a name="[4d]"></a>__main</STRONG> (Thumb, 0 bytes, Stack size unknown bytes, entry.o(.ARM.Collect$$$$00000000))
<BR>[Address Reference Count : 1]<UL><LI> startup_stm32f10x_md.o(.text)
</UL>
<P><STRONG><a name="[25e]"></a>_main_stk</STRONG> (Thumb, 0 bytes, Stack size unknown bytes, entry2.o(.ARM.Collect$$$$00000001))

<P><STRONG><a name="[4f]"></a>_main_scatterload</STRONG> (Thumb, 0 bytes, Stack size unknown bytes, entry5.o(.ARM.Collect$$$$00000004))
<BR><BR>[Calls]<UL><LI><a href="#[50]">&gt;&gt;</a>&nbsp;&nbsp;&nbsp;__scatterload
</UL>

<P><STRONG><a name="[24e]"></a>__main_after_scatterload</STRONG> (Thumb, 0 bytes, Stack size unknown bytes, entry5.o(.ARM.Collect$$$$00000004))
<BR><BR>[Called By]<UL><LI><a href="#[50]">&gt;&gt;</a>&nbsp;&nbsp;&nbsp;__scatterload
</UL>

<P><STRONG><a name="[25f]"></a>_main_clock</STRONG> (Thumb, 0 bytes, Stack size unknown bytes, entry7b.o(.ARM.Collect$$$$00000008))

<P><STRONG><a name="[260]"></a>_main_cpp_init</STRONG> (Thumb, 0 bytes, Stack size unknown bytes, entry8b.o(.ARM.Collect$$$$0000000A))

<P><STRONG><a name="[261]"></a>_main_init</STRONG> (Thumb, 0 bytes, Stack size unknown bytes, entry9a.o(.ARM.Collect$$$$0000000B))

<P><STRONG><a name="[262]"></a>__rt_final_cpp</STRONG> (Thumb, 0 bytes, Stack size unknown bytes, entry10a.o(.ARM.Collect$$$$0000000D))

<P><STRONG><a name="[263]"></a>__rt_final_exit</STRONG> (Thumb, 0 bytes, Stack size unknown bytes, entry11a.o(.ARM.Collect$$$$0000000F))

<P><STRONG><a name="[5b]"></a>SystickRoutine</STRONG> (Thumb, 2 bytes, Stack size 0 bytes, app.o(.text))
<BR>[Address Reference Count : 1]<UL><LI> app.o(.text)
</UL>
<P><STRONG><a name="[5a]"></a>InitializeData</STRONG> (Thumb, 62 bytes, Stack size 0 bytes, app.o(.text))
<BR><BR>[Called By]<UL><LI><a href="#[59]">&gt;&gt;</a>&nbsp;&nbsp;&nbsp;InitializeApp
</UL>

<P><STRONG><a name="[51]"></a>InitializeDevice</STRONG> (Thumb, 34 bytes, Stack size 8 bytes, app.o(.text))
<BR><BR>[Stack]<UL><LI>Max Depth = 152<LI>Call Chain = InitializeDevice &rArr; InitializeLcd &rArr; LCD_FSMCConfig &rArr; LCD_FSMC_IO &rArr; GPIO_Init
</UL>
<BR>[Calls]<UL><LI><a href="#[52]">&gt;&gt;</a>&nbsp;&nbsp;&nbsp;JTAG_Set
<LI><a href="#[56]">&gt;&gt;</a>&nbsp;&nbsp;&nbsp;InitializeUsart
<LI><a href="#[54]">&gt;&gt;</a>&nbsp;&nbsp;&nbsp;InitializeTouch
<LI><a href="#[53]">&gt;&gt;</a>&nbsp;&nbsp;&nbsp;InitializeRtc
<LI><a href="#[55]">&gt;&gt;</a>&nbsp;&nbsp;&nbsp;InitializeLcd
<LI><a href="#[57]">&gt;&gt;</a>&nbsp;&nbsp;&nbsp;InitializeLED
<LI><a href="#[58]">&gt;&gt;</a>&nbsp;&nbsp;&nbsp;InitializeKey
</UL>
<BR>[Called By]<UL><LI><a href="#[59]">&gt;&gt;</a>&nbsp;&nbsp;&nbsp;InitializeApp
</UL>

<P><STRONG><a name="[5c]"></a>NVIC_Config</STRONG> (Thumb, 14 bytes, Stack size 8 bytes, app.o(.text))
<BR><BR>[Stack]<UL><LI>Max Depth = 8<LI>Call Chain = NVIC_Config
</UL>
<BR>[Calls]<UL><LI><a href="#[5d]">&gt;&gt;</a>&nbsp;&nbsp;&nbsp;NVIC_SetVectorTable
</UL>
<BR>[Called By]<UL><LI><a href="#[38]">&gt;&gt;</a>&nbsp;&nbsp;&nbsp;main
</UL>

<P><STRONG><a name="[38]"></a>main</STRONG> (Thumb, 72 bytes, Stack size 8 bytes, app.o(.text))
<BR><BR>[Stack]<UL><LI>Max Depth = 816<LI>Call Chain = main &rArr; InitSD &rArr; GUI_PutStringAt &rArr; GUI_ShowStringAt &rArr; GUI_PutGBChar &rArr; Get_Hz_SD &rArr; f_open &rArr; dir_register &rArr; dir_find &rArr; dir_next &rArr; create_chain &rArr; put_fat &rArr; move_window &rArr; sync_window &rArr; disk_write &rArr; SD_WriteDisk &rArr; SD_WriteBlock &rArr; SD_Init &rArr; SD_EnableWideBusOperation &rArr; SDEnWideBus &rArr; FindSCR &rArr; CmdResp1Error
</UL>
<BR>[Calls]<UL><LI><a href="#[5e]">&gt;&gt;</a>&nbsp;&nbsp;&nbsp;InitializeOs
<LI><a href="#[5f]">&gt;&gt;</a>&nbsp;&nbsp;&nbsp;InitializeGUI
<LI><a href="#[60]">&gt;&gt;</a>&nbsp;&nbsp;&nbsp;InitSD
<LI><a href="#[42]">&gt;&gt;</a>&nbsp;&nbsp;&nbsp;GUICreateTask
<LI><a href="#[5c]">&gt;&gt;</a>&nbsp;&nbsp;&nbsp;NVIC_Config
<LI><a href="#[59]">&gt;&gt;</a>&nbsp;&nbsp;&nbsp;InitializeApp
</UL>
<BR>[Address Reference Count : 1]<UL><LI> entry9a.o(.ARM.Collect$$$$0000000B)
</UL>
<P><STRONG><a name="[69]"></a>Send_DK_Action</STRONG> (Thumb, 42 bytes, Stack size 8 bytes, nrftask.o(.text))
<BR><BR>[Stack]<UL><LI>Max Depth = 8<LI>Call Chain = Send_DK_Action
</UL>
<BR>[Called By]<UL><LI><a href="#[c3]">&gt;&gt;</a>&nbsp;&nbsp;&nbsp;InitShow_CN
<LI><a href="#[c2]">&gt;&gt;</a>&nbsp;&nbsp;&nbsp;Show_CN_Return
<LI><a href="#[a7]">&gt;&gt;</a>&nbsp;&nbsp;&nbsp;Page_DW_Return
<LI><a href="#[3e]">&gt;&gt;</a>&nbsp;&nbsp;&nbsp;Page_SetSYS
<LI><a href="#[3c]">&gt;&gt;</a>&nbsp;&nbsp;&nbsp;Page_DingWei
<LI><a href="#[a0]">&gt;&gt;</a>&nbsp;&nbsp;&nbsp;MainMotoStop
<LI><a href="#[9f]">&gt;&gt;</a>&nbsp;&nbsp;&nbsp;MotoGotoZero
<LI><a href="#[7f]">&gt;&gt;</a>&nbsp;&nbsp;&nbsp;Page_Routine
<LI><a href="#[41]">&gt;&gt;</a>&nbsp;&nbsp;&nbsp;Init_MainPage
<LI><a href="#[6b]">&gt;&gt;</a>&nbsp;&nbsp;&nbsp;DK_File_Start
<LI><a href="#[39]">&gt;&gt;</a>&nbsp;&nbsp;&nbsp;NRFTask
</UL>

<P><STRONG><a name="[6f]"></a>Send_GCode</STRONG> (Thumb, 80 bytes, Stack size 16 bytes, nrftask.o(.text))
<BR><BR>[Stack]<UL><LI>Max Depth = 16<LI>Call Chain = Send_GCode
</UL>
<BR>[Called By]<UL><LI><a href="#[6b]">&gt;&gt;</a>&nbsp;&nbsp;&nbsp;DK_File_Start
</UL>

<P><STRONG><a name="[ba]"></a>Send_DW</STRONG> (Thumb, 62 bytes, Stack size 24 bytes, nrftask.o(.text))
<BR><BR>[Stack]<UL><LI>Max Depth = 24<LI>Call Chain = Send_DW
</UL>
<BR>[Called By]<UL><LI><a href="#[80]">&gt;&gt;</a>&nbsp;&nbsp;&nbsp;Page_DingWei_Routine
</UL>

<P><STRONG><a name="[e7]"></a>Send_SZ_SYS</STRONG> (Thumb, 64 bytes, Stack size 8 bytes, nrftask.o(.text))
<BR><BR>[Stack]<UL><LI>Max Depth = 8<LI>Call Chain = Send_SZ_SYS
</UL>
<BR>[Called By]<UL><LI><a href="#[e6]">&gt;&gt;</a>&nbsp;&nbsp;&nbsp;Page_SpeedSetOK
</UL>

<P><STRONG><a name="[63]"></a>Save_SYS_Buf</STRONG> (Thumb, 50 bytes, Stack size 0 bytes, nrftask.o(.text))
<BR><BR>[Called By]<UL><LI><a href="#[61]">&gt;&gt;</a>&nbsp;&nbsp;&nbsp;NRFTask_RX
</UL>

<P><STRONG><a name="[62]"></a>Save_CX_Buf</STRONG> (Thumb, 68 bytes, Stack size 0 bytes, nrftask.o(.text))
<BR><BR>[Called By]<UL><LI><a href="#[61]">&gt;&gt;</a>&nbsp;&nbsp;&nbsp;NRFTask_RX
</UL>

<P><STRONG><a name="[61]"></a>NRFTask_RX</STRONG> (Thumb, 170 bytes, Stack size 12 bytes, nrftask.o(.text))
<BR><BR>[Stack]<UL><LI>Max Depth = 12<LI>Call Chain = NRFTask_RX
</UL>
<BR>[Calls]<UL><LI><a href="#[62]">&gt;&gt;</a>&nbsp;&nbsp;&nbsp;Save_CX_Buf
<LI><a href="#[63]">&gt;&gt;</a>&nbsp;&nbsp;&nbsp;Save_SYS_Buf
</UL>
<BR>[Called By]<UL><LI><a href="#[87]">&gt;&gt;</a>&nbsp;&nbsp;&nbsp;NRF_S_Ctrl
<LI><a href="#[82]">&gt;&gt;</a>&nbsp;&nbsp;&nbsp;NRF_M_Send
</UL>

<P><STRONG><a name="[39]"></a>NRFTask</STRONG> (Thumb, 98 bytes, Stack size 8 bytes, nrftask.o(.text))
<BR><BR>[Stack]<UL><LI>Max Depth = 808<LI>Call Chain = NRFTask &rArr; GUI_PutStringAt &rArr; GUI_ShowStringAt &rArr; GUI_PutGBChar &rArr; Get_Hz_SD &rArr; f_open &rArr; dir_register &rArr; dir_find &rArr; dir_next &rArr; create_chain &rArr; put_fat &rArr; move_window &rArr; sync_window &rArr; disk_write &rArr; SD_WriteDisk &rArr; SD_WriteBlock &rArr; SD_Init &rArr; SD_EnableWideBusOperation &rArr; SDEnWideBus &rArr; FindSCR &rArr; CmdResp1Error
</UL>
<BR>[Calls]<UL><LI><a href="#[68]">&gt;&gt;</a>&nbsp;&nbsp;&nbsp;NRF_M_Init
<LI><a href="#[6a]">&gt;&gt;</a>&nbsp;&nbsp;&nbsp;NRF_M_CRTL
<LI><a href="#[64]">&gt;&gt;</a>&nbsp;&nbsp;&nbsp;NRF24L01_Init
<LI><a href="#[67]">&gt;&gt;</a>&nbsp;&nbsp;&nbsp;NRF24L01_Check
<LI><a href="#[66]">&gt;&gt;</a>&nbsp;&nbsp;&nbsp;GUI_PutStringAt
<LI><a href="#[65]">&gt;&gt;</a>&nbsp;&nbsp;&nbsp;DelayMs
<LI><a href="#[69]">&gt;&gt;</a>&nbsp;&nbsp;&nbsp;Send_DK_Action
</UL>
<BR>[Address Reference Count : 1]<UL><LI> app.o(.text)
</UL>
<P><STRONG><a name="[79]"></a>InitializeFile</STRONG> (Thumb, 2 bytes, Stack size 0 bytes, filetask.o(.text))
<BR><BR>[Called By]<UL><LI><a href="#[3a]">&gt;&gt;</a>&nbsp;&nbsp;&nbsp;FileTask
</UL>

<P><STRONG><a name="[6b]"></a>DK_File_Start</STRONG> (Thumb, 104 bytes, Stack size 8 bytes, filetask.o(.text))
<BR><BR>[Stack]<UL><LI>Max Depth = 416<LI>Call Chain = DK_File_Start &rArr; ReadOneLine &rArr; ReadFile &rArr; f_read &rArr; get_fat &rArr; move_window &rArr; sync_window &rArr; disk_write &rArr; SD_WriteDisk &rArr; SD_WriteBlock &rArr; SD_Init &rArr; SD_EnableWideBusOperation &rArr; SDEnWideBus &rArr; FindSCR &rArr; CmdResp1Error
</UL>
<BR>[Calls]<UL><LI><a href="#[6d]">&gt;&gt;</a>&nbsp;&nbsp;&nbsp;TransformGCode
<LI><a href="#[6e]">&gt;&gt;</a>&nbsp;&nbsp;&nbsp;ShowRun
<LI><a href="#[6c]">&gt;&gt;</a>&nbsp;&nbsp;&nbsp;ReadOneLine
<LI><a href="#[6f]">&gt;&gt;</a>&nbsp;&nbsp;&nbsp;Send_GCode
<LI><a href="#[69]">&gt;&gt;</a>&nbsp;&nbsp;&nbsp;Send_DK_Action
</UL>
<BR>[Address Reference Count : 1]<UL><LI> filetask.o(.text)
</UL>
<P><STRONG><a name="[70]"></a>FileLoad</STRONG> (Thumb, 252 bytes, Stack size 48 bytes, filetask.o(.text))
<BR><BR>[Stack]<UL><LI>Max Depth = 608<LI>Call Chain = FileLoad &rArr; f_open &rArr; dir_register &rArr; dir_find &rArr; dir_next &rArr; create_chain &rArr; put_fat &rArr; move_window &rArr; sync_window &rArr; disk_write &rArr; SD_WriteDisk &rArr; SD_WriteBlock &rArr; SD_Init &rArr; SD_EnableWideBusOperation &rArr; SDEnWideBus &rArr; FindSCR &rArr; CmdResp1Error
</UL>
<BR>[Calls]<UL><LI><a href="#[71]">&gt;&gt;</a>&nbsp;&nbsp;&nbsp;mymalloc
<LI><a href="#[75]">&gt;&gt;</a>&nbsp;&nbsp;&nbsp;myfree
<LI><a href="#[74]">&gt;&gt;</a>&nbsp;&nbsp;&nbsp;f_open
<LI><a href="#[78]">&gt;&gt;</a>&nbsp;&nbsp;&nbsp;f_lseek
<LI><a href="#[6d]">&gt;&gt;</a>&nbsp;&nbsp;&nbsp;TransformGCode
<LI><a href="#[6e]">&gt;&gt;</a>&nbsp;&nbsp;&nbsp;ShowRun
<LI><a href="#[6c]">&gt;&gt;</a>&nbsp;&nbsp;&nbsp;ReadOneLine
<LI><a href="#[77]">&gt;&gt;</a>&nbsp;&nbsp;&nbsp;ReadFile
<LI><a href="#[76]">&gt;&gt;</a>&nbsp;&nbsp;&nbsp;Page_DK_File
<LI><a href="#[72]">&gt;&gt;</a>&nbsp;&nbsp;&nbsp;strcpy
<LI><a href="#[73]">&gt;&gt;</a>&nbsp;&nbsp;&nbsp;strcat
</UL>
<BR>[Called By]<UL><LI><a href="#[3a]">&gt;&gt;</a>&nbsp;&nbsp;&nbsp;FileTask
</UL>

<P><STRONG><a name="[3a]"></a>FileTask</STRONG> (Thumb, 62 bytes, Stack size 8 bytes, filetask.o(.text))
<BR><BR>[Stack]<UL><LI>Max Depth = 824<LI>Call Chain = FileTask &rArr; Init_MainPage &rArr; GUI_PutStringAt &rArr; GUI_ShowStringAt &rArr; GUI_PutGBChar &rArr; Get_Hz_SD &rArr; f_open &rArr; dir_register &rArr; dir_find &rArr; dir_next &rArr; create_chain &rArr; put_fat &rArr; move_window &rArr; sync_window &rArr; disk_write &rArr; SD_WriteDisk &rArr; SD_WriteBlock &rArr; SD_Init &rArr; SD_EnableWideBusOperation &rArr; SDEnWideBus &rArr; FindSCR &rArr; CmdResp1Error
</UL>
<BR>[Calls]<UL><LI><a href="#[41]">&gt;&gt;</a>&nbsp;&nbsp;&nbsp;Init_MainPage
<LI><a href="#[70]">&gt;&gt;</a>&nbsp;&nbsp;&nbsp;FileLoad
<LI><a href="#[79]">&gt;&gt;</a>&nbsp;&nbsp;&nbsp;InitializeFile
</UL>
<BR>[Address Reference Count : 1]<UL><LI> app.o(.text)
</UL>
<P><STRONG><a name="[7a]"></a>ShowDKState</STRONG> (Thumb, 120 bytes, Stack size 16 bytes, showtask.o(.text))
<BR><BR>[Stack]<UL><LI>Max Depth = 184<LI>Call Chain = ShowDKState &rArr; GUI_DispDec &rArr; GUI_PutChar &rArr; GUI_SetWindows &rArr; LCD_SetWindows &rArr; LCD_SetCursor
</UL>
<BR>[Calls]<UL><LI><a href="#[7b]">&gt;&gt;</a>&nbsp;&nbsp;&nbsp;GUI_DispDec
</UL>
<BR>[Called By]<UL><LI><a href="#[3b]">&gt;&gt;</a>&nbsp;&nbsp;&nbsp;ShowTask
</UL>

<P><STRONG><a name="[7c]"></a>InitializeShow</STRONG> (Thumb, 22 bytes, Stack size 8 bytes, showtask.o(.text))
<BR><BR>[Stack]<UL><LI>Max Depth = 64<LI>Call Chain = InitializeShow &rArr; GUI_FormCreate &rArr; mymalloc &rArr; mem_malloc
</UL>
<BR>[Calls]<UL><LI><a href="#[7d]">&gt;&gt;</a>&nbsp;&nbsp;&nbsp;GUI_FormCreate
</UL>
<BR>[Called By]<UL><LI><a href="#[3b]">&gt;&gt;</a>&nbsp;&nbsp;&nbsp;ShowTask
</UL>

<P><STRONG><a name="[3b]"></a>ShowTask</STRONG> (Thumb, 134 bytes, Stack size 8 bytes, showtask.o(.text))
<BR><BR>[Stack]<UL><LI>Max Depth = 824<LI>Call Chain = ShowTask &rArr; Init_MainPage &rArr; GUI_PutStringAt &rArr; GUI_ShowStringAt &rArr; GUI_PutGBChar &rArr; Get_Hz_SD &rArr; f_open &rArr; dir_register &rArr; dir_find &rArr; dir_next &rArr; create_chain &rArr; put_fat &rArr; move_window &rArr; sync_window &rArr; disk_write &rArr; SD_WriteDisk &rArr; SD_WriteBlock &rArr; SD_Init &rArr; SD_EnableWideBusOperation &rArr; SDEnWideBus &rArr; FindSCR &rArr; CmdResp1Error
</UL>
<BR>[Calls]<UL><LI><a href="#[7f]">&gt;&gt;</a>&nbsp;&nbsp;&nbsp;Page_Routine
<LI><a href="#[80]">&gt;&gt;</a>&nbsp;&nbsp;&nbsp;Page_DingWei_Routine
<LI><a href="#[7e]">&gt;&gt;</a>&nbsp;&nbsp;&nbsp;InitMenu
<LI><a href="#[7c]">&gt;&gt;</a>&nbsp;&nbsp;&nbsp;InitializeShow
<LI><a href="#[7a]">&gt;&gt;</a>&nbsp;&nbsp;&nbsp;ShowDKState
<LI><a href="#[41]">&gt;&gt;</a>&nbsp;&nbsp;&nbsp;Init_MainPage
</UL>
<BR>[Address Reference Count : 1]<UL><LI> app.o(.text)
</UL>
<P><STRONG><a name="[89]"></a>Switch_Buf</STRONG> (Thumb, 40 bytes, Stack size 0 bytes, nrf_ctrl.o(.text), UNUSED)
<BR><BR>[Called By]<UL><LI><a href="#[87]">&gt;&gt;</a>&nbsp;&nbsp;&nbsp;NRF_S_Ctrl
</UL>

<P><STRONG><a name="[68]"></a>NRF_M_Init</STRONG> (Thumb, 14 bytes, Stack size 8 bytes, nrf_ctrl.o(.text))
<BR><BR>[Stack]<UL><LI>Max Depth = 56<LI>Call Chain = NRF_M_Init &rArr; RX_Mode &rArr; NRF24L01_Write_Buf &rArr; SPIx_ReadWriteByte
</UL>
<BR>[Calls]<UL><LI><a href="#[81]">&gt;&gt;</a>&nbsp;&nbsp;&nbsp;RX_Mode
</UL>
<BR>[Called By]<UL><LI><a href="#[39]">&gt;&gt;</a>&nbsp;&nbsp;&nbsp;NRFTask
</UL>

<P><STRONG><a name="[82]"></a>NRF_M_Send</STRONG> (Thumb, 116 bytes, Stack size 8 bytes, nrf_ctrl.o(.text))
<BR><BR>[Stack]<UL><LI>Max Depth = 64<LI>Call Chain = NRF_M_Send &rArr; NRF24L01_TxPacket &rArr; NRF24L01_Write_Buf &rArr; SPIx_ReadWriteByte
</UL>
<BR>[Calls]<UL><LI><a href="#[83]">&gt;&gt;</a>&nbsp;&nbsp;&nbsp;TX_Mode
<LI><a href="#[81]">&gt;&gt;</a>&nbsp;&nbsp;&nbsp;RX_Mode
<LI><a href="#[84]">&gt;&gt;</a>&nbsp;&nbsp;&nbsp;NRF24L01_TxPacket
<LI><a href="#[85]">&gt;&gt;</a>&nbsp;&nbsp;&nbsp;NRF24L01_RxPacket
<LI><a href="#[61]">&gt;&gt;</a>&nbsp;&nbsp;&nbsp;NRFTask_RX
</UL>
<BR>[Called By]<UL><LI><a href="#[6a]">&gt;&gt;</a>&nbsp;&nbsp;&nbsp;NRF_M_CRTL
</UL>

<P><STRONG><a name="[6a]"></a>NRF_M_CRTL</STRONG> (Thumb, 64 bytes, Stack size 8 bytes, nrf_ctrl.o(.text))
<BR><BR>[Stack]<UL><LI>Max Depth = 72<LI>Call Chain = NRF_M_CRTL &rArr; NRF_M_Send &rArr; NRF24L01_TxPacket &rArr; NRF24L01_Write_Buf &rArr; SPIx_ReadWriteByte
</UL>
<BR>[Calls]<UL><LI><a href="#[82]">&gt;&gt;</a>&nbsp;&nbsp;&nbsp;NRF_M_Send
</UL>
<BR>[Called By]<UL><LI><a href="#[39]">&gt;&gt;</a>&nbsp;&nbsp;&nbsp;NRFTask
</UL>

<P><STRONG><a name="[88]"></a>RXBUFF_IsSame</STRONG> (Thumb, 50 bytes, Stack size 0 bytes, nrf_ctrl.o(.text), UNUSED)
<BR><BR>[Called By]<UL><LI><a href="#[87]">&gt;&gt;</a>&nbsp;&nbsp;&nbsp;NRF_S_Ctrl
</UL>

<P><STRONG><a name="[86]"></a>NRF_S_Init</STRONG> (Thumb, 14 bytes, Stack size 8 bytes, nrf_ctrl.o(.text), UNUSED)
<BR><BR>[Calls]<UL><LI><a href="#[81]">&gt;&gt;</a>&nbsp;&nbsp;&nbsp;RX_Mode
</UL>

<P><STRONG><a name="[87]"></a>NRF_S_Ctrl</STRONG> (Thumb, 196 bytes, Stack size 8 bytes, nrf_ctrl.o(.text), UNUSED)
<BR><BR>[Calls]<UL><LI><a href="#[83]">&gt;&gt;</a>&nbsp;&nbsp;&nbsp;TX_Mode
<LI><a href="#[81]">&gt;&gt;</a>&nbsp;&nbsp;&nbsp;RX_Mode
<LI><a href="#[84]">&gt;&gt;</a>&nbsp;&nbsp;&nbsp;NRF24L01_TxPacket
<LI><a href="#[85]">&gt;&gt;</a>&nbsp;&nbsp;&nbsp;NRF24L01_RxPacket
<LI><a href="#[88]">&gt;&gt;</a>&nbsp;&nbsp;&nbsp;RXBUFF_IsSame
<LI><a href="#[89]">&gt;&gt;</a>&nbsp;&nbsp;&nbsp;Switch_Buf
<LI><a href="#[61]">&gt;&gt;</a>&nbsp;&nbsp;&nbsp;NRFTask_RX
</UL>

<P><STRONG><a name="[8a]"></a>myf_init</STRONG> (Thumb, 98 bytes, Stack size 8 bytes, sd.o(.text))
<BR><BR>[Stack]<UL><LI>Max Depth = 48<LI>Call Chain = myf_init &rArr; mymalloc &rArr; mem_malloc
</UL>
<BR>[Calls]<UL><LI><a href="#[71]">&gt;&gt;</a>&nbsp;&nbsp;&nbsp;mymalloc
</UL>
<BR>[Called By]<UL><LI><a href="#[60]">&gt;&gt;</a>&nbsp;&nbsp;&nbsp;InitSD
</UL>

<P><STRONG><a name="[8b]"></a>SD_Card_Printf_Info</STRONG> (Thumb, 104 bytes, Stack size 8 bytes, sd.o(.text), UNUSED)
<BR><BR>[Calls]<UL><LI><a href="#[8c]">&gt;&gt;</a>&nbsp;&nbsp;&nbsp;__2printf
</UL>

<P><STRONG><a name="[60]"></a>InitSD</STRONG> (Thumb, 148 bytes, Stack size 8 bytes, sd.o(.text))
<BR><BR>[Stack]<UL><LI>Max Depth = 808<LI>Call Chain = InitSD &rArr; GUI_PutStringAt &rArr; GUI_ShowStringAt &rArr; GUI_PutGBChar &rArr; Get_Hz_SD &rArr; f_open &rArr; dir_register &rArr; dir_find &rArr; dir_next &rArr; create_chain &rArr; put_fat &rArr; move_window &rArr; sync_window &rArr; disk_write &rArr; SD_WriteDisk &rArr; SD_WriteBlock &rArr; SD_Init &rArr; SD_EnableWideBusOperation &rArr; SDEnWideBus &rArr; FindSCR &rArr; CmdResp1Error
</UL>
<BR>[Calls]<UL><LI><a href="#[8d]">&gt;&gt;</a>&nbsp;&nbsp;&nbsp;f_mount
<LI><a href="#[8e]">&gt;&gt;</a>&nbsp;&nbsp;&nbsp;f_close
<LI><a href="#[8f]">&gt;&gt;</a>&nbsp;&nbsp;&nbsp;GUI_Clear
<LI><a href="#[8a]">&gt;&gt;</a>&nbsp;&nbsp;&nbsp;myf_init
<LI><a href="#[74]">&gt;&gt;</a>&nbsp;&nbsp;&nbsp;f_open
<LI><a href="#[66]">&gt;&gt;</a>&nbsp;&nbsp;&nbsp;GUI_PutStringAt
<LI><a href="#[65]">&gt;&gt;</a>&nbsp;&nbsp;&nbsp;DelayMs
<LI><a href="#[8c]">&gt;&gt;</a>&nbsp;&nbsp;&nbsp;__2printf
</UL>
<BR>[Called By]<UL><LI><a href="#[38]">&gt;&gt;</a>&nbsp;&nbsp;&nbsp;main
</UL>

<P><STRONG><a name="[77]"></a>ReadFile</STRONG> (Thumb, 84 bytes, Stack size 8 bytes, sd.o(.text))
<BR><BR>[Stack]<UL><LI>Max Depth = 400<LI>Call Chain = ReadFile &rArr; f_read &rArr; get_fat &rArr; move_window &rArr; sync_window &rArr; disk_write &rArr; SD_WriteDisk &rArr; SD_WriteBlock &rArr; SD_Init &rArr; SD_EnableWideBusOperation &rArr; SDEnWideBus &rArr; FindSCR &rArr; CmdResp1Error
</UL>
<BR>[Calls]<UL><LI><a href="#[90]">&gt;&gt;</a>&nbsp;&nbsp;&nbsp;f_read
</UL>
<BR>[Called By]<UL><LI><a href="#[6c]">&gt;&gt;</a>&nbsp;&nbsp;&nbsp;ReadOneLine
<LI><a href="#[70]">&gt;&gt;</a>&nbsp;&nbsp;&nbsp;FileLoad
</UL>

<P><STRONG><a name="[6c]"></a>ReadOneLine</STRONG> (Thumb, 156 bytes, Stack size 8 bytes, sd.o(.text))
<BR><BR>[Stack]<UL><LI>Max Depth = 408<LI>Call Chain = ReadOneLine &rArr; ReadFile &rArr; f_read &rArr; get_fat &rArr; move_window &rArr; sync_window &rArr; disk_write &rArr; SD_WriteDisk &rArr; SD_WriteBlock &rArr; SD_Init &rArr; SD_EnableWideBusOperation &rArr; SDEnWideBus &rArr; FindSCR &rArr; CmdResp1Error
</UL>
<BR>[Calls]<UL><LI><a href="#[77]">&gt;&gt;</a>&nbsp;&nbsp;&nbsp;ReadFile
</UL>
<BR>[Called By]<UL><LI><a href="#[70]">&gt;&gt;</a>&nbsp;&nbsp;&nbsp;FileLoad
<LI><a href="#[6b]">&gt;&gt;</a>&nbsp;&nbsp;&nbsp;DK_File_Start
</UL>

<P><STRONG><a name="[91]"></a>read_s32</STRONG> (Thumb, 300 bytes, Stack size 80 bytes, g_code.o(.text), UNUSED)
<BR><BR>[Calls]<UL><LI><a href="#[92]">&gt;&gt;</a>&nbsp;&nbsp;&nbsp;__aeabi_i2d
<LI><a href="#[96]">&gt;&gt;</a>&nbsp;&nbsp;&nbsp;__aeabi_dmul
<LI><a href="#[94]">&gt;&gt;</a>&nbsp;&nbsp;&nbsp;__aeabi_ddiv
<LI><a href="#[95]">&gt;&gt;</a>&nbsp;&nbsp;&nbsp;__aeabi_d2iz
<LI><a href="#[93]">&gt;&gt;</a>&nbsp;&nbsp;&nbsp;pow
</UL>

<P><STRONG><a name="[97]"></a>read_Str_s32</STRONG> (Thumb, 394 bytes, Stack size 80 bytes, g_code.o(.text))
<BR><BR>[Stack]<UL><LI>Max Depth = 320<LI>Call Chain = read_Str_s32 &rArr; pow &rArr; __kernel_poly &rArr; __aeabi_dmul &rArr; _double_epilogue &rArr; _double_round
</UL>
<BR>[Calls]<UL><LI><a href="#[92]">&gt;&gt;</a>&nbsp;&nbsp;&nbsp;__aeabi_i2d
<LI><a href="#[94]">&gt;&gt;</a>&nbsp;&nbsp;&nbsp;__aeabi_ddiv
<LI><a href="#[95]">&gt;&gt;</a>&nbsp;&nbsp;&nbsp;__aeabi_d2iz
<LI><a href="#[93]">&gt;&gt;</a>&nbsp;&nbsp;&nbsp;pow
</UL>
<BR>[Called By]<UL><LI><a href="#[98]">&gt;&gt;</a>&nbsp;&nbsp;&nbsp;next_statement
</UL>

<P><STRONG><a name="[6d]"></a>TransformGCode</STRONG> (Thumb, 898 bytes, Stack size 56 bytes, g_code.o(.text))
<BR><BR>[Stack]<UL><LI>Max Depth = 400<LI>Call Chain = TransformGCode &rArr; next_statement &rArr; read_Str_s32 &rArr; pow &rArr; __kernel_poly &rArr; __aeabi_dmul &rArr; _double_epilogue &rArr; _double_round
</UL>
<BR>[Calls]<UL><LI><a href="#[9a]">&gt;&gt;</a>&nbsp;&nbsp;&nbsp;mymemset
<LI><a href="#[92]">&gt;&gt;</a>&nbsp;&nbsp;&nbsp;__aeabi_i2d
<LI><a href="#[9b]">&gt;&gt;</a>&nbsp;&nbsp;&nbsp;__aeabi_dadd
<LI><a href="#[95]">&gt;&gt;</a>&nbsp;&nbsp;&nbsp;__aeabi_d2iz
<LI><a href="#[99]">&gt;&gt;</a>&nbsp;&nbsp;&nbsp;to_millimeters
<LI><a href="#[98]">&gt;&gt;</a>&nbsp;&nbsp;&nbsp;next_statement
</UL>
<BR>[Called By]<UL><LI><a href="#[70]">&gt;&gt;</a>&nbsp;&nbsp;&nbsp;FileLoad
<LI><a href="#[6b]">&gt;&gt;</a>&nbsp;&nbsp;&nbsp;DK_File_Start
</UL>

<P><STRONG><a name="[9d]"></a>Get_ZB</STRONG> (Thumb, 24 bytes, Stack size 0 bytes, tft_control.o(.text))
<BR><BR>[Called By]<UL><LI><a href="#[9c]">&gt;&gt;</a>&nbsp;&nbsp;&nbsp;InitShowTFT
<LI><a href="#[6e]">&gt;&gt;</a>&nbsp;&nbsp;&nbsp;ShowRun
</UL>

<P><STRONG><a name="[9c]"></a>InitShowTFT</STRONG> (Thumb, 32 bytes, Stack size 12 bytes, tft_control.o(.text), UNUSED)
<BR><BR>[Calls]<UL><LI><a href="#[9d]">&gt;&gt;</a>&nbsp;&nbsp;&nbsp;Get_ZB
</UL>

<P><STRONG><a name="[6e]"></a>ShowRun</STRONG> (Thumb, 222 bytes, Stack size 24 bytes, tft_control.o(.text))
<BR><BR>[Stack]<UL><LI>Max Depth = 144<LI>Call Chain = ShowRun &rArr; GUI_DrawLine &rArr; GUI_SetPoint &rArr; LCD_SetPoint &rArr; LCD_SetCursor
</UL>
<BR>[Calls]<UL><LI><a href="#[9e]">&gt;&gt;</a>&nbsp;&nbsp;&nbsp;GUI_DrawLine
<LI><a href="#[9d]">&gt;&gt;</a>&nbsp;&nbsp;&nbsp;Get_ZB
</UL>
<BR>[Called By]<UL><LI><a href="#[70]">&gt;&gt;</a>&nbsp;&nbsp;&nbsp;FileLoad
<LI><a href="#[6b]">&gt;&gt;</a>&nbsp;&nbsp;&nbsp;DK_File_Start
</UL>

<P><STRONG><a name="[9f]"></a>MotoGotoZero</STRONG> (Thumb, 28 bytes, Stack size 8 bytes, page_main.o(.text))
<BR><BR>[Stack]<UL><LI>Max Depth = 16<LI>Call Chain = MotoGotoZero &rArr; Send_DK_Action
</UL>
<BR>[Calls]<UL><LI><a href="#[69]">&gt;&gt;</a>&nbsp;&nbsp;&nbsp;Send_DK_Action
</UL>
<BR>[Address Reference Count : 1]<UL><LI> page_main.o(.text)
</UL>
<P><STRONG><a name="[a0]"></a>MainMotoStop</STRONG> (Thumb, 28 bytes, Stack size 8 bytes, page_main.o(.text))
<BR><BR>[Stack]<UL><LI>Max Depth = 16<LI>Call Chain = MainMotoStop &rArr; Send_DK_Action
</UL>
<BR>[Calls]<UL><LI><a href="#[69]">&gt;&gt;</a>&nbsp;&nbsp;&nbsp;Send_DK_Action
</UL>
<BR>[Address Reference Count : 1]<UL><LI> page_main.o(.text)
</UL>
<P><STRONG><a name="[7e]"></a>InitMenu</STRONG> (Thumb, 222 bytes, Stack size 8 bytes, page_main.o(.text))
<BR><BR>[Stack]<UL><LI>Max Depth = 28<LI>Call Chain = InitMenu &rArr; malloc
</UL>
<BR>[Calls]<UL><LI><a href="#[a1]">&gt;&gt;</a>&nbsp;&nbsp;&nbsp;malloc
</UL>
<BR>[Called By]<UL><LI><a href="#[3b]">&gt;&gt;</a>&nbsp;&nbsp;&nbsp;ShowTask
</UL>

<P><STRONG><a name="[41]"></a>Init_MainPage</STRONG> (Thumb, 158 bytes, Stack size 16 bytes, page_main.o(.text))
<BR><BR>[Stack]<UL><LI>Max Depth = 816<LI>Call Chain = Init_MainPage &rArr; GUI_PutStringAt &rArr; GUI_ShowStringAt &rArr; GUI_PutGBChar &rArr; Get_Hz_SD &rArr; f_open &rArr; dir_register &rArr; dir_find &rArr; dir_next &rArr; create_chain &rArr; put_fat &rArr; move_window &rArr; sync_window &rArr; disk_write &rArr; SD_WriteDisk &rArr; SD_WriteBlock &rArr; SD_Init &rArr; SD_EnableWideBusOperation &rArr; SDEnWideBus &rArr; FindSCR &rArr; CmdResp1Error
</UL>
<BR>[Calls]<UL><LI><a href="#[a6]">&gt;&gt;</a>&nbsp;&nbsp;&nbsp;GUI_SetCurrentMenus
<LI><a href="#[a5]">&gt;&gt;</a>&nbsp;&nbsp;&nbsp;GUI_MenuCreateAsChild
<LI><a href="#[a4]">&gt;&gt;</a>&nbsp;&nbsp;&nbsp;GUI_LableSetDate
<LI><a href="#[a3]">&gt;&gt;</a>&nbsp;&nbsp;&nbsp;GUI_LableCreateAsChild
<LI><a href="#[a2]">&gt;&gt;</a>&nbsp;&nbsp;&nbsp;GUI_FormReset
<LI><a href="#[66]">&gt;&gt;</a>&nbsp;&nbsp;&nbsp;GUI_PutStringAt
<LI><a href="#[69]">&gt;&gt;</a>&nbsp;&nbsp;&nbsp;Send_DK_Action
</UL>
<BR>[Called By]<UL><LI><a href="#[e6]">&gt;&gt;</a>&nbsp;&nbsp;&nbsp;Page_SpeedSetOK
<LI><a href="#[d6]">&gt;&gt;</a>&nbsp;&nbsp;&nbsp;SetTimeReturn
<LI><a href="#[cc]">&gt;&gt;</a>&nbsp;&nbsp;&nbsp;SetDateReturn
<LI><a href="#[c2]">&gt;&gt;</a>&nbsp;&nbsp;&nbsp;Show_CN_Return
<LI><a href="#[a7]">&gt;&gt;</a>&nbsp;&nbsp;&nbsp;Page_DW_Return
<LI><a href="#[3b]">&gt;&gt;</a>&nbsp;&nbsp;&nbsp;ShowTask
<LI><a href="#[3a]">&gt;&gt;</a>&nbsp;&nbsp;&nbsp;FileTask
</UL>
<BR>[Address Reference Count : 1]<UL><LI> page_setsys.o(.text)
</UL>
<P><STRONG><a name="[7f]"></a>Page_Routine</STRONG> (Thumb, 42 bytes, Stack size 8 bytes, page_main.o(.text))
<BR><BR>[Stack]<UL><LI>Max Depth = 24<LI>Call Chain = Page_Routine &rArr; GUI_LableSetDate
</UL>
<BR>[Calls]<UL><LI><a href="#[a4]">&gt;&gt;</a>&nbsp;&nbsp;&nbsp;GUI_LableSetDate
<LI><a href="#[69]">&gt;&gt;</a>&nbsp;&nbsp;&nbsp;Send_DK_Action
</UL>
<BR>[Called By]<UL><LI><a href="#[3b]">&gt;&gt;</a>&nbsp;&nbsp;&nbsp;ShowTask
</UL>

<P><STRONG><a name="[ac]"></a>DW_Up</STRONG> (Thumb, 18 bytes, Stack size 0 bytes, page_dingwei.o(.text))
<BR>[Address Reference Count : 1]<UL><LI> page_dingwei.o(.text)
</UL>
<P><STRONG><a name="[ab]"></a>DW_ZS_Down</STRONG> (Thumb, 14 bytes, Stack size 0 bytes, page_dingwei.o(.text))
<BR>[Address Reference Count : 1]<UL><LI> page_dingwei.o(.text)
</UL>
<P><STRONG><a name="[ad]"></a>DW_S_Down</STRONG> (Thumb, 14 bytes, Stack size 0 bytes, page_dingwei.o(.text))
<BR>[Address Reference Count : 1]<UL><LI> page_dingwei.o(.text)
</UL>
<P><STRONG><a name="[ae]"></a>DW_YS_Down</STRONG> (Thumb, 14 bytes, Stack size 0 bytes, page_dingwei.o(.text))
<BR>[Address Reference Count : 1]<UL><LI> page_dingwei.o(.text)
</UL>
<P><STRONG><a name="[af]"></a>DW_Z_Down</STRONG> (Thumb, 14 bytes, Stack size 0 bytes, page_dingwei.o(.text))
<BR>[Address Reference Count : 1]<UL><LI> page_dingwei.o(.text)
</UL>
<P><STRONG><a name="[b1]"></a>DW_Y_Down</STRONG> (Thumb, 14 bytes, Stack size 0 bytes, page_dingwei.o(.text))
<BR>[Address Reference Count : 1]<UL><LI> page_dingwei.o(.text)
</UL>
<P><STRONG><a name="[b2]"></a>DW_ZX_Down</STRONG> (Thumb, 14 bytes, Stack size 0 bytes, page_dingwei.o(.text))
<BR>[Address Reference Count : 1]<UL><LI> page_dingwei.o(.text)
</UL>
<P><STRONG><a name="[b3]"></a>DW_X_Down</STRONG> (Thumb, 14 bytes, Stack size 0 bytes, page_dingwei.o(.text))
<BR>[Address Reference Count : 1]<UL><LI> page_dingwei.o(.text)
</UL>
<P><STRONG><a name="[b4]"></a>DW_YX_Down</STRONG> (Thumb, 14 bytes, Stack size 0 bytes, page_dingwei.o(.text))
<BR>[Address Reference Count : 1]<UL><LI> page_dingwei.o(.text)
</UL>
<P><STRONG><a name="[b0]"></a>DW_XY_0</STRONG> (Thumb, 14 bytes, Stack size 0 bytes, page_dingwei.o(.text))
<BR>[Address Reference Count : 1]<UL><LI> page_dingwei.o(.text)
</UL>
<P><STRONG><a name="[b6]"></a>DW_Z_Dn_Down</STRONG> (Thumb, 14 bytes, Stack size 0 bytes, page_dingwei.o(.text))
<BR>[Address Reference Count : 1]<UL><LI> page_dingwei.o(.text)
</UL>
<P><STRONG><a name="[b5]"></a>DW_Z_Up_Down</STRONG> (Thumb, 14 bytes, Stack size 0 bytes, page_dingwei.o(.text))
<BR>[Address Reference Count : 1]<UL><LI> page_dingwei.o(.text)
</UL>
<P><STRONG><a name="[b7]"></a>DW_Z_0</STRONG> (Thumb, 14 bytes, Stack size 0 bytes, page_dingwei.o(.text))
<BR>[Address Reference Count : 1]<UL><LI> page_dingwei.o(.text)
</UL>
<P><STRONG><a name="[b8]"></a>DW_MainMotoOn</STRONG> (Thumb, 10 bytes, Stack size 0 bytes, page_dingwei.o(.text))
<BR>[Address Reference Count : 1]<UL><LI> page_dingwei.o(.text)
</UL>
<P><STRONG><a name="[b9]"></a>DW_MainMotoOff</STRONG> (Thumb, 10 bytes, Stack size 0 bytes, page_dingwei.o(.text))
<BR>[Address Reference Count : 1]<UL><LI> page_dingwei.o(.text)
</UL>
<P><STRONG><a name="[a7]"></a>Page_DW_Return</STRONG> (Thumb, 32 bytes, Stack size 8 bytes, page_dingwei.o(.text))
<BR><BR>[Stack]<UL><LI>Max Depth = 824<LI>Call Chain = Page_DW_Return &rArr; Init_MainPage &rArr; GUI_PutStringAt &rArr; GUI_ShowStringAt &rArr; GUI_PutGBChar &rArr; Get_Hz_SD &rArr; f_open &rArr; dir_register &rArr; dir_find &rArr; dir_next &rArr; create_chain &rArr; put_fat &rArr; move_window &rArr; sync_window &rArr; disk_write &rArr; SD_WriteDisk &rArr; SD_WriteBlock &rArr; SD_Init &rArr; SD_EnableWideBusOperation &rArr; SDEnWideBus &rArr; FindSCR &rArr; CmdResp1Error
</UL>
<BR>[Calls]<UL><LI><a href="#[41]">&gt;&gt;</a>&nbsp;&nbsp;&nbsp;Init_MainPage
<LI><a href="#[69]">&gt;&gt;</a>&nbsp;&nbsp;&nbsp;Send_DK_Action
</UL>
<BR>[Address Reference Count : 1]<UL><LI> page_dingwei.o(.text)
</UL>
<P><STRONG><a name="[3c]"></a>Page_DingWei</STRONG> (Thumb, 960 bytes, Stack size 16 bytes, page_dingwei.o(.text))
<BR><BR>[Stack]<UL><LI>Max Depth = 816<LI>Call Chain = Page_DingWei &rArr; GUI_PutStringAt &rArr; GUI_ShowStringAt &rArr; GUI_PutGBChar &rArr; Get_Hz_SD &rArr; f_open &rArr; dir_register &rArr; dir_find &rArr; dir_next &rArr; create_chain &rArr; put_fat &rArr; move_window &rArr; sync_window &rArr; disk_write &rArr; SD_WriteDisk &rArr; SD_WriteBlock &rArr; SD_Init &rArr; SD_EnableWideBusOperation &rArr; SDEnWideBus &rArr; FindSCR &rArr; CmdResp1Error
</UL>
<BR>[Calls]<UL><LI><a href="#[a8]">&gt;&gt;</a>&nbsp;&nbsp;&nbsp;GUI_FormDeleteAllChild
<LI><a href="#[aa]">&gt;&gt;</a>&nbsp;&nbsp;&nbsp;GUI_ButtonSetString
<LI><a href="#[a9]">&gt;&gt;</a>&nbsp;&nbsp;&nbsp;GUI_ButtonCreateAsChild
<LI><a href="#[8f]">&gt;&gt;</a>&nbsp;&nbsp;&nbsp;GUI_Clear
<LI><a href="#[66]">&gt;&gt;</a>&nbsp;&nbsp;&nbsp;GUI_PutStringAt
<LI><a href="#[69]">&gt;&gt;</a>&nbsp;&nbsp;&nbsp;Send_DK_Action
</UL>
<BR>[Address Reference Count : 1]<UL><LI> page_main.o(.text)
</UL>
<P><STRONG><a name="[80]"></a>Page_DingWei_Routine</STRONG> (Thumb, 88 bytes, Stack size 8 bytes, page_dingwei.o(.text))
<BR><BR>[Stack]<UL><LI>Max Depth = 32<LI>Call Chain = Page_DingWei_Routine &rArr; Send_DW
</UL>
<BR>[Calls]<UL><LI><a href="#[ba]">&gt;&gt;</a>&nbsp;&nbsp;&nbsp;Send_DW
</UL>
<BR>[Called By]<UL><LI><a href="#[3b]">&gt;&gt;</a>&nbsp;&nbsp;&nbsp;ShowTask
</UL>

<P><STRONG><a name="[3d]"></a>FileSelectShow</STRONG> (Thumb, 56 bytes, Stack size 16 bytes, page_fileselect.o(.text))
<BR><BR>[Stack]<UL><LI>Max Depth = 112<LI>Call Chain = FileSelectShow &rArr; GUI_FileListCreateAsChild &rArr; GUI_ScrollbarCreate &rArr; mymalloc &rArr; mem_malloc
</UL>
<BR>[Calls]<UL><LI><a href="#[bb]">&gt;&gt;</a>&nbsp;&nbsp;&nbsp;GUI_FileListCreateAsChild
<LI><a href="#[a8]">&gt;&gt;</a>&nbsp;&nbsp;&nbsp;GUI_FormDeleteAllChild
<LI><a href="#[8f]">&gt;&gt;</a>&nbsp;&nbsp;&nbsp;GUI_Clear
</UL>
<BR>[Address Reference Count : 1]<UL><LI> page_main.o(.text)
</UL>
<P><STRONG><a name="[bc]"></a>Show_CN_Start</STRONG> (Thumb, 30 bytes, Stack size 8 bytes, page_showcn.o(.text))
<BR><BR>[Stack]<UL><LI>Max Depth = 8<LI>Call Chain = Show_CN_Start
</UL>
<BR>[Calls]<UL><LI><a href="#[bd]">&gt;&gt;</a>&nbsp;&nbsp;&nbsp;GUI_LampSetON
<LI><a href="#[be]">&gt;&gt;</a>&nbsp;&nbsp;&nbsp;GUI_LampSetOFF
</UL>
<BR>[Address Reference Count : 1]<UL><LI> page_showcn.o(.text)
</UL>
<P><STRONG><a name="[bf]"></a>Show_CN_Step</STRONG> (Thumb, 46 bytes, Stack size 8 bytes, page_showcn.o(.text))
<BR><BR>[Stack]<UL><LI>Max Depth = 8<LI>Call Chain = Show_CN_Step
</UL>
<BR>[Calls]<UL><LI><a href="#[bd]">&gt;&gt;</a>&nbsp;&nbsp;&nbsp;GUI_LampSetON
<LI><a href="#[be]">&gt;&gt;</a>&nbsp;&nbsp;&nbsp;GUI_LampSetOFF
</UL>
<BR>[Address Reference Count : 1]<UL><LI> page_showcn.o(.text)
</UL>
<P><STRONG><a name="[c0]"></a>Show_CN_Pause</STRONG> (Thumb, 30 bytes, Stack size 8 bytes, page_showcn.o(.text))
<BR><BR>[Stack]<UL><LI>Max Depth = 8<LI>Call Chain = Show_CN_Pause
</UL>
<BR>[Calls]<UL><LI><a href="#[bd]">&gt;&gt;</a>&nbsp;&nbsp;&nbsp;GUI_LampSetON
<LI><a href="#[be]">&gt;&gt;</a>&nbsp;&nbsp;&nbsp;GUI_LampSetOFF
</UL>
<BR>[Address Reference Count : 1]<UL><LI> page_showcn.o(.text)
</UL>
<P><STRONG><a name="[c1]"></a>Show_CN_Stop</STRONG> (Thumb, 66 bytes, Stack size 8 bytes, page_showcn.o(.text))
<BR><BR>[Stack]<UL><LI>Max Depth = 8<LI>Call Chain = Show_CN_Stop
</UL>
<BR>[Calls]<UL><LI><a href="#[bd]">&gt;&gt;</a>&nbsp;&nbsp;&nbsp;GUI_LampSetON
<LI><a href="#[be]">&gt;&gt;</a>&nbsp;&nbsp;&nbsp;GUI_LampSetOFF
</UL>
<BR>[Address Reference Count : 1]<UL><LI> page_showcn.o(.text)
</UL>
<P><STRONG><a name="[c6]"></a>Set_Z_Zero_Up</STRONG> (Thumb, 2 bytes, Stack size 0 bytes, page_showcn.o(.text))
<BR>[Address Reference Count : 1]<UL><LI> page_showcn.o(.text)
</UL>
<P><STRONG><a name="[c7]"></a>Set_Z_Zero_Dn</STRONG> (Thumb, 2 bytes, Stack size 0 bytes, page_showcn.o(.text))
<BR>[Address Reference Count : 1]<UL><LI> page_showcn.o(.text)
</UL>
<P><STRONG><a name="[c2]"></a>Show_CN_Return</STRONG> (Thumb, 54 bytes, Stack size 8 bytes, page_showcn.o(.text))
<BR><BR>[Stack]<UL><LI>Max Depth = 824<LI>Call Chain = Show_CN_Return &rArr; Init_MainPage &rArr; GUI_PutStringAt &rArr; GUI_ShowStringAt &rArr; GUI_PutGBChar &rArr; Get_Hz_SD &rArr; f_open &rArr; dir_register &rArr; dir_find &rArr; dir_next &rArr; create_chain &rArr; put_fat &rArr; move_window &rArr; sync_window &rArr; disk_write &rArr; SD_WriteDisk &rArr; SD_WriteBlock &rArr; SD_Init &rArr; SD_EnableWideBusOperation &rArr; SDEnWideBus &rArr; FindSCR &rArr; CmdResp1Error
</UL>
<BR>[Calls]<UL><LI><a href="#[8e]">&gt;&gt;</a>&nbsp;&nbsp;&nbsp;f_close
<LI><a href="#[41]">&gt;&gt;</a>&nbsp;&nbsp;&nbsp;Init_MainPage
<LI><a href="#[69]">&gt;&gt;</a>&nbsp;&nbsp;&nbsp;Send_DK_Action
</UL>
<BR>[Address Reference Count : 1]<UL><LI> page_showcn.o(.text)
</UL>
<P><STRONG><a name="[c5]"></a>Show_CN_COM_Online</STRONG> (Thumb, 2 bytes, Stack size 0 bytes, page_showcn.o(.text))
<BR>[Address Reference Count : 1]<UL><LI> page_showcn.o(.text)
</UL>
<P><STRONG><a name="[c3]"></a>InitShow_CN</STRONG> (Thumb, 500 bytes, Stack size 16 bytes, page_showcn.o(.text))
<BR><BR>[Stack]<UL><LI>Max Depth = 104<LI>Call Chain = InitShow_CN &rArr; GUI_Clear &rArr; GUI_SetWindows &rArr; LCD_SetWindows &rArr; LCD_SetCursor
</UL>
<BR>[Calls]<UL><LI><a href="#[bd]">&gt;&gt;</a>&nbsp;&nbsp;&nbsp;GUI_LampSetON
<LI><a href="#[be]">&gt;&gt;</a>&nbsp;&nbsp;&nbsp;GUI_LampSetOFF
<LI><a href="#[c8]">&gt;&gt;</a>&nbsp;&nbsp;&nbsp;GUI_LampCreateAsChild
<LI><a href="#[c4]">&gt;&gt;</a>&nbsp;&nbsp;&nbsp;GUI_LEDCreateAsChild
<LI><a href="#[a8]">&gt;&gt;</a>&nbsp;&nbsp;&nbsp;GUI_FormDeleteAllChild
<LI><a href="#[aa]">&gt;&gt;</a>&nbsp;&nbsp;&nbsp;GUI_ButtonSetString
<LI><a href="#[a9]">&gt;&gt;</a>&nbsp;&nbsp;&nbsp;GUI_ButtonCreateAsChild
<LI><a href="#[8f]">&gt;&gt;</a>&nbsp;&nbsp;&nbsp;GUI_Clear
<LI><a href="#[69]">&gt;&gt;</a>&nbsp;&nbsp;&nbsp;Send_DK_Action
</UL>
<BR>[Called By]<UL><LI><a href="#[c9]">&gt;&gt;</a>&nbsp;&nbsp;&nbsp;Page_DK_Comm
<LI><a href="#[76]">&gt;&gt;</a>&nbsp;&nbsp;&nbsp;Page_DK_File
</UL>

<P><STRONG><a name="[76]"></a>Page_DK_File</STRONG> (Thumb, 16 bytes, Stack size 8 bytes, page_showcn.o(.text))
<BR><BR>[Stack]<UL><LI>Max Depth = 112<LI>Call Chain = Page_DK_File &rArr; InitShow_CN &rArr; GUI_Clear &rArr; GUI_SetWindows &rArr; LCD_SetWindows &rArr; LCD_SetCursor
</UL>
<BR>[Calls]<UL><LI><a href="#[c3]">&gt;&gt;</a>&nbsp;&nbsp;&nbsp;InitShow_CN
</UL>
<BR>[Called By]<UL><LI><a href="#[70]">&gt;&gt;</a>&nbsp;&nbsp;&nbsp;FileLoad
</UL>

<P><STRONG><a name="[c9]"></a>Page_DK_Comm</STRONG> (Thumb, 14 bytes, Stack size 8 bytes, page_showcn.o(.text), UNUSED)
<BR><BR>[Calls]<UL><LI><a href="#[c3]">&gt;&gt;</a>&nbsp;&nbsp;&nbsp;InitShow_CN
</UL>

<P><STRONG><a name="[ca]"></a>Page_ShowCN_Routine</STRONG> (Thumb, 16 bytes, Stack size 8 bytes, page_showcn.o(.text), UNUSED)
<BR><BR>[Calls]<UL><LI><a href="#[cb]">&gt;&gt;</a>&nbsp;&nbsp;&nbsp;GUI_LEDSetValue
</UL>

<P><STRONG><a name="[cc]"></a>SetDateReturn</STRONG> (Thumb, 14 bytes, Stack size 8 bytes, page_setdate.o(.text))
<BR><BR>[Stack]<UL><LI>Max Depth = 824<LI>Call Chain = SetDateReturn &rArr; Init_MainPage &rArr; GUI_PutStringAt &rArr; GUI_ShowStringAt &rArr; GUI_PutGBChar &rArr; Get_Hz_SD &rArr; f_open &rArr; dir_register &rArr; dir_find &rArr; dir_next &rArr; create_chain &rArr; put_fat &rArr; move_window &rArr; sync_window &rArr; disk_write &rArr; SD_WriteDisk &rArr; SD_WriteBlock &rArr; SD_Init &rArr; SD_EnableWideBusOperation &rArr; SDEnWideBus &rArr; FindSCR &rArr; CmdResp1Error
</UL>
<BR>[Calls]<UL><LI><a href="#[41]">&gt;&gt;</a>&nbsp;&nbsp;&nbsp;Init_MainPage
</UL>
<BR>[Called By]<UL><LI><a href="#[d4]">&gt;&gt;</a>&nbsp;&nbsp;&nbsp;DateOK
</UL>
<BR>[Address Reference Count : 1]<UL><LI> page_setdate.o(.text)
</UL>
<P><STRONG><a name="[cd]"></a>DateUp</STRONG> (Thumb, 56 bytes, Stack size 8 bytes, page_setdate.o(.text))
<BR><BR>[Stack]<UL><LI>Max Depth = 176<LI>Call Chain = DateUp &rArr; GUI_DispDecAt &rArr; GUI_PutChar &rArr; GUI_SetWindows &rArr; LCD_SetWindows &rArr; LCD_SetCursor
</UL>
<BR>[Calls]<UL><LI><a href="#[ce]">&gt;&gt;</a>&nbsp;&nbsp;&nbsp;GUI_DispDecAt
</UL>
<BR>[Address Reference Count : 1]<UL><LI> page_setdate.o(.text)
</UL>
<P><STRONG><a name="[cf]"></a>DateDn</STRONG> (Thumb, 44 bytes, Stack size 8 bytes, page_setdate.o(.text))
<BR><BR>[Stack]<UL><LI>Max Depth = 176<LI>Call Chain = DateDn &rArr; GUI_DispDecAt &rArr; GUI_PutChar &rArr; GUI_SetWindows &rArr; LCD_SetWindows &rArr; LCD_SetCursor
</UL>
<BR>[Calls]<UL><LI><a href="#[ce]">&gt;&gt;</a>&nbsp;&nbsp;&nbsp;GUI_DispDecAt
</UL>
<BR>[Address Reference Count : 1]<UL><LI> page_setdate.o(.text)
</UL>
<P><STRONG><a name="[d0]"></a>MonthUp</STRONG> (Thumb, 44 bytes, Stack size 8 bytes, page_setdate.o(.text))
<BR><BR>[Stack]<UL><LI>Max Depth = 176<LI>Call Chain = MonthUp &rArr; GUI_DispDecAt &rArr; GUI_PutChar &rArr; GUI_SetWindows &rArr; LCD_SetWindows &rArr; LCD_SetCursor
</UL>
<BR>[Calls]<UL><LI><a href="#[ce]">&gt;&gt;</a>&nbsp;&nbsp;&nbsp;GUI_DispDecAt
</UL>
<BR>[Address Reference Count : 1]<UL><LI> page_setdate.o(.text)
</UL>
<P><STRONG><a name="[d1]"></a>MonthDn</STRONG> (Thumb, 44 bytes, Stack size 8 bytes, page_setdate.o(.text))
<BR><BR>[Stack]<UL><LI>Max Depth = 176<LI>Call Chain = MonthDn &rArr; GUI_DispDecAt &rArr; GUI_PutChar &rArr; GUI_SetWindows &rArr; LCD_SetWindows &rArr; LCD_SetCursor
</UL>
<BR>[Calls]<UL><LI><a href="#[ce]">&gt;&gt;</a>&nbsp;&nbsp;&nbsp;GUI_DispDecAt
</UL>
<BR>[Address Reference Count : 1]<UL><LI> page_setdate.o(.text)
</UL>
<P><STRONG><a name="[d2]"></a>YearUp</STRONG> (Thumb, 44 bytes, Stack size 8 bytes, page_setdate.o(.text))
<BR><BR>[Stack]<UL><LI>Max Depth = 176<LI>Call Chain = YearUp &rArr; GUI_DispDecAt &rArr; GUI_PutChar &rArr; GUI_SetWindows &rArr; LCD_SetWindows &rArr; LCD_SetCursor
</UL>
<BR>[Calls]<UL><LI><a href="#[ce]">&gt;&gt;</a>&nbsp;&nbsp;&nbsp;GUI_DispDecAt
</UL>
<BR>[Address Reference Count : 1]<UL><LI> page_setdate.o(.text)
</UL>
<P><STRONG><a name="[d3]"></a>YearDn</STRONG> (Thumb, 44 bytes, Stack size 8 bytes, page_setdate.o(.text))
<BR><BR>[Stack]<UL><LI>Max Depth = 176<LI>Call Chain = YearDn &rArr; GUI_DispDecAt &rArr; GUI_PutChar &rArr; GUI_SetWindows &rArr; LCD_SetWindows &rArr; LCD_SetCursor
</UL>
<BR>[Calls]<UL><LI><a href="#[ce]">&gt;&gt;</a>&nbsp;&nbsp;&nbsp;GUI_DispDecAt
</UL>
<BR>[Address Reference Count : 1]<UL><LI> page_setdate.o(.text)
</UL>
<P><STRONG><a name="[d4]"></a>DateOK</STRONG> (Thumb, 52 bytes, Stack size 16 bytes, page_setdate.o(.text))
<BR><BR>[Stack]<UL><LI>Max Depth = 840<LI>Call Chain = DateOK &rArr; SetDateReturn &rArr; Init_MainPage &rArr; GUI_PutStringAt &rArr; GUI_ShowStringAt &rArr; GUI_PutGBChar &rArr; Get_Hz_SD &rArr; f_open &rArr; dir_register &rArr; dir_find &rArr; dir_next &rArr; create_chain &rArr; put_fat &rArr; move_window &rArr; sync_window &rArr; disk_write &rArr; SD_WriteDisk &rArr; SD_WriteBlock &rArr; SD_Init &rArr; SD_EnableWideBusOperation &rArr; SDEnWideBus &rArr; FindSCR &rArr; CmdResp1Error
</UL>
<BR>[Calls]<UL><LI><a href="#[d5]">&gt;&gt;</a>&nbsp;&nbsp;&nbsp;RTC_Set
<LI><a href="#[cc]">&gt;&gt;</a>&nbsp;&nbsp;&nbsp;SetDateReturn
</UL>
<BR>[Address Reference Count : 1]<UL><LI> page_setdate.o(.text)
</UL>
<P><STRONG><a name="[40]"></a>Page_SetDate</STRONG> (Thumb, 526 bytes, Stack size 16 bytes, page_setdate.o(.text))
<BR><BR>[Stack]<UL><LI>Max Depth = 816<LI>Call Chain = Page_SetDate &rArr; GUI_PutStringAt &rArr; GUI_ShowStringAt &rArr; GUI_PutGBChar &rArr; Get_Hz_SD &rArr; f_open &rArr; dir_register &rArr; dir_find &rArr; dir_next &rArr; create_chain &rArr; put_fat &rArr; move_window &rArr; sync_window &rArr; disk_write &rArr; SD_WriteDisk &rArr; SD_WriteBlock &rArr; SD_Init &rArr; SD_EnableWideBusOperation &rArr; SDEnWideBus &rArr; FindSCR &rArr; CmdResp1Error
</UL>
<BR>[Calls]<UL><LI><a href="#[ce]">&gt;&gt;</a>&nbsp;&nbsp;&nbsp;GUI_DispDecAt
<LI><a href="#[a8]">&gt;&gt;</a>&nbsp;&nbsp;&nbsp;GUI_FormDeleteAllChild
<LI><a href="#[aa]">&gt;&gt;</a>&nbsp;&nbsp;&nbsp;GUI_ButtonSetString
<LI><a href="#[a9]">&gt;&gt;</a>&nbsp;&nbsp;&nbsp;GUI_ButtonCreateAsChild
<LI><a href="#[8f]">&gt;&gt;</a>&nbsp;&nbsp;&nbsp;GUI_Clear
<LI><a href="#[66]">&gt;&gt;</a>&nbsp;&nbsp;&nbsp;GUI_PutStringAt
</UL>
<BR>[Address Reference Count : 1]<UL><LI> page_main.o(.text)
</UL>
<P><STRONG><a name="[d6]"></a>SetTimeReturn</STRONG> (Thumb, 14 bytes, Stack size 8 bytes, page_settime.o(.text))
<BR><BR>[Stack]<UL><LI>Max Depth = 824<LI>Call Chain = SetTimeReturn &rArr; Init_MainPage &rArr; GUI_PutStringAt &rArr; GUI_ShowStringAt &rArr; GUI_PutGBChar &rArr; Get_Hz_SD &rArr; f_open &rArr; dir_register &rArr; dir_find &rArr; dir_next &rArr; create_chain &rArr; put_fat &rArr; move_window &rArr; sync_window &rArr; disk_write &rArr; SD_WriteDisk &rArr; SD_WriteBlock &rArr; SD_Init &rArr; SD_EnableWideBusOperation &rArr; SDEnWideBus &rArr; FindSCR &rArr; CmdResp1Error
</UL>
<BR>[Calls]<UL><LI><a href="#[41]">&gt;&gt;</a>&nbsp;&nbsp;&nbsp;Init_MainPage
</UL>
<BR>[Called By]<UL><LI><a href="#[dd]">&gt;&gt;</a>&nbsp;&nbsp;&nbsp;TimeOK
</UL>
<BR>[Address Reference Count : 1]<UL><LI> page_settime.o(.text)
</UL>
<P><STRONG><a name="[d7]"></a>HourUp</STRONG> (Thumb, 44 bytes, Stack size 8 bytes, page_settime.o(.text))
<BR><BR>[Stack]<UL><LI>Max Depth = 176<LI>Call Chain = HourUp &rArr; GUI_DispDecAt &rArr; GUI_PutChar &rArr; GUI_SetWindows &rArr; LCD_SetWindows &rArr; LCD_SetCursor
</UL>
<BR>[Calls]<UL><LI><a href="#[ce]">&gt;&gt;</a>&nbsp;&nbsp;&nbsp;GUI_DispDecAt
</UL>
<BR>[Address Reference Count : 1]<UL><LI> page_settime.o(.text)
</UL>
<P><STRONG><a name="[d8]"></a>HourDn</STRONG> (Thumb, 44 bytes, Stack size 8 bytes, page_settime.o(.text))
<BR><BR>[Stack]<UL><LI>Max Depth = 176<LI>Call Chain = HourDn &rArr; GUI_DispDecAt &rArr; GUI_PutChar &rArr; GUI_SetWindows &rArr; LCD_SetWindows &rArr; LCD_SetCursor
</UL>
<BR>[Calls]<UL><LI><a href="#[ce]">&gt;&gt;</a>&nbsp;&nbsp;&nbsp;GUI_DispDecAt
</UL>
<BR>[Address Reference Count : 1]<UL><LI> page_settime.o(.text)
</UL>
<P><STRONG><a name="[d9]"></a>MinUp</STRONG> (Thumb, 44 bytes, Stack size 8 bytes, page_settime.o(.text))
<BR><BR>[Stack]<UL><LI>Max Depth = 176<LI>Call Chain = MinUp &rArr; GUI_DispDecAt &rArr; GUI_PutChar &rArr; GUI_SetWindows &rArr; LCD_SetWindows &rArr; LCD_SetCursor
</UL>
<BR>[Calls]<UL><LI><a href="#[ce]">&gt;&gt;</a>&nbsp;&nbsp;&nbsp;GUI_DispDecAt
</UL>
<BR>[Address Reference Count : 1]<UL><LI> page_settime.o(.text)
</UL>
<P><STRONG><a name="[da]"></a>MinDn</STRONG> (Thumb, 44 bytes, Stack size 8 bytes, page_settime.o(.text))
<BR><BR>[Stack]<UL><LI>Max Depth = 176<LI>Call Chain = MinDn &rArr; GUI_DispDecAt &rArr; GUI_PutChar &rArr; GUI_SetWindows &rArr; LCD_SetWindows &rArr; LCD_SetCursor
</UL>
<BR>[Calls]<UL><LI><a href="#[ce]">&gt;&gt;</a>&nbsp;&nbsp;&nbsp;GUI_DispDecAt
</UL>
<BR>[Address Reference Count : 1]<UL><LI> page_settime.o(.text)
</UL>
<P><STRONG><a name="[db]"></a>SecUp</STRONG> (Thumb, 44 bytes, Stack size 8 bytes, page_settime.o(.text))
<BR><BR>[Stack]<UL><LI>Max Depth = 176<LI>Call Chain = SecUp &rArr; GUI_DispDecAt &rArr; GUI_PutChar &rArr; GUI_SetWindows &rArr; LCD_SetWindows &rArr; LCD_SetCursor
</UL>
<BR>[Calls]<UL><LI><a href="#[ce]">&gt;&gt;</a>&nbsp;&nbsp;&nbsp;GUI_DispDecAt
</UL>
<BR>[Address Reference Count : 1]<UL><LI> page_settime.o(.text)
</UL>
<P><STRONG><a name="[dc]"></a>SecDn</STRONG> (Thumb, 44 bytes, Stack size 8 bytes, page_settime.o(.text))
<BR><BR>[Stack]<UL><LI>Max Depth = 176<LI>Call Chain = SecDn &rArr; GUI_DispDecAt &rArr; GUI_PutChar &rArr; GUI_SetWindows &rArr; LCD_SetWindows &rArr; LCD_SetCursor
</UL>
<BR>[Calls]<UL><LI><a href="#[ce]">&gt;&gt;</a>&nbsp;&nbsp;&nbsp;GUI_DispDecAt
</UL>
<BR>[Address Reference Count : 1]<UL><LI> page_settime.o(.text)
</UL>
<P><STRONG><a name="[dd]"></a>TimeOK</STRONG> (Thumb, 52 bytes, Stack size 16 bytes, page_settime.o(.text))
<BR><BR>[Stack]<UL><LI>Max Depth = 840<LI>Call Chain = TimeOK &rArr; SetTimeReturn &rArr; Init_MainPage &rArr; GUI_PutStringAt &rArr; GUI_ShowStringAt &rArr; GUI_PutGBChar &rArr; Get_Hz_SD &rArr; f_open &rArr; dir_register &rArr; dir_find &rArr; dir_next &rArr; create_chain &rArr; put_fat &rArr; move_window &rArr; sync_window &rArr; disk_write &rArr; SD_WriteDisk &rArr; SD_WriteBlock &rArr; SD_Init &rArr; SD_EnableWideBusOperation &rArr; SDEnWideBus &rArr; FindSCR &rArr; CmdResp1Error
</UL>
<BR>[Calls]<UL><LI><a href="#[d6]">&gt;&gt;</a>&nbsp;&nbsp;&nbsp;SetTimeReturn
<LI><a href="#[d5]">&gt;&gt;</a>&nbsp;&nbsp;&nbsp;RTC_Set
</UL>
<BR>[Address Reference Count : 1]<UL><LI> page_settime.o(.text)
</UL>
<P><STRONG><a name="[3f]"></a>Page_SetTime</STRONG> (Thumb, 550 bytes, Stack size 16 bytes, page_settime.o(.text))
<BR><BR>[Stack]<UL><LI>Max Depth = 816<LI>Call Chain = Page_SetTime &rArr; GUI_PutStringAt &rArr; GUI_ShowStringAt &rArr; GUI_PutGBChar &rArr; Get_Hz_SD &rArr; f_open &rArr; dir_register &rArr; dir_find &rArr; dir_next &rArr; create_chain &rArr; put_fat &rArr; move_window &rArr; sync_window &rArr; disk_write &rArr; SD_WriteDisk &rArr; SD_WriteBlock &rArr; SD_Init &rArr; SD_EnableWideBusOperation &rArr; SDEnWideBus &rArr; FindSCR &rArr; CmdResp1Error
</UL>
<BR>[Calls]<UL><LI><a href="#[ce]">&gt;&gt;</a>&nbsp;&nbsp;&nbsp;GUI_DispDecAt
<LI><a href="#[a8]">&gt;&gt;</a>&nbsp;&nbsp;&nbsp;GUI_FormDeleteAllChild
<LI><a href="#[aa]">&gt;&gt;</a>&nbsp;&nbsp;&nbsp;GUI_ButtonSetString
<LI><a href="#[a9]">&gt;&gt;</a>&nbsp;&nbsp;&nbsp;GUI_ButtonCreateAsChild
<LI><a href="#[8f]">&gt;&gt;</a>&nbsp;&nbsp;&nbsp;GUI_Clear
<LI><a href="#[66]">&gt;&gt;</a>&nbsp;&nbsp;&nbsp;GUI_PutStringAt
</UL>
<BR>[Address Reference Count : 1]<UL><LI> page_main.o(.text)
</UL>
<P><STRONG><a name="[de]"></a>Page_Speed_Fast_U</STRONG> (Thumb, 42 bytes, Stack size 8 bytes, page_setsys.o(.text))
<BR><BR>[Stack]<UL><LI>Max Depth = 176<LI>Call Chain = Page_Speed_Fast_U &rArr; GUI_DispDecAt &rArr; GUI_PutChar &rArr; GUI_SetWindows &rArr; LCD_SetWindows &rArr; LCD_SetCursor
</UL>
<BR>[Calls]<UL><LI><a href="#[ce]">&gt;&gt;</a>&nbsp;&nbsp;&nbsp;GUI_DispDecAt
</UL>
<BR>[Address Reference Count : 1]<UL><LI> page_setsys.o(.text)
</UL>
<P><STRONG><a name="[df]"></a>Page_Speed_Fast_D</STRONG> (Thumb, 46 bytes, Stack size 8 bytes, page_setsys.o(.text))
<BR><BR>[Stack]<UL><LI>Max Depth = 176<LI>Call Chain = Page_Speed_Fast_D &rArr; GUI_DispDecAt &rArr; GUI_PutChar &rArr; GUI_SetWindows &rArr; LCD_SetWindows &rArr; LCD_SetCursor
</UL>
<BR>[Calls]<UL><LI><a href="#[ce]">&gt;&gt;</a>&nbsp;&nbsp;&nbsp;GUI_DispDecAt
</UL>
<BR>[Address Reference Count : 1]<UL><LI> page_setsys.o(.text)
</UL>
<P><STRONG><a name="[e0]"></a>Page_Speed_XY_U</STRONG> (Thumb, 42 bytes, Stack size 8 bytes, page_setsys.o(.text))
<BR><BR>[Stack]<UL><LI>Max Depth = 176<LI>Call Chain = Page_Speed_XY_U &rArr; GUI_DispDecAt &rArr; GUI_PutChar &rArr; GUI_SetWindows &rArr; LCD_SetWindows &rArr; LCD_SetCursor
</UL>
<BR>[Calls]<UL><LI><a href="#[ce]">&gt;&gt;</a>&nbsp;&nbsp;&nbsp;GUI_DispDecAt
</UL>
<BR>[Address Reference Count : 1]<UL><LI> page_setsys.o(.text)
</UL>
<P><STRONG><a name="[e1]"></a>Page_Speed_XY_D</STRONG> (Thumb, 46 bytes, Stack size 8 bytes, page_setsys.o(.text))
<BR><BR>[Stack]<UL><LI>Max Depth = 176<LI>Call Chain = Page_Speed_XY_D &rArr; GUI_DispDecAt &rArr; GUI_PutChar &rArr; GUI_SetWindows &rArr; LCD_SetWindows &rArr; LCD_SetCursor
</UL>
<BR>[Calls]<UL><LI><a href="#[ce]">&gt;&gt;</a>&nbsp;&nbsp;&nbsp;GUI_DispDecAt
</UL>
<BR>[Address Reference Count : 1]<UL><LI> page_setsys.o(.text)
</UL>
<P><STRONG><a name="[e2]"></a>Page_Speed_Z_U</STRONG> (Thumb, 42 bytes, Stack size 8 bytes, page_setsys.o(.text))
<BR><BR>[Stack]<UL><LI>Max Depth = 176<LI>Call Chain = Page_Speed_Z_U &rArr; GUI_DispDecAt &rArr; GUI_PutChar &rArr; GUI_SetWindows &rArr; LCD_SetWindows &rArr; LCD_SetCursor
</UL>
<BR>[Calls]<UL><LI><a href="#[ce]">&gt;&gt;</a>&nbsp;&nbsp;&nbsp;GUI_DispDecAt
</UL>
<BR>[Address Reference Count : 1]<UL><LI> page_setsys.o(.text)
</UL>
<P><STRONG><a name="[e3]"></a>Page_Speed_Z_D</STRONG> (Thumb, 46 bytes, Stack size 8 bytes, page_setsys.o(.text))
<BR><BR>[Stack]<UL><LI>Max Depth = 176<LI>Call Chain = Page_Speed_Z_D &rArr; GUI_DispDecAt &rArr; GUI_PutChar &rArr; GUI_SetWindows &rArr; LCD_SetWindows &rArr; LCD_SetCursor
</UL>
<BR>[Calls]<UL><LI><a href="#[ce]">&gt;&gt;</a>&nbsp;&nbsp;&nbsp;GUI_DispDecAt
</UL>
<BR>[Address Reference Count : 1]<UL><LI> page_setsys.o(.text)
</UL>
<P><STRONG><a name="[e4]"></a>TFTShowSizeUp</STRONG> (Thumb, 40 bytes, Stack size 8 bytes, page_setsys.o(.text))
<BR><BR>[Stack]<UL><LI>Max Depth = 176<LI>Call Chain = TFTShowSizeUp &rArr; GUI_DispDecAt &rArr; GUI_PutChar &rArr; GUI_SetWindows &rArr; LCD_SetWindows &rArr; LCD_SetCursor
</UL>
<BR>[Calls]<UL><LI><a href="#[ce]">&gt;&gt;</a>&nbsp;&nbsp;&nbsp;GUI_DispDecAt
</UL>
<BR>[Address Reference Count : 1]<UL><LI> page_setsys.o(.text)
</UL>
<P><STRONG><a name="[e5]"></a>TFTShowSizeDn</STRONG> (Thumb, 44 bytes, Stack size 8 bytes, page_setsys.o(.text))
<BR><BR>[Stack]<UL><LI>Max Depth = 176<LI>Call Chain = TFTShowSizeDn &rArr; GUI_DispDecAt &rArr; GUI_PutChar &rArr; GUI_SetWindows &rArr; LCD_SetWindows &rArr; LCD_SetCursor
</UL>
<BR>[Calls]<UL><LI><a href="#[ce]">&gt;&gt;</a>&nbsp;&nbsp;&nbsp;GUI_DispDecAt
</UL>
<BR>[Address Reference Count : 1]<UL><LI> page_setsys.o(.text)
</UL>
<P><STRONG><a name="[e6]"></a>Page_SpeedSetOK</STRONG> (Thumb, 36 bytes, Stack size 8 bytes, page_setsys.o(.text))
<BR><BR>[Stack]<UL><LI>Max Depth = 824<LI>Call Chain = Page_SpeedSetOK &rArr; Init_MainPage &rArr; GUI_PutStringAt &rArr; GUI_ShowStringAt &rArr; GUI_PutGBChar &rArr; Get_Hz_SD &rArr; f_open &rArr; dir_register &rArr; dir_find &rArr; dir_next &rArr; create_chain &rArr; put_fat &rArr; move_window &rArr; sync_window &rArr; disk_write &rArr; SD_WriteDisk &rArr; SD_WriteBlock &rArr; SD_Init &rArr; SD_EnableWideBusOperation &rArr; SDEnWideBus &rArr; FindSCR &rArr; CmdResp1Error
</UL>
<BR>[Calls]<UL><LI><a href="#[41]">&gt;&gt;</a>&nbsp;&nbsp;&nbsp;Init_MainPage
<LI><a href="#[e7]">&gt;&gt;</a>&nbsp;&nbsp;&nbsp;Send_SZ_SYS
</UL>
<BR>[Address Reference Count : 1]<UL><LI> page_setsys.o(.text)
</UL>
<P><STRONG><a name="[3e]"></a>Page_SetSYS</STRONG> (Thumb, 586 bytes, Stack size 16 bytes, page_setsys.o(.text))
<BR><BR>[Stack]<UL><LI>Max Depth = 816<LI>Call Chain = Page_SetSYS &rArr; GUI_PutStringAt &rArr; GUI_ShowStringAt &rArr; GUI_PutGBChar &rArr; Get_Hz_SD &rArr; f_open &rArr; dir_register &rArr; dir_find &rArr; dir_next &rArr; create_chain &rArr; put_fat &rArr; move_window &rArr; sync_window &rArr; disk_write &rArr; SD_WriteDisk &rArr; SD_WriteBlock &rArr; SD_Init &rArr; SD_EnableWideBusOperation &rArr; SDEnWideBus &rArr; FindSCR &rArr; CmdResp1Error
</UL>
<BR>[Calls]<UL><LI><a href="#[ce]">&gt;&gt;</a>&nbsp;&nbsp;&nbsp;GUI_DispDecAt
<LI><a href="#[a8]">&gt;&gt;</a>&nbsp;&nbsp;&nbsp;GUI_FormDeleteAllChild
<LI><a href="#[aa]">&gt;&gt;</a>&nbsp;&nbsp;&nbsp;GUI_ButtonSetString
<LI><a href="#[a9]">&gt;&gt;</a>&nbsp;&nbsp;&nbsp;GUI_ButtonCreateAsChild
<LI><a href="#[8f]">&gt;&gt;</a>&nbsp;&nbsp;&nbsp;GUI_Clear
<LI><a href="#[66]">&gt;&gt;</a>&nbsp;&nbsp;&nbsp;GUI_PutStringAt
<LI><a href="#[69]">&gt;&gt;</a>&nbsp;&nbsp;&nbsp;Send_DK_Action
</UL>
<BR>[Address Reference Count : 1]<UL><LI> page_main.o(.text)
</UL>
<P><STRONG><a name="[4]"></a>NMI_Handler</STRONG> (Thumb, 2 bytes, Stack size 0 bytes, stm32f10x_it.o(.text))
<BR>[Address Reference Count : 1]<UL><LI> startup_stm32f10x_md.o(RESET)
</UL>
<P><STRONG><a name="[5]"></a>HardFault_Handler</STRONG> (Thumb, 4 bytes, Stack size 0 bytes, stm32f10x_it.o(.text))
<BR>[Address Reference Count : 1]<UL><LI> startup_stm32f10x_md.o(RESET)
</UL>
<P><STRONG><a name="[6]"></a>MemManage_Handler</STRONG> (Thumb, 4 bytes, Stack size 0 bytes, stm32f10x_it.o(.text))
<BR>[Address Reference Count : 1]<UL><LI> startup_stm32f10x_md.o(RESET)
</UL>
<P><STRONG><a name="[7]"></a>BusFault_Handler</STRONG> (Thumb, 4 bytes, Stack size 0 bytes, stm32f10x_it.o(.text))
<BR>[Address Reference Count : 1]<UL><LI> startup_stm32f10x_md.o(RESET)
</UL>
<P><STRONG><a name="[8]"></a>UsageFault_Handler</STRONG> (Thumb, 4 bytes, Stack size 0 bytes, stm32f10x_it.o(.text))
<BR>[Address Reference Count : 1]<UL><LI> startup_stm32f10x_md.o(RESET)
</UL>
<P><STRONG><a name="[9]"></a>SVC_Handler</STRONG> (Thumb, 2 bytes, Stack size 0 bytes, stm32f10x_it.o(.text))
<BR>[Address Reference Count : 1]<UL><LI> startup_stm32f10x_md.o(RESET)
</UL>
<P><STRONG><a name="[a]"></a>DebugMon_Handler</STRONG> (Thumb, 2 bytes, Stack size 0 bytes, stm32f10x_it.o(.text))
<BR>[Address Reference Count : 1]<UL><LI> startup_stm32f10x_md.o(RESET)
</UL>
<P><STRONG><a name="[20]"></a>USB_HP_CAN1_TX_IRQHandler</STRONG> (Thumb, 2 bytes, Stack size 0 bytes, stm32f10x_it.o(.text))
<BR>[Address Reference Count : 1]<UL><LI> startup_stm32f10x_md.o(RESET)
</UL>
<P><STRONG><a name="[e9]"></a>Delay</STRONG> (Thumb, 12 bytes, Stack size 0 bytes, device.o(.text))
<BR><BR>[Called By]<UL><LI><a href="#[e8]">&gt;&gt;</a>&nbsp;&nbsp;&nbsp;DelayUs
<LI><a href="#[65]">&gt;&gt;</a>&nbsp;&nbsp;&nbsp;DelayMs
</UL>

<P><STRONG><a name="[e8]"></a>DelayUs</STRONG> (Thumb, 22 bytes, Stack size 4 bytes, device.o(.text), UNUSED)
<BR><BR>[Calls]<UL><LI><a href="#[e9]">&gt;&gt;</a>&nbsp;&nbsp;&nbsp;Delay
</UL>

<P><STRONG><a name="[65]"></a>DelayMs</STRONG> (Thumb, 24 bytes, Stack size 4 bytes, device.o(.text))
<BR><BR>[Stack]<UL><LI>Max Depth = 4<LI>Call Chain = DelayMs
</UL>
<BR>[Calls]<UL><LI><a href="#[e9]">&gt;&gt;</a>&nbsp;&nbsp;&nbsp;Delay
</UL>
<BR>[Called By]<UL><LI><a href="#[39]">&gt;&gt;</a>&nbsp;&nbsp;&nbsp;NRFTask
<LI><a href="#[55]">&gt;&gt;</a>&nbsp;&nbsp;&nbsp;InitializeLcd
<LI><a href="#[60]">&gt;&gt;</a>&nbsp;&nbsp;&nbsp;InitSD
<LI><a href="#[167]">&gt;&gt;</a>&nbsp;&nbsp;&nbsp;RtcInitialize
<LI><a href="#[158]">&gt;&gt;</a>&nbsp;&nbsp;&nbsp;Touch_Rd_Addata
</UL>

<P><STRONG><a name="[264]"></a>HexToAscii</STRONG> (Thumb, 16 bytes, Stack size 0 bytes, device.o(.text), UNUSED)

<P><STRONG><a name="[52]"></a>JTAG_Set</STRONG> (Thumb, 38 bytes, Stack size 0 bytes, device.o(.text))
<BR><BR>[Called By]<UL><LI><a href="#[51]">&gt;&gt;</a>&nbsp;&nbsp;&nbsp;InitializeDevice
</UL>

<P><STRONG><a name="[265]"></a>_sys_exit</STRONG> (Thumb, 6 bytes, Stack size 0 bytes, device.o(.text), UNUSED)

<P><STRONG><a name="[4e]"></a>fputc</STRONG> (Thumb, 24 bytes, Stack size 0 bytes, device.o(.text))
<BR>[Address Reference Count : 1]<UL><LI> printf3.o(i.__0printf$3)
</UL>
<P><STRONG><a name="[13a]"></a>INTX_DISABLE</STRONG> (Thumb, 4 bytes, Stack size 0 bytes, device.o(.text))
<BR><BR>[Called By]<UL><LI><a href="#[142]">&gt;&gt;</a>&nbsp;&nbsp;&nbsp;SD_WriteMultiBlocks
<LI><a href="#[140]">&gt;&gt;</a>&nbsp;&nbsp;&nbsp;SD_WriteBlock
<LI><a href="#[13e]">&gt;&gt;</a>&nbsp;&nbsp;&nbsp;SD_ReadMultiBlocks
<LI><a href="#[138]">&gt;&gt;</a>&nbsp;&nbsp;&nbsp;SD_ReadBlock_1
</UL>

<P><STRONG><a name="[13b]"></a>INTX_ENABLE</STRONG> (Thumb, 4 bytes, Stack size 0 bytes, device.o(.text))
<BR><BR>[Called By]<UL><LI><a href="#[142]">&gt;&gt;</a>&nbsp;&nbsp;&nbsp;SD_WriteMultiBlocks
<LI><a href="#[140]">&gt;&gt;</a>&nbsp;&nbsp;&nbsp;SD_WriteBlock
<LI><a href="#[13e]">&gt;&gt;</a>&nbsp;&nbsp;&nbsp;SD_ReadMultiBlocks
<LI><a href="#[138]">&gt;&gt;</a>&nbsp;&nbsp;&nbsp;SD_ReadBlock_1
</UL>

<P><STRONG><a name="[ea]"></a>IO_IN_IPD</STRONG> (Thumb, 36 bytes, Stack size 24 bytes, device.o(.text))
<BR><BR>[Stack]<UL><LI>Max Depth = 48<LI>Call Chain = IO_IN_IPD &rArr; GPIO_Init
</UL>
<BR>[Calls]<UL><LI><a href="#[eb]">&gt;&gt;</a>&nbsp;&nbsp;&nbsp;RCC_APB2PeriphClockCmd
<LI><a href="#[ec]">&gt;&gt;</a>&nbsp;&nbsp;&nbsp;GPIO_Init
</UL>
<BR>[Called By]<UL><LI><a href="#[f6]">&gt;&gt;</a>&nbsp;&nbsp;&nbsp;Initialize_SeparateKeyIO
</UL>

<P><STRONG><a name="[ed]"></a>IO_IN_IPU</STRONG> (Thumb, 36 bytes, Stack size 24 bytes, device.o(.text))
<BR><BR>[Stack]<UL><LI>Max Depth = 48<LI>Call Chain = IO_IN_IPU &rArr; GPIO_Init
</UL>
<BR>[Calls]<UL><LI><a href="#[eb]">&gt;&gt;</a>&nbsp;&nbsp;&nbsp;RCC_APB2PeriphClockCmd
<LI><a href="#[ec]">&gt;&gt;</a>&nbsp;&nbsp;&nbsp;GPIO_Init
</UL>
<BR>[Called By]<UL><LI><a href="#[64]">&gt;&gt;</a>&nbsp;&nbsp;&nbsp;NRF24L01_Init
<LI><a href="#[54]">&gt;&gt;</a>&nbsp;&nbsp;&nbsp;InitializeTouch
</UL>

<P><STRONG><a name="[ee]"></a>IO_IN_PP_FL</STRONG> (Thumb, 36 bytes, Stack size 24 bytes, device.o(.text), UNUSED)
<BR><BR>[Calls]<UL><LI><a href="#[eb]">&gt;&gt;</a>&nbsp;&nbsp;&nbsp;RCC_APB2PeriphClockCmd
<LI><a href="#[ec]">&gt;&gt;</a>&nbsp;&nbsp;&nbsp;GPIO_Init
</UL>

<P><STRONG><a name="[ef]"></a>IO_OUT_PP_LOW</STRONG> (Thumb, 42 bytes, Stack size 24 bytes, device.o(.text))
<BR><BR>[Stack]<UL><LI>Max Depth = 48<LI>Call Chain = IO_OUT_PP_LOW &rArr; GPIO_Init
</UL>
<BR>[Calls]<UL><LI><a href="#[eb]">&gt;&gt;</a>&nbsp;&nbsp;&nbsp;RCC_APB2PeriphClockCmd
<LI><a href="#[ec]">&gt;&gt;</a>&nbsp;&nbsp;&nbsp;GPIO_Init
</UL>
<BR>[Called By]<UL><LI><a href="#[57]">&gt;&gt;</a>&nbsp;&nbsp;&nbsp;InitializeLED
</UL>

<P><STRONG><a name="[f0]"></a>IO_AF_PP_LOW</STRONG> (Thumb, 42 bytes, Stack size 24 bytes, device.o(.text), UNUSED)
<BR><BR>[Calls]<UL><LI><a href="#[eb]">&gt;&gt;</a>&nbsp;&nbsp;&nbsp;RCC_APB2PeriphClockCmd
<LI><a href="#[ec]">&gt;&gt;</a>&nbsp;&nbsp;&nbsp;GPIO_Init
</UL>

<P><STRONG><a name="[f1]"></a>IO_OUT_PP_MID</STRONG> (Thumb, 42 bytes, Stack size 24 bytes, device.o(.text), UNUSED)
<BR><BR>[Calls]<UL><LI><a href="#[eb]">&gt;&gt;</a>&nbsp;&nbsp;&nbsp;RCC_APB2PeriphClockCmd
<LI><a href="#[ec]">&gt;&gt;</a>&nbsp;&nbsp;&nbsp;GPIO_Init
</UL>

<P><STRONG><a name="[f2]"></a>IO_AF_PP_MID</STRONG> (Thumb, 42 bytes, Stack size 24 bytes, device.o(.text), UNUSED)
<BR><BR>[Calls]<UL><LI><a href="#[eb]">&gt;&gt;</a>&nbsp;&nbsp;&nbsp;RCC_APB2PeriphClockCmd
<LI><a href="#[ec]">&gt;&gt;</a>&nbsp;&nbsp;&nbsp;GPIO_Init
</UL>

<P><STRONG><a name="[f3]"></a>IO_OUT_PP_HIGH</STRONG> (Thumb, 42 bytes, Stack size 24 bytes, device.o(.text))
<BR><BR>[Stack]<UL><LI>Max Depth = 48<LI>Call Chain = IO_OUT_PP_HIGH &rArr; GPIO_Init
</UL>
<BR>[Calls]<UL><LI><a href="#[eb]">&gt;&gt;</a>&nbsp;&nbsp;&nbsp;RCC_APB2PeriphClockCmd
<LI><a href="#[ec]">&gt;&gt;</a>&nbsp;&nbsp;&nbsp;GPIO_Init
</UL>
<BR>[Called By]<UL><LI><a href="#[64]">&gt;&gt;</a>&nbsp;&nbsp;&nbsp;NRF24L01_Init
<LI><a href="#[54]">&gt;&gt;</a>&nbsp;&nbsp;&nbsp;InitializeTouch
</UL>

<P><STRONG><a name="[f4]"></a>IO_AF_PP_HIGH</STRONG> (Thumb, 42 bytes, Stack size 24 bytes, device.o(.text), UNUSED)
<BR><BR>[Calls]<UL><LI><a href="#[eb]">&gt;&gt;</a>&nbsp;&nbsp;&nbsp;RCC_APB2PeriphClockCmd
<LI><a href="#[ec]">&gt;&gt;</a>&nbsp;&nbsp;&nbsp;GPIO_Init
</UL>

<P><STRONG><a name="[57]"></a>InitializeLED</STRONG> (Thumb, 76 bytes, Stack size 16 bytes, device_led.o(.text))
<BR><BR>[Stack]<UL><LI>Max Depth = 64<LI>Call Chain = InitializeLED &rArr; IO_OUT_PP_LOW &rArr; GPIO_Init
</UL>
<BR>[Calls]<UL><LI><a href="#[f5]">&gt;&gt;</a>&nbsp;&nbsp;&nbsp;GPIO_SetBits
<LI><a href="#[ef]">&gt;&gt;</a>&nbsp;&nbsp;&nbsp;IO_OUT_PP_LOW
</UL>
<BR>[Called By]<UL><LI><a href="#[51]">&gt;&gt;</a>&nbsp;&nbsp;&nbsp;InitializeDevice
</UL>

<P><STRONG><a name="[f6]"></a>Initialize_SeparateKeyIO</STRONG> (Thumb, 50 bytes, Stack size 16 bytes, device_key.o(.text))
<BR><BR>[Stack]<UL><LI>Max Depth = 64<LI>Call Chain = Initialize_SeparateKeyIO &rArr; IO_IN_IPD &rArr; GPIO_Init
</UL>
<BR>[Calls]<UL><LI><a href="#[ea]">&gt;&gt;</a>&nbsp;&nbsp;&nbsp;IO_IN_IPD
</UL>
<BR>[Called By]<UL><LI><a href="#[58]">&gt;&gt;</a>&nbsp;&nbsp;&nbsp;InitializeKey
</UL>

<P><STRONG><a name="[f9]"></a>PostKeyMessageQueue</STRONG> (Thumb, 34 bytes, Stack size 16 bytes, device_key.o(.text))
<BR><BR>[Stack]<UL><LI>Max Depth = 16<LI>Call Chain = PostKeyMessageQueue
</UL>
<BR>[Called By]<UL><LI><a href="#[f7]">&gt;&gt;</a>&nbsp;&nbsp;&nbsp;ReadSeparateKey
</UL>

<P><STRONG><a name="[f7]"></a>ReadSeparateKey</STRONG> (Thumb, 432 bytes, Stack size 8 bytes, device_key.o(.text))
<BR><BR>[Stack]<UL><LI>Max Depth = 24<LI>Call Chain = ReadSeparateKey &rArr; PostKeyMessageQueue
</UL>
<BR>[Calls]<UL><LI><a href="#[f8]">&gt;&gt;</a>&nbsp;&nbsp;&nbsp;GPIO_ReadInputDataBit
<LI><a href="#[f9]">&gt;&gt;</a>&nbsp;&nbsp;&nbsp;PostKeyMessageQueue
</UL>
<BR>[Called By]<UL><LI><a href="#[fa]">&gt;&gt;</a>&nbsp;&nbsp;&nbsp;KeySystick50Routine
</UL>

<P><STRONG><a name="[266]"></a>SetKeyMessagePointer</STRONG> (Thumb, 6 bytes, Stack size 0 bytes, device_key.o(.text), UNUSED)

<P><STRONG><a name="[fa]"></a>KeySystick50Routine</STRONG> (Thumb, 8 bytes, Stack size 8 bytes, device_key.o(.text))
<BR><BR>[Stack]<UL><LI>Max Depth = 32<LI>Call Chain = KeySystick50Routine &rArr; ReadSeparateKey &rArr; PostKeyMessageQueue
</UL>
<BR>[Calls]<UL><LI><a href="#[f7]">&gt;&gt;</a>&nbsp;&nbsp;&nbsp;ReadSeparateKey
</UL>
<BR>[Address Reference Count : 1]<UL><LI> device_key.o(.text)
</UL>
<P><STRONG><a name="[58]"></a>InitializeKey</STRONG> (Thumb, 20 bytes, Stack size 8 bytes, device_key.o(.text))
<BR><BR>[Stack]<UL><LI>Max Depth = 72<LI>Call Chain = InitializeKey &rArr; Initialize_SeparateKeyIO &rArr; IO_IN_IPD &rArr; GPIO_Init
</UL>
<BR>[Calls]<UL><LI><a href="#[f6]">&gt;&gt;</a>&nbsp;&nbsp;&nbsp;Initialize_SeparateKeyIO
</UL>
<BR>[Called By]<UL><LI><a href="#[51]">&gt;&gt;</a>&nbsp;&nbsp;&nbsp;InitializeDevice
</UL>

<P><STRONG><a name="[199]"></a>LCD_BeginWriteRAM</STRONG> (Thumb, 10 bytes, Stack size 0 bytes, device_lcd.o(.text))
<BR><BR>[Called By]<UL><LI><a href="#[18b]">&gt;&gt;</a>&nbsp;&nbsp;&nbsp;GUI_BeginWriteRAM
</UL>

<P><STRONG><a name="[19a]"></a>LCD_EndWriteRAM</STRONG> (Thumb, 2 bytes, Stack size 0 bytes, device_lcd.o(.text))
<BR><BR>[Called By]<UL><LI><a href="#[18d]">&gt;&gt;</a>&nbsp;&nbsp;&nbsp;GUI_EndWriteRAM
</UL>

<P><STRONG><a name="[19b]"></a>LCD_OnlyWriteRAM</STRONG> (Thumb, 8 bytes, Stack size 0 bytes, device_lcd.o(.text))
<BR><BR>[Called By]<UL><LI><a href="#[18c]">&gt;&gt;</a>&nbsp;&nbsp;&nbsp;GUI_OnlyWriteRAM
</UL>

<P><STRONG><a name="[100]"></a>LCD_BackLight</STRONG> (Thumb, 20 bytes, Stack size 0 bytes, device_lcd.o(.text))
<BR><BR>[Called By]<UL><LI><a href="#[55]">&gt;&gt;</a>&nbsp;&nbsp;&nbsp;InitializeLcd
<LI><a href="#[198]">&gt;&gt;</a>&nbsp;&nbsp;&nbsp;GUI_BackLight
</UL>

<P><STRONG><a name="[fb]"></a>LCD_FSMC_IO</STRONG> (Thumb, 156 bytes, Stack size 8 bytes, device_lcd.o(.text))
<BR><BR>[Stack]<UL><LI>Max Depth = 32<LI>Call Chain = LCD_FSMC_IO &rArr; GPIO_Init
</UL>
<BR>[Calls]<UL><LI><a href="#[f5]">&gt;&gt;</a>&nbsp;&nbsp;&nbsp;GPIO_SetBits
<LI><a href="#[eb]">&gt;&gt;</a>&nbsp;&nbsp;&nbsp;RCC_APB2PeriphClockCmd
<LI><a href="#[ec]">&gt;&gt;</a>&nbsp;&nbsp;&nbsp;GPIO_Init
<LI><a href="#[fc]">&gt;&gt;</a>&nbsp;&nbsp;&nbsp;RCC_AHBPeriphClockCmd
</UL>
<BR>[Called By]<UL><LI><a href="#[fd]">&gt;&gt;</a>&nbsp;&nbsp;&nbsp;LCD_FSMCConfig
</UL>

<P><STRONG><a name="[267]"></a>LCD_ReadReg</STRONG> (Thumb, 12 bytes, Stack size 0 bytes, device_lcd.o(.text), UNUSED)

<P><STRONG><a name="[55]"></a>InitializeLcd</STRONG> (Thumb, 482 bytes, Stack size 16 bytes, device_lcd.o(.text))
<BR><BR>[Stack]<UL><LI>Max Depth = 144<LI>Call Chain = InitializeLcd &rArr; LCD_FSMCConfig &rArr; LCD_FSMC_IO &rArr; GPIO_Init
</UL>
<BR>[Calls]<UL><LI><a href="#[65]">&gt;&gt;</a>&nbsp;&nbsp;&nbsp;DelayMs
<LI><a href="#[100]">&gt;&gt;</a>&nbsp;&nbsp;&nbsp;LCD_BackLight
<LI><a href="#[101]">&gt;&gt;</a>&nbsp;&nbsp;&nbsp;LCD_WriteReg
<LI><a href="#[fd]">&gt;&gt;</a>&nbsp;&nbsp;&nbsp;LCD_FSMCConfig
</UL>
<BR>[Called By]<UL><LI><a href="#[51]">&gt;&gt;</a>&nbsp;&nbsp;&nbsp;InitializeDevice
<LI><a href="#[174]">&gt;&gt;</a>&nbsp;&nbsp;&nbsp;GUI_InitLcd
</UL>

<P><STRONG><a name="[102]"></a>LCD_SetWindows</STRONG> (Thumb, 68 bytes, Stack size 32 bytes, device_lcd.o(.text))
<BR><BR>[Stack]<UL><LI>Max Depth = 48<LI>Call Chain = LCD_SetWindows &rArr; LCD_SetCursor
[...]
<BR><BR>[Called By]<UL><LI><a href="#[215]">&gt;&gt;</a>&nbsp;&nbsp;&nbsp;create_name
</UL>

<P><STRONG><a name="[221]"></a>chk_lock</STRONG> (Thumb, 134 bytes, Stack size 12 bytes, ff.o(.text))
<BR><BR>[Stack]<UL><LI>Max Depth = 12<LI>Call Chain = chk_lock
</UL>
<BR>[Called By]<UL><LI><a href="#[74]">&gt;&gt;</a>&nbsp;&nbsp;&nbsp;f_open
<LI><a href="#[230]">&gt;&gt;</a>&nbsp;&nbsp;&nbsp;f_rename
<LI><a href="#[22c]">&gt;&gt;</a>&nbsp;&nbsp;&nbsp;f_unlink
</UL>

<P><STRONG><a name="[222]"></a>enq_lock</STRONG> (Thumb, 36 bytes, Stack size 0 bytes, ff.o(.text))
<BR><BR>[Called By]<UL><LI><a href="#[74]">&gt;&gt;</a>&nbsp;&nbsp;&nbsp;f_open
</UL>

<P><STRONG><a name="[225]"></a>inc_lock</STRONG> (Thumb, 214 bytes, Stack size 12 bytes, ff.o(.text))
<BR><BR>[Stack]<UL><LI>Max Depth = 12<LI>Call Chain = inc_lock
</UL>
<BR>[Called By]<UL><LI><a href="#[74]">&gt;&gt;</a>&nbsp;&nbsp;&nbsp;f_open
</UL>

<P><STRONG><a name="[228]"></a>dec_lock</STRONG> (Thumb, 72 bytes, Stack size 12 bytes, ff.o(.text))
<BR><BR>[Stack]<UL><LI>Max Depth = 12<LI>Call Chain = dec_lock
</UL>
<BR>[Called By]<UL><LI><a href="#[8e]">&gt;&gt;</a>&nbsp;&nbsp;&nbsp;f_close
</UL>

<P><STRONG><a name="[21f]"></a>clear_lock</STRONG> (Thumb, 42 bytes, Stack size 8 bytes, ff.o(.text))
<BR><BR>[Stack]<UL><LI>Max Depth = 8<LI>Call Chain = clear_lock
</UL>
<BR>[Called By]<UL><LI><a href="#[8d]">&gt;&gt;</a>&nbsp;&nbsp;&nbsp;f_mount
<LI><a href="#[21c]">&gt;&gt;</a>&nbsp;&nbsp;&nbsp;chk_mounted
</UL>

<P><STRONG><a name="[1fa]"></a>sync_window</STRONG> (Thumb, 82 bytes, Stack size 16 bytes, ff.o(.text))
<BR><BR>[Stack]<UL><LI>Max Depth = 288<LI>Call Chain = sync_window &rArr; disk_write &rArr; SD_WriteDisk &rArr; SD_WriteBlock &rArr; SD_Init &rArr; SD_EnableWideBusOperation &rArr; SDEnWideBus &rArr; FindSCR &rArr; CmdResp1Error
</UL>
<BR>[Calls]<UL><LI><a href="#[1fb]">&gt;&gt;</a>&nbsp;&nbsp;&nbsp;disk_write
</UL>
<BR>[Called By]<UL><LI><a href="#[22d]">&gt;&gt;</a>&nbsp;&nbsp;&nbsp;f_mkdir
<LI><a href="#[207]">&gt;&gt;</a>&nbsp;&nbsp;&nbsp;dir_next
<LI><a href="#[1fe]">&gt;&gt;</a>&nbsp;&nbsp;&nbsp;sync_fs
<LI><a href="#[1fc]">&gt;&gt;</a>&nbsp;&nbsp;&nbsp;move_window
</UL>

<P><STRONG><a name="[1fc]"></a>move_window</STRONG> (Thumb, 50 bytes, Stack size 16 bytes, ff.o(.text))
<BR><BR>[Stack]<UL><LI>Max Depth = 304<LI>Call Chain = move_window &rArr; sync_window &rArr; disk_write &rArr; SD_WriteDisk &rArr; SD_WriteBlock &rArr; SD_Init &rArr; SD_EnableWideBusOperation &rArr; SDEnWideBus &rArr; FindSCR &rArr; CmdResp1Error
</UL>
<BR>[Calls]<UL><LI><a href="#[1fd]">&gt;&gt;</a>&nbsp;&nbsp;&nbsp;disk_read
<LI><a href="#[1fa]">&gt;&gt;</a>&nbsp;&nbsp;&nbsp;sync_window
</UL>
<BR>[Called By]<UL><LI><a href="#[74]">&gt;&gt;</a>&nbsp;&nbsp;&nbsp;f_open
<LI><a href="#[230]">&gt;&gt;</a>&nbsp;&nbsp;&nbsp;f_rename
<LI><a href="#[22a]">&gt;&gt;</a>&nbsp;&nbsp;&nbsp;f_getfree
<LI><a href="#[227]">&gt;&gt;</a>&nbsp;&nbsp;&nbsp;f_sync
<LI><a href="#[202]">&gt;&gt;</a>&nbsp;&nbsp;&nbsp;put_fat
<LI><a href="#[201]">&gt;&gt;</a>&nbsp;&nbsp;&nbsp;get_fat
<LI><a href="#[214]">&gt;&gt;</a>&nbsp;&nbsp;&nbsp;dir_remove
<LI><a href="#[212]">&gt;&gt;</a>&nbsp;&nbsp;&nbsp;dir_register
<LI><a href="#[210]">&gt;&gt;</a>&nbsp;&nbsp;&nbsp;dir_read
<LI><a href="#[20d]">&gt;&gt;</a>&nbsp;&nbsp;&nbsp;dir_find
<LI><a href="#[208]">&gt;&gt;</a>&nbsp;&nbsp;&nbsp;dir_alloc
</UL>

<P><STRONG><a name="[1fe]"></a>sync_fs</STRONG> (Thumb, 200 bytes, Stack size 16 bytes, ff.o(.text))
<BR><BR>[Stack]<UL><LI>Max Depth = 304<LI>Call Chain = sync_fs &rArr; sync_window &rArr; disk_write &rArr; SD_WriteDisk &rArr; SD_WriteBlock &rArr; SD_Init &rArr; SD_EnableWideBusOperation &rArr; SDEnWideBus &rArr; FindSCR &rArr; CmdResp1Error
</UL>
<BR>[Calls]<UL><LI><a href="#[1fb]">&gt;&gt;</a>&nbsp;&nbsp;&nbsp;disk_write
<LI><a href="#[200]">&gt;&gt;</a>&nbsp;&nbsp;&nbsp;disk_ioctl
<LI><a href="#[1fa]">&gt;&gt;</a>&nbsp;&nbsp;&nbsp;sync_window
<LI><a href="#[1ff]">&gt;&gt;</a>&nbsp;&nbsp;&nbsp;mem_set
</UL>
<BR>[Called By]<UL><LI><a href="#[230]">&gt;&gt;</a>&nbsp;&nbsp;&nbsp;f_rename
<LI><a href="#[22f]">&gt;&gt;</a>&nbsp;&nbsp;&nbsp;f_utime
<LI><a href="#[22e]">&gt;&gt;</a>&nbsp;&nbsp;&nbsp;f_chmod
<LI><a href="#[22d]">&gt;&gt;</a>&nbsp;&nbsp;&nbsp;f_mkdir
<LI><a href="#[22c]">&gt;&gt;</a>&nbsp;&nbsp;&nbsp;f_unlink
<LI><a href="#[227]">&gt;&gt;</a>&nbsp;&nbsp;&nbsp;f_sync
</UL>

<P><STRONG><a name="[203]"></a>remove_chain</STRONG> (Thumb, 104 bytes, Stack size 24 bytes, ff.o(.text))
<BR><BR>[Stack]<UL><LI>Max Depth = 360<LI>Call Chain = remove_chain &rArr; put_fat &rArr; move_window &rArr; sync_window &rArr; disk_write &rArr; SD_WriteDisk &rArr; SD_WriteBlock &rArr; SD_Init &rArr; SD_EnableWideBusOperation &rArr; SDEnWideBus &rArr; FindSCR &rArr; CmdResp1Error
</UL>
<BR>[Calls]<UL><LI><a href="#[202]">&gt;&gt;</a>&nbsp;&nbsp;&nbsp;put_fat
<LI><a href="#[201]">&gt;&gt;</a>&nbsp;&nbsp;&nbsp;get_fat
</UL>
<BR>[Called By]<UL><LI><a href="#[74]">&gt;&gt;</a>&nbsp;&nbsp;&nbsp;f_open
<LI><a href="#[22d]">&gt;&gt;</a>&nbsp;&nbsp;&nbsp;f_mkdir
<LI><a href="#[22c]">&gt;&gt;</a>&nbsp;&nbsp;&nbsp;f_unlink
<LI><a href="#[22b]">&gt;&gt;</a>&nbsp;&nbsp;&nbsp;f_truncate
</UL>

<P><STRONG><a name="[204]"></a>create_chain</STRONG> (Thumb, 202 bytes, Stack size 32 bytes, ff.o(.text))
<BR><BR>[Stack]<UL><LI>Max Depth = 368<LI>Call Chain = create_chain &rArr; put_fat &rArr; move_window &rArr; sync_window &rArr; disk_write &rArr; SD_WriteDisk &rArr; SD_WriteBlock &rArr; SD_Init &rArr; SD_EnableWideBusOperation &rArr; SDEnWideBus &rArr; FindSCR &rArr; CmdResp1Error
</UL>
<BR>[Calls]<UL><LI><a href="#[202]">&gt;&gt;</a>&nbsp;&nbsp;&nbsp;put_fat
<LI><a href="#[201]">&gt;&gt;</a>&nbsp;&nbsp;&nbsp;get_fat
</UL>
<BR>[Called By]<UL><LI><a href="#[78]">&gt;&gt;</a>&nbsp;&nbsp;&nbsp;f_lseek
<LI><a href="#[22d]">&gt;&gt;</a>&nbsp;&nbsp;&nbsp;f_mkdir
<LI><a href="#[226]">&gt;&gt;</a>&nbsp;&nbsp;&nbsp;f_write
<LI><a href="#[207]">&gt;&gt;</a>&nbsp;&nbsp;&nbsp;dir_next
</UL>

<P><STRONG><a name="[205]"></a>dir_sdi</STRONG> (Thumb, 156 bytes, Stack size 24 bytes, ff.o(.text))
<BR><BR>[Stack]<UL><LI>Max Depth = 352<LI>Call Chain = dir_sdi &rArr; get_fat &rArr; move_window &rArr; sync_window &rArr; disk_write &rArr; SD_WriteDisk &rArr; SD_WriteBlock &rArr; SD_Init &rArr; SD_EnableWideBusOperation &rArr; SDEnWideBus &rArr; FindSCR &rArr; CmdResp1Error
</UL>
<BR>[Calls]<UL><LI><a href="#[201]">&gt;&gt;</a>&nbsp;&nbsp;&nbsp;get_fat
<LI><a href="#[206]">&gt;&gt;</a>&nbsp;&nbsp;&nbsp;clust2sect
</UL>
<BR>[Called By]<UL><LI><a href="#[1d6]">&gt;&gt;</a>&nbsp;&nbsp;&nbsp;f_readdir
<LI><a href="#[1d5]">&gt;&gt;</a>&nbsp;&nbsp;&nbsp;f_opendir
<LI><a href="#[22c]">&gt;&gt;</a>&nbsp;&nbsp;&nbsp;f_unlink
<LI><a href="#[219]">&gt;&gt;</a>&nbsp;&nbsp;&nbsp;follow_path
<LI><a href="#[214]">&gt;&gt;</a>&nbsp;&nbsp;&nbsp;dir_remove
<LI><a href="#[212]">&gt;&gt;</a>&nbsp;&nbsp;&nbsp;dir_register
<LI><a href="#[20d]">&gt;&gt;</a>&nbsp;&nbsp;&nbsp;dir_find
<LI><a href="#[208]">&gt;&gt;</a>&nbsp;&nbsp;&nbsp;dir_alloc
</UL>

<P><STRONG><a name="[207]"></a>dir_next</STRONG> (Thumb, 276 bytes, Stack size 24 bytes, ff.o(.text))
<BR><BR>[Stack]<UL><LI>Max Depth = 392<LI>Call Chain = dir_next &rArr; create_chain &rArr; put_fat &rArr; move_window &rArr; sync_window &rArr; disk_write &rArr; SD_WriteDisk &rArr; SD_WriteBlock &rArr; SD_Init &rArr; SD_EnableWideBusOperation &rArr; SDEnWideBus &rArr; FindSCR &rArr; CmdResp1Error
</UL>
<BR>[Calls]<UL><LI><a href="#[201]">&gt;&gt;</a>&nbsp;&nbsp;&nbsp;get_fat
<LI><a href="#[206]">&gt;&gt;</a>&nbsp;&nbsp;&nbsp;clust2sect
<LI><a href="#[204]">&gt;&gt;</a>&nbsp;&nbsp;&nbsp;create_chain
<LI><a href="#[1fa]">&gt;&gt;</a>&nbsp;&nbsp;&nbsp;sync_window
<LI><a href="#[1ff]">&gt;&gt;</a>&nbsp;&nbsp;&nbsp;mem_set
</UL>
<BR>[Called By]<UL><LI><a href="#[1d6]">&gt;&gt;</a>&nbsp;&nbsp;&nbsp;f_readdir
<LI><a href="#[214]">&gt;&gt;</a>&nbsp;&nbsp;&nbsp;dir_remove
<LI><a href="#[212]">&gt;&gt;</a>&nbsp;&nbsp;&nbsp;dir_register
<LI><a href="#[210]">&gt;&gt;</a>&nbsp;&nbsp;&nbsp;dir_read
<LI><a href="#[20d]">&gt;&gt;</a>&nbsp;&nbsp;&nbsp;dir_find
<LI><a href="#[208]">&gt;&gt;</a>&nbsp;&nbsp;&nbsp;dir_alloc
</UL>

<P><STRONG><a name="[208]"></a>dir_alloc</STRONG> (Thumb, 86 bytes, Stack size 24 bytes, ff.o(.text))
<BR><BR>[Stack]<UL><LI>Max Depth = 416<LI>Call Chain = dir_alloc &rArr; dir_next &rArr; create_chain &rArr; put_fat &rArr; move_window &rArr; sync_window &rArr; disk_write &rArr; SD_WriteDisk &rArr; SD_WriteBlock &rArr; SD_Init &rArr; SD_EnableWideBusOperation &rArr; SDEnWideBus &rArr; FindSCR &rArr; CmdResp1Error
</UL>
<BR>[Calls]<UL><LI><a href="#[207]">&gt;&gt;</a>&nbsp;&nbsp;&nbsp;dir_next
<LI><a href="#[205]">&gt;&gt;</a>&nbsp;&nbsp;&nbsp;dir_sdi
<LI><a href="#[1fc]">&gt;&gt;</a>&nbsp;&nbsp;&nbsp;move_window
</UL>
<BR>[Called By]<UL><LI><a href="#[212]">&gt;&gt;</a>&nbsp;&nbsp;&nbsp;dir_register
</UL>

<P><STRONG><a name="[21a]"></a>ld_clust</STRONG> (Thumb, 32 bytes, Stack size 8 bytes, ff.o(.text))
<BR><BR>[Stack]<UL><LI>Max Depth = 8<LI>Call Chain = ld_clust
</UL>
<BR>[Called By]<UL><LI><a href="#[74]">&gt;&gt;</a>&nbsp;&nbsp;&nbsp;f_open
<LI><a href="#[1d5]">&gt;&gt;</a>&nbsp;&nbsp;&nbsp;f_opendir
<LI><a href="#[230]">&gt;&gt;</a>&nbsp;&nbsp;&nbsp;f_rename
<LI><a href="#[22c]">&gt;&gt;</a>&nbsp;&nbsp;&nbsp;f_unlink
<LI><a href="#[219]">&gt;&gt;</a>&nbsp;&nbsp;&nbsp;follow_path
</UL>

<P><STRONG><a name="[224]"></a>st_clust</STRONG> (Thumb, 16 bytes, Stack size 0 bytes, ff.o(.text))
<BR><BR>[Called By]<UL><LI><a href="#[74]">&gt;&gt;</a>&nbsp;&nbsp;&nbsp;f_open
<LI><a href="#[230]">&gt;&gt;</a>&nbsp;&nbsp;&nbsp;f_rename
<LI><a href="#[22d]">&gt;&gt;</a>&nbsp;&nbsp;&nbsp;f_mkdir
<LI><a href="#[227]">&gt;&gt;</a>&nbsp;&nbsp;&nbsp;f_sync
</UL>

<P><STRONG><a name="[209]"></a>cmp_lfn</STRONG> (Thumb, 138 bytes, Stack size 32 bytes, ff.o(.text))
<BR><BR>[Stack]<UL><LI>Max Depth = 32<LI>Call Chain = cmp_lfn
</UL>
<BR>[Calls]<UL><LI><a href="#[20a]">&gt;&gt;</a>&nbsp;&nbsp;&nbsp;ff_wtoupper
</UL>
<BR>[Called By]<UL><LI><a href="#[20d]">&gt;&gt;</a>&nbsp;&nbsp;&nbsp;dir_find
</UL>

<P><STRONG><a name="[211]"></a>pick_lfn</STRONG> (Thumb, 112 bytes, Stack size 20 bytes, ff.o(.text))
<BR><BR>[Stack]<UL><LI>Max Depth = 20<LI>Call Chain = pick_lfn
</UL>
<BR>[Called By]<UL><LI><a href="#[210]">&gt;&gt;</a>&nbsp;&nbsp;&nbsp;dir_read
</UL>

<P><STRONG><a name="[213]"></a>fit_lfn</STRONG> (Thumb, 122 bytes, Stack size 20 bytes, ff.o(.text))
<BR><BR>[Stack]<UL><LI>Max Depth = 20<LI>Call Chain = fit_lfn
</UL>
<BR>[Called By]<UL><LI><a href="#[212]">&gt;&gt;</a>&nbsp;&nbsp;&nbsp;dir_register
</UL>

<P><STRONG><a name="[20e]"></a>sum_sfn</STRONG> (Thumb, 32 bytes, Stack size 12 bytes, ff.o(.text))
<BR><BR>[Stack]<UL><LI>Max Depth = 12<LI>Call Chain = sum_sfn
</UL>
<BR>[Called By]<UL><LI><a href="#[212]">&gt;&gt;</a>&nbsp;&nbsp;&nbsp;dir_register
<LI><a href="#[210]">&gt;&gt;</a>&nbsp;&nbsp;&nbsp;dir_read
<LI><a href="#[20d]">&gt;&gt;</a>&nbsp;&nbsp;&nbsp;dir_find
</UL>

<P><STRONG><a name="[20d]"></a>dir_find</STRONG> (Thumb, 222 bytes, Stack size 32 bytes, ff.o(.text))
<BR><BR>[Stack]<UL><LI>Max Depth = 424<LI>Call Chain = dir_find &rArr; dir_next &rArr; create_chain &rArr; put_fat &rArr; move_window &rArr; sync_window &rArr; disk_write &rArr; SD_WriteDisk &rArr; SD_WriteBlock &rArr; SD_Init &rArr; SD_EnableWideBusOperation &rArr; SDEnWideBus &rArr; FindSCR &rArr; CmdResp1Error
</UL>
<BR>[Calls]<UL><LI><a href="#[20e]">&gt;&gt;</a>&nbsp;&nbsp;&nbsp;sum_sfn
<LI><a href="#[209]">&gt;&gt;</a>&nbsp;&nbsp;&nbsp;cmp_lfn
<LI><a href="#[207]">&gt;&gt;</a>&nbsp;&nbsp;&nbsp;dir_next
<LI><a href="#[205]">&gt;&gt;</a>&nbsp;&nbsp;&nbsp;dir_sdi
<LI><a href="#[1fc]">&gt;&gt;</a>&nbsp;&nbsp;&nbsp;move_window
<LI><a href="#[20f]">&gt;&gt;</a>&nbsp;&nbsp;&nbsp;mem_cmp
</UL>
<BR>[Called By]<UL><LI><a href="#[219]">&gt;&gt;</a>&nbsp;&nbsp;&nbsp;follow_path
<LI><a href="#[212]">&gt;&gt;</a>&nbsp;&nbsp;&nbsp;dir_register
</UL>

<P><STRONG><a name="[210]"></a>dir_read</STRONG> (Thumb, 196 bytes, Stack size 40 bytes, ff.o(.text))
<BR><BR>[Stack]<UL><LI>Max Depth = 432<LI>Call Chain = dir_read &rArr; dir_next &rArr; create_chain &rArr; put_fat &rArr; move_window &rArr; sync_window &rArr; disk_write &rArr; SD_WriteDisk &rArr; SD_WriteBlock &rArr; SD_Init &rArr; SD_EnableWideBusOperation &rArr; SDEnWideBus &rArr; FindSCR &rArr; CmdResp1Error
</UL>
<BR>[Calls]<UL><LI><a href="#[20e]">&gt;&gt;</a>&nbsp;&nbsp;&nbsp;sum_sfn
<LI><a href="#[211]">&gt;&gt;</a>&nbsp;&nbsp;&nbsp;pick_lfn
<LI><a href="#[207]">&gt;&gt;</a>&nbsp;&nbsp;&nbsp;dir_next
<LI><a href="#[1fc]">&gt;&gt;</a>&nbsp;&nbsp;&nbsp;move_window
</UL>
<BR>[Called By]<UL><LI><a href="#[1d6]">&gt;&gt;</a>&nbsp;&nbsp;&nbsp;f_readdir
<LI><a href="#[22c]">&gt;&gt;</a>&nbsp;&nbsp;&nbsp;f_unlink
</UL>

<P><STRONG><a name="[212]"></a>dir_register</STRONG> (Thumb, 314 bytes, Stack size 48 bytes, ff.o(.text))
<BR><BR>[Stack]<UL><LI>Max Depth = 472<LI>Call Chain = dir_register &rArr; dir_find &rArr; dir_next &rArr; create_chain &rArr; put_fat &rArr; move_window &rArr; sync_window &rArr; disk_write &rArr; SD_WriteDisk &rArr; SD_WriteBlock &rArr; SD_Init &rArr; SD_EnableWideBusOperation &rArr; SDEnWideBus &rArr; FindSCR &rArr; CmdResp1Error
</UL>
<BR>[Calls]<UL><LI><a href="#[20b]">&gt;&gt;</a>&nbsp;&nbsp;&nbsp;gen_numname
<LI><a href="#[20d]">&gt;&gt;</a>&nbsp;&nbsp;&nbsp;dir_find
<LI><a href="#[20e]">&gt;&gt;</a>&nbsp;&nbsp;&nbsp;sum_sfn
<LI><a href="#[213]">&gt;&gt;</a>&nbsp;&nbsp;&nbsp;fit_lfn
<LI><a href="#[208]">&gt;&gt;</a>&nbsp;&nbsp;&nbsp;dir_alloc
<LI><a href="#[207]">&gt;&gt;</a>&nbsp;&nbsp;&nbsp;dir_next
<LI><a href="#[205]">&gt;&gt;</a>&nbsp;&nbsp;&nbsp;dir_sdi
<LI><a href="#[1fc]">&gt;&gt;</a>&nbsp;&nbsp;&nbsp;move_window
<LI><a href="#[1ff]">&gt;&gt;</a>&nbsp;&nbsp;&nbsp;mem_set
<LI><a href="#[20c]">&gt;&gt;</a>&nbsp;&nbsp;&nbsp;mem_cpy
</UL>
<BR>[Called By]<UL><LI><a href="#[74]">&gt;&gt;</a>&nbsp;&nbsp;&nbsp;f_open
<LI><a href="#[230]">&gt;&gt;</a>&nbsp;&nbsp;&nbsp;f_rename
<LI><a href="#[22d]">&gt;&gt;</a>&nbsp;&nbsp;&nbsp;f_mkdir
</UL>

<P><STRONG><a name="[214]"></a>dir_remove</STRONG> (Thumb, 96 bytes, Stack size 16 bytes, ff.o(.text), UNUSED)
<BR><BR>[Calls]<UL><LI><a href="#[207]">&gt;&gt;</a>&nbsp;&nbsp;&nbsp;dir_next
<LI><a href="#[205]">&gt;&gt;</a>&nbsp;&nbsp;&nbsp;dir_sdi
<LI><a href="#[1fc]">&gt;&gt;</a>&nbsp;&nbsp;&nbsp;move_window
</UL>
<BR>[Called By]<UL><LI><a href="#[230]">&gt;&gt;</a>&nbsp;&nbsp;&nbsp;f_rename
<LI><a href="#[22c]">&gt;&gt;</a>&nbsp;&nbsp;&nbsp;f_unlink
</UL>

<P><STRONG><a name="[215]"></a>create_name</STRONG> (Thumb, 534 bytes, Stack size 56 bytes, ff.o(.text))
<BR><BR>[Stack]<UL><LI>Max Depth = 68<LI>Call Chain = create_name &rArr; mem_set
</UL>
<BR>[Calls]<UL><LI><a href="#[216]">&gt;&gt;</a>&nbsp;&nbsp;&nbsp;ff_convert
<LI><a href="#[217]">&gt;&gt;</a>&nbsp;&nbsp;&nbsp;chk_chr
<LI><a href="#[1ff]">&gt;&gt;</a>&nbsp;&nbsp;&nbsp;mem_set
</UL>
<BR>[Called By]<UL><LI><a href="#[219]">&gt;&gt;</a>&nbsp;&nbsp;&nbsp;follow_path
</UL>

<P><STRONG><a name="[218]"></a>get_fileinfo</STRONG> (Thumb, 296 bytes, Stack size 48 bytes, ff.o(.text))
<BR><BR>[Stack]<UL><LI>Max Depth = 56<LI>Call Chain = get_fileinfo &rArr; ff_convert
</UL>
<BR>[Calls]<UL><LI><a href="#[216]">&gt;&gt;</a>&nbsp;&nbsp;&nbsp;ff_convert
</UL>
<BR>[Called By]<UL><LI><a href="#[1d6]">&gt;&gt;</a>&nbsp;&nbsp;&nbsp;f_readdir
<LI><a href="#[229]">&gt;&gt;</a>&nbsp;&nbsp;&nbsp;f_stat
</UL>

<P><STRONG><a name="[219]"></a>follow_path</STRONG> (Thumb, 146 bytes, Stack size 32 bytes, ff.o(.text))
<BR><BR>[Stack]<UL><LI>Max Depth = 456<LI>Call Chain = follow_path &rArr; dir_find &rArr; dir_next &rArr; create_chain &rArr; put_fat &rArr; move_window &rArr; sync_window &rArr; disk_write &rArr; SD_WriteDisk &rArr; SD_WriteBlock &rArr; SD_Init &rArr; SD_EnableWideBusOperation &rArr; SDEnWideBus &rArr; FindSCR &rArr; CmdResp1Error
</UL>
<BR>[Calls]<UL><LI><a href="#[215]">&gt;&gt;</a>&nbsp;&nbsp;&nbsp;create_name
<LI><a href="#[20d]">&gt;&gt;</a>&nbsp;&nbsp;&nbsp;dir_find
<LI><a href="#[21a]">&gt;&gt;</a>&nbsp;&nbsp;&nbsp;ld_clust
<LI><a href="#[205]">&gt;&gt;</a>&nbsp;&nbsp;&nbsp;dir_sdi
</UL>
<BR>[Called By]<UL><LI><a href="#[74]">&gt;&gt;</a>&nbsp;&nbsp;&nbsp;f_open
<LI><a href="#[1d5]">&gt;&gt;</a>&nbsp;&nbsp;&nbsp;f_opendir
<LI><a href="#[230]">&gt;&gt;</a>&nbsp;&nbsp;&nbsp;f_rename
<LI><a href="#[22f]">&gt;&gt;</a>&nbsp;&nbsp;&nbsp;f_utime
<LI><a href="#[22e]">&gt;&gt;</a>&nbsp;&nbsp;&nbsp;f_chmod
<LI><a href="#[22d]">&gt;&gt;</a>&nbsp;&nbsp;&nbsp;f_mkdir
<LI><a href="#[22c]">&gt;&gt;</a>&nbsp;&nbsp;&nbsp;f_unlink
<LI><a href="#[229]">&gt;&gt;</a>&nbsp;&nbsp;&nbsp;f_stat
</UL>

<P><STRONG><a name="[21b]"></a>check_fs</STRONG> (Thumb, 166 bytes, Stack size 16 bytes, ff.o(.text))
<BR><BR>[Stack]<UL><LI>Max Depth = 240<LI>Call Chain = check_fs &rArr; disk_read &rArr; SD_ReadDisk &rArr; SD_ReadBlock &rArr; SD_ReadBlock_1 &rArr; SD_DMA_Config &rArr; DMA_Init
</UL>
<BR>[Calls]<UL><LI><a href="#[1fd]">&gt;&gt;</a>&nbsp;&nbsp;&nbsp;disk_read
</UL>
<BR>[Called By]<UL><LI><a href="#[21c]">&gt;&gt;</a>&nbsp;&nbsp;&nbsp;chk_mounted
</UL>

<P><STRONG><a name="[21c]"></a>chk_mounted</STRONG> (Thumb, 914 bytes, Stack size 80 bytes, ff.o(.text))
<BR><BR>[Stack]<UL><LI>Max Depth = 320<LI>Call Chain = chk_mounted &rArr; check_fs &rArr; disk_read &rArr; SD_ReadDisk &rArr; SD_ReadBlock &rArr; SD_ReadBlock_1 &rArr; SD_DMA_Config &rArr; DMA_Init
</UL>
<BR>[Calls]<UL><LI><a href="#[21d]">&gt;&gt;</a>&nbsp;&nbsp;&nbsp;disk_status
<LI><a href="#[1fd]">&gt;&gt;</a>&nbsp;&nbsp;&nbsp;disk_read
<LI><a href="#[21e]">&gt;&gt;</a>&nbsp;&nbsp;&nbsp;disk_initialize
<LI><a href="#[21b]">&gt;&gt;</a>&nbsp;&nbsp;&nbsp;check_fs
<LI><a href="#[21f]">&gt;&gt;</a>&nbsp;&nbsp;&nbsp;clear_lock
</UL>
<BR>[Called By]<UL><LI><a href="#[74]">&gt;&gt;</a>&nbsp;&nbsp;&nbsp;f_open
<LI><a href="#[1d5]">&gt;&gt;</a>&nbsp;&nbsp;&nbsp;f_opendir
<LI><a href="#[230]">&gt;&gt;</a>&nbsp;&nbsp;&nbsp;f_rename
<LI><a href="#[22f]">&gt;&gt;</a>&nbsp;&nbsp;&nbsp;f_utime
<LI><a href="#[22e]">&gt;&gt;</a>&nbsp;&nbsp;&nbsp;f_chmod
<LI><a href="#[22d]">&gt;&gt;</a>&nbsp;&nbsp;&nbsp;f_mkdir
<LI><a href="#[22c]">&gt;&gt;</a>&nbsp;&nbsp;&nbsp;f_unlink
<LI><a href="#[22a]">&gt;&gt;</a>&nbsp;&nbsp;&nbsp;f_getfree
<LI><a href="#[229]">&gt;&gt;</a>&nbsp;&nbsp;&nbsp;f_stat
</UL>

<P><STRONG><a name="[220]"></a>validate</STRONG> (Thumb, 54 bytes, Stack size 16 bytes, ff.o(.text))
<BR><BR>[Stack]<UL><LI>Max Depth = 16<LI>Call Chain = validate
</UL>
<BR>[Calls]<UL><LI><a href="#[21d]">&gt;&gt;</a>&nbsp;&nbsp;&nbsp;disk_status
</UL>
<BR>[Called By]<UL><LI><a href="#[90]">&gt;&gt;</a>&nbsp;&nbsp;&nbsp;f_read
<LI><a href="#[78]">&gt;&gt;</a>&nbsp;&nbsp;&nbsp;f_lseek
<LI><a href="#[1d6]">&gt;&gt;</a>&nbsp;&nbsp;&nbsp;f_readdir
<LI><a href="#[22b]">&gt;&gt;</a>&nbsp;&nbsp;&nbsp;f_truncate
<LI><a href="#[227]">&gt;&gt;</a>&nbsp;&nbsp;&nbsp;f_sync
<LI><a href="#[226]">&gt;&gt;</a>&nbsp;&nbsp;&nbsp;f_write
</UL>

<P><STRONG><a name="[245]"></a>SetSysClockTo72</STRONG> (Thumb, 214 bytes, Stack size 12 bytes, system_stm32f10x.o(.text))
<BR><BR>[Stack]<UL><LI>Max Depth = 12<LI>Call Chain = SetSysClockTo72
</UL>
<BR>[Called By]<UL><LI><a href="#[244]">&gt;&gt;</a>&nbsp;&nbsp;&nbsp;SetSysClock
</UL>

<P><STRONG><a name="[244]"></a>SetSysClock</STRONG> (Thumb, 8 bytes, Stack size 8 bytes, system_stm32f10x.o(.text))
<BR><BR>[Stack]<UL><LI>Max Depth = 20<LI>Call Chain = SetSysClock &rArr; SetSysClockTo72
</UL>
<BR>[Calls]<UL><LI><a href="#[245]">&gt;&gt;</a>&nbsp;&nbsp;&nbsp;SetSysClockTo72
</UL>
<BR>[Called By]<UL><LI><a href="#[4c]">&gt;&gt;</a>&nbsp;&nbsp;&nbsp;SystemInit
</UL>

<P><STRONG><a name="[251]"></a>_printf_core</STRONG> (Thumb, 436 bytes, Stack size 96 bytes, printf3.o(i._printf_core), UNUSED)
<BR><BR>[Calls]<UL><LI><a href="#[259]">&gt;&gt;</a>&nbsp;&nbsp;&nbsp;__aeabi_uidivmod
</UL>
<BR>[Called By]<UL><LI><a href="#[250]">&gt;&gt;</a>&nbsp;&nbsp;&nbsp;__0printf$3
</UL>
<P>
<H3>
Undefined Global Symbols
</H3><HR></body></html>
