<html>
<body>
<pre>
<h1>µVision Build Log</h1>
<h2>Tool Versions:</h2>
IDE-Version: ¦ÌVision V5.26.2.0
Copyright (C) 2018 ARM Ltd and ARM Germany GmbH. All rights reserved.
License Information: kk kk, kk, LIC=FQQGK-Z3NPG-49UG2-9G7AV-N20WH-10L8F
 
Tool Versions:
Toolchain:       MDK-ARM Professional  Version: 5.26.2.0
Toolchain Path:  C:\Keil_v5\ARM\ARMCC\Bin
C Compiler:      Armcc.exe V5.06 update 6 (build 750)
Assembler:       Armasm.exe V5.06 update 6 (build 750)
Linker/Locator:  ArmLink.exe V5.06 update 6 (build 750)
Library Manager: ArmAr.exe V5.06 update 6 (build 750)
Hex Converter:   FromElf.exe V5.06 update 6 (build 750)
CPU DLL:         SARMCM3.DLL V5.26.2.0
Dialog DLL:      DARMSTM.DLL V1.68.0.0
Target DLL:      Segger\JL2CM3.dll V2.99.31.0
Dialog DLL:      TCM.DLL V1.36.1.0
 
<h2>Project:</h2>
E:\Ñ¸À×ÏÂÔØ\µñ¿Ì»ú³ÌÐò\DK_NRF_17.04.05\NRF_M\diaoke.uvprojx
Project File Date:  01/19/2019

<h2>Output:</h2>
*** Using Compiler 'V5.06 update 6 (build 750)', folder: 'C:\Keil_v5\ARM\ARMCC\Bin'
Rebuild Project 'diaoke' - Target 'NRF_M'
compiling NRFTask.c...
compiling app.c...
compiling FileTask.c...
compiling ShowTask.c...
compiling NRF_Ctrl.c...
compiling sd.c...
compiling g_code.c...
compiling TFT_control.c...
compiling Page_Main.c...
compiling Page_DingWei.c...
compiling Page_FileSelect.c...
compiling Page_ShowCN.c...
compiling Page_SetDate.c...
compiling Page_SetTime.c...
compiling Page_SetSYS.c...
compiling device.c...
compiling stm32f10x_it.c...
compiling device_LED.c...
compiling device_NRF24L01.c...
compiling device_Key.c...
compiling device_lcd.c...
E:\Ñ¸À×ÏÂÔØ\µñ¿Ì»ú³ÌÐò\System\Device\device_LCD\device_lcd_fmsc.c(207): warning:  #550-D: variable "dummy"  was set but never used
  	u16 dummy;
..\..\System\Device\device_LCD\device_lcd.c: 1 warning, 0 errors
compiling device_spi.c...
compiling device_usart.c...
compiling device_sd_sdio.c...
compiling device_rtc.c...
compiling device_Touch.c...
compiling GUI.c...
compiling GUI_OS.c...
compiling GUI_Draw2D.c...
compiling GUI_font.c...
compiling GUI_LCDAPI.c...
compiling GUI_Form.c...
compiling GUI_Lamp.c...
compiling GUI_Button.c...
compiling GUI_Key.c...
compiling GUI_touch.c...
compiling GUI_Menu.c...
compiling GUI_Lable.c...
compiling GUI_FileList.c...
compiling GUI_Scrollbar.c...
compiling GUI_Led.c...
compiling os.c...
compiling os_systick.c...
assembling os_a.asm...
compiling os_timer.c...
compiling ccsbcs.c...
compiling ff.c...
E:\Ñ¸À×ÏÂÔØ\µñ¿Ì»ú³ÌÐò\System\FatFs\ff.c(1713): warning:  #111-D: statement is unreachable
  			w = (w << 8) + b;			/* Create a DBC */
..\..\System\FatFs\ff.c: 1 warning, 0 errors
compiling diskio.c...
compiling malloc.c...
compiling misc.c...
compiling stm32f10x_bkp.c...
compiling stm32f10x_dac.c...
compiling stm32f10x_dma.c...
compiling stm32f10x_crc.c...
compiling stm32f10x_exti.c...
compiling stm32f10x_pwr.c...
compiling stm32f10x_gpio.c...
compiling stm32f10x_rtc.c...
compiling stm32f10x_rcc.c...
compiling stm32f10x_spi.c...
compiling stm32f10x_usart.c...
compiling stm32f10x_fsmc.c...
compiling stm32f10x_tim.c...
compiling core_cm3.c...
compiling stm32f10x_sdio.c...
assembling startup_stm32f10x_md.s...
compiling system_stm32f10x.c...
linking...
Program Size: Code=66500 RO-data=12420 RW-data=548 ZI-data=14180  
FromELF: creating hex file...
".\Output\diaoke.axf" - 0 Error(s), 2 Warning(s).

<h2>Software Packages used:</h2>

Package Vendor: Keil
                http://www.keil.com/pack/Keil.STM32F1xx_DFP.1.0.5.pack
                Keil.STM32F1xx_DFP.1.0.5
                STMicroelectronics STM32F1 Series Device Support, Drivers and Examples

<h2>Collection of Component include folders:</h2>
  .\RTE\_NRF_M
  C:\Keil_v5\ARM\PACK\Keil\STM32F1xx_DFP\1.0.5\Device\Include

<h2>Collection of Component Files used:</h2>
Build Time Elapsed:  00:00:24
</pre>
</body>
</html>
