Component: ARM Compiler 5.06 update 6 (build 750) Tool: armlink [4d35ed]

==============================================================================

Section Cross References

    app.o(.text) refers to device.o(.text) for JTAG_Set
    app.o(.text) refers to device_rtc.o(.text) for InitializeRtc
    app.o(.text) refers to device_touch.o(.text) for InitializeTouch
    app.o(.text) refers to device_lcd.o(.text) for InitializeLcd
    app.o(.text) refers to device_usart.o(.text) for InitializeUsart
    app.o(.text) refers to device_led.o(.text) for InitializeLED
    app.o(.text) refers to device_key.o(.text) for InitializeKey
    app.o(.text) refers to malloc.o(.text) for mem_init
    app.o(.text) refers to misc.o(.text) for NVIC_SetVectorTable
    app.o(.text) refers to os.o(.text) for InitializeOs
    app.o(.text) refers to gui.o(.text) for InitializeGUI
    app.o(.text) refers to sd.o(.text) for InitSD
    app.o(.text) refers to gui_os.o(.text) for GUICreateTask
    app.o(.text) refers to app.o(.bss) for DK
    app.o(.text) refers to os.o(.bss) for OS
    app.o(.text) refers to nrftask.o(.text) for NRFTask
    app.o(.text) refers to app.o(.data) for NRFTaskPriority
    app.o(.text) refers to filetask.o(.text) for FileTask
    app.o(.text) refers to showtask.o(.text) for ShowTask
    nrftask.o(.text) refers to device_nrf24l01.o(.text) for NRF24L01_Init
    nrftask.o(.text) refers to device.o(.text) for DelayMs
    nrftask.o(.text) refers to gui_draw2d.o(.text) for GUI_PutStringAt
    nrftask.o(.text) refers to nrf_ctrl.o(.text) for NRF_M_Init
    nrftask.o(.text) refers to nrf_ctrl.o(.bss) for NRF
    nrftask.o(.text) refers to app.o(.bss) for DK
    nrftask.o(.text) refers to os.o(.bss) for OS
    nrftask.o(.text) refers to app.o(.data) for NRFTaskPriority
    filetask.o(.text) refers to sd.o(.text) for ReadOneLine
    filetask.o(.text) refers to g_code.o(.text) for TransformGCode
    filetask.o(.text) refers to tft_control.o(.text) for ShowRun
    filetask.o(.text) refers to nrftask.o(.text) for Send_GCode
    filetask.o(.text) refers to malloc.o(.text) for mymalloc
    filetask.o(.text) refers to strcpy.o(.text) for strcpy
    filetask.o(.text) refers to strcat.o(.text) for strcat
    filetask.o(.text) refers to ff.o(.text) for f_open
    filetask.o(.text) refers to page_showcn.o(.text) for Page_DK_File
    filetask.o(.text) refers to page_main.o(.text) for Init_MainPage
    filetask.o(.text) refers to app.o(.bss) for DK
    filetask.o(.text) refers to nrf_ctrl.o(.bss) for NRF
    filetask.o(.text) refers to g_code.o(.bss) for G_Code
    filetask.o(.text) refers to os.o(.bss) for OS
    filetask.o(.text) refers to sd.o(.data) for filescr
    showtask.o(.text) refers to gui_draw2d.o(.text) for GUI_DispDec
    showtask.o(.text) refers to gui_form.o(.text) for GUI_FormCreate
    showtask.o(.text) refers to page_main.o(.text) for InitMenu
    showtask.o(.text) refers to page_dingwei.o(.text) for Page_DingWei_Routine
    showtask.o(.text) refers to app.o(.bss) for DK
    showtask.o(.text) refers to showtask.o(.data) for Form1
    showtask.o(.text) refers to gui.o(.bss) for GUI
    showtask.o(.text) refers to os.o(.bss) for OS
    nrf_ctrl.o(.text) refers to device_nrf24l01.o(.text) for RX_Mode
    nrf_ctrl.o(.text) refers to nrftask.o(.text) for NRFTask_RX
    nrf_ctrl.o(.text) refers to nrf_ctrl.o(.bss) for Rx_Buf
    nrf_ctrl.o(.text) refers to os.o(.bss) for OS
    nrf_ctrl.o(.text) refers to app.o(.bss) for DK
    sd.o(.text) refers to malloc.o(.text) for mymalloc
    sd.o(.text) refers to printf3.o(i.__0printf$3) for __2printf
    sd.o(.text) refers to gui_draw2d.o(.text) for GUI_PutStringAt
    sd.o(.text) refers to ff.o(.text) for f_mount
    sd.o(.text) refers to device.o(.text) for DelayMs
    sd.o(.text) refers to sd.o(.data) for fs
    sd.o(.text) refers to device_sd_sdio.o(.bss) for SDCardInfo
    sd.o(.text) refers to gui.o(.bss) for GUI
    sd.o(.text) refers to app.o(.bss) for DK
    sd.o(.text) refers to g_code.o(.bss) for OneLine
    g_code.o(.text) refers to dflti.o(.text) for __aeabi_i2d
    g_code.o(.text) refers to pow.o(i.pow) for pow
    g_code.o(.text) refers to ddiv.o(.text) for __aeabi_ddiv
    g_code.o(.text) refers to dfixi.o(.text) for __aeabi_d2iz
    g_code.o(.text) refers to dmul.o(.text) for __aeabi_dmul
    g_code.o(.text) refers to malloc.o(.text) for mymemset
    g_code.o(.text) refers to app.o(.bss) for DK
    g_code.o(.text) refers to dadd.o(.text) for __aeabi_dadd
    tft_control.o(.text) refers to gui_draw2d.o(.text) for GUI_DrawLine
    tft_control.o(.text) refers to app.o(.bss) for DK
    tft_control.o(.text) refers to tft_control.o(.bss) for TFT
    page_main.o(.text) refers to nrftask.o(.text) for Send_DK_Action
    page_main.o(.text) refers to malloc.o(i.malloc) for malloc
    page_main.o(.text) refers to gui_os.o(.text) for GUI_FormReset
    page_main.o(.text) refers to gui_draw2d.o(.text) for GUI_PutStringAt
[...]
    SD_DMA_Config                            0x0800459d   Thumb Code   146  device_sd_sdio.o(.text)
    convert_from_bytes_to_power_of_two       0x0800462f   Thumb Code    18  device_sd_sdio.o(.text)
    SD_ReadBlock_1                           0x08004641   Thumb Code   562  device_sd_sdio.o(.text)
    SD_ReadBlock                             0x08004873   Thumb Code    56  device_sd_sdio.o(.text)
    SD_ReadMultiBlocks                       0x080048ab   Thumb Code   748  device_sd_sdio.o(.text)
    IsCardProgramming                        0x08004b97   Thumb Code   142  device_sd_sdio.o(.text)
    SD_WriteBlock                            0x08004c25   Thumb Code   888  device_sd_sdio.o(.text)
    SD_WriteMultiBlocks                      0x08004f9d   Thumb Code   962  device_sd_sdio.o(.text)
    SD_ProcessIRQSrc                         0x0800535f   Thumb Code   294  device_sd_sdio.o(.text)
    SDIO_IRQHandler                          0x08005485   Thumb Code     8  device_sd_sdio.o(.text)
    SD_SendStatus                            0x0800548d   Thumb Code    72  device_sd_sdio.o(.text)
    SD_GetState                              0x080054d5   Thumb Code    26  device_sd_sdio.o(.text)
    SD_ReadDisk                              0x080054ef   Thumb Code   164  device_sd_sdio.o(.text)
    SD_WriteDisk                             0x08005593   Thumb Code   164  device_sd_sdio.o(.text)
    ModSend                                  0x08005661   Thumb Code    66  device_usart.o(.text)
    SetUsartMessagePointer                   0x080056a3   Thumb Code     6  device_usart.o(.text)
    MYDMA_Enable                             0x080056a9   Thumb Code    30  device_usart.o(.text)
    USART1_IRQHandler                        0x080056c7   Thumb Code    82  device_usart.o(.text)
    InitUsart1DMA                            0x08005719   Thumb Code   104  device_usart.o(.text)
    InitializeUsart                          0x08005781   Thumb Code   162  device_usart.o(.text)
    SetTouchMessagePointer                   0x0800584d   Thumb Code     6  device_touch.o(.text)
    PostTouchMessageQueue                    0x08005853   Thumb Code    34  device_touch.o(.text)
    _AD240                                   0x08005875   Thumb Code    40  device_touch.o(.text)
    _AD320                                   0x0800589d   Thumb Code    42  device_touch.o(.text)
    Touch_Rd_Addata                          0x080058f1   Thumb Code   254  device_touch.o(.text)
    TouchSystick200Routine                   0x080059ef   Thumb Code   354  device_touch.o(.text)
    InitializeTouch                          0x08005b51   Thumb Code    74  device_touch.o(.text)
    RTC_Get_Week                             0x08005be9   Thumb Code   122  device_rtc.o(.text)
    Is_Leap_Year                             0x08005c63   Thumb Code    58  device_rtc.o(.text)
    RTC_Get                                  0x08005c9d   Thumb Code   236  device_rtc.o(.text)
    RTC_IRQHandler                           0x08005d89   Thumb Code    40  device_rtc.o(.text)
    RTC_Set                                  0x08005db1   Thumb Code   170  device_rtc.o(.text)
    RtcInitialize                            0x08005e5b   Thumb Code   194  device_rtc.o(.text)
    InitializeRtc                            0x08005f1d   Thumb Code     8  device_rtc.o(.text)
    GUI_Exc                                  0x08005f41   Thumb Code     2  gui.o(.text)
    InitializeGUI                            0x08005f43   Thumb Code    76  gui.o(.text)
    IsGUIID                                  0x08005f8f   Thumb Code    18  gui.o(.text)
    GUI_FocusSelectChang                     0x08005fa1   Thumb Code   178  gui.o(.text)
    HexToString                              0x08006053   Thumb Code    32  gui.o(.text)
    DecToString                              0x08006073   Thumb Code    40  gui.o(.text)
    DecStringToHex                           0x0800609b   Thumb Code   136  gui.o(.text)
    HexStringToHex                           0x08006123   Thumb Code   234  gui.o(.text)
    GUI_MemSet                               0x0800620d   Thumb Code    18  gui.o(.text)
    GUITask                                  0x08006239   Thumb Code   196  gui_os.o(.text)
    GUICreateTask                            0x080062fd   Thumb Code    18  gui_os.o(.text)
    GUI_RunFunction                          0x0800630f   Thumb Code    18  gui_os.o(.text)
    GUI_FL_OpenFile                          0x08006321   Thumb Code    26  gui_os.o(.text)
    GUI_FL_Close                             0x0800633b   Thumb Code    26  gui_os.o(.text)
    GUI_FormReset                            0x08006355   Thumb Code    52  gui_os.o(.text)
    GUI_PutGBChar                            0x08006395   Thumb Code   180  gui_draw2d.o(.text)
    GUI_PutChar                              0x08006449   Thumb Code   220  gui_draw2d.o(.text)
    GUI_Clear                                0x08006525   Thumb Code    76  gui_draw2d.o(.text)
    GUI_DrawHLine                            0x08006571   Thumb Code    56  gui_draw2d.o(.text)
    GUI_DrawVLine                            0x080065a9   Thumb Code    56  gui_draw2d.o(.text)
    GUI_DrawLine                             0x080065e1   Thumb Code   188  gui_draw2d.o(.text)
    GUI_DrawFillRectangle                    0x0800669d   Thumb Code   128  gui_draw2d.o(.text)
    GUI_DrawRectangle                        0x0800671d   Thumb Code   104  gui_draw2d.o(.text)
    GUI_DrawCircle                           0x08006785   Thumb Code   218  gui_draw2d.o(.text)
    GUI_DrawBitmap                           0x0800685f   Thumb Code   502  gui_draw2d.o(.text)
    StringWidth                              0x08006a55   Thumb Code    48  gui_draw2d.o(.text)
    GUI_ShowStringAt                         0x08006a85   Thumb Code    96  gui_draw2d.o(.text)
    GUI_PutStringAt                          0x08006ae5   Thumb Code    36  gui_draw2d.o(.text)
    GUI_DispDecAt                            0x08006b09   Thumb Code    94  gui_draw2d.o(.text)
    GUI_DispDec                              0x08006b67   Thumb Code   178  gui_draw2d.o(.text)
    GUI_DispHexAt                            0x08006c19   Thumb Code    98  gui_draw2d.o(.text)
    Get_Hz_SD                                0x08006c81   Thumb Code   184  gui_font.o(.text)
    GUI_InitLcd                              0x08006d45   Thumb Code     8  gui_lcdapi.o(.text)
    GUI_BackLight                            0x08006d4d   Thumb Code    12  gui_lcdapi.o(.text)
    GUI_BeginWriteRAM                        0x08006d59   Thumb Code     8  gui_lcdapi.o(.text)
    GUI_EndWriteRAM                          0x08006d61   Thumb Code     8  gui_lcdapi.o(.text)
    GUI_OnlyWriteRAM                         0x08006d69   Thumb Code    12  gui_lcdapi.o(.text)
    GUI_SetCursor                            0x08006d75   Thumb Code    16  gui_lcdapi.o(.text)
    GUI_SetPoint                             0x08006d85   Thumb Code    20  gui_lcdapi.o(.text)
    GUI_SetWindows                           0x08006d99   Thumb Code    28  gui_lcdapi.o(.text)
    GUI_GetPoint                             0x08006db5   Thumb Code    16  gui_lcdapi.o(.text)
    GUI_FormCreate                           0x08006dc5   Thumb Code    58  gui_form.o(.text)
    GUI_FormAddChild                         0x08006dff   Thumb Code    76  gui_form.o(.text)
    GUI_FormDeleteAllChild                   0x08006e4b   Thumb Code    94  gui_form.o(.text)
    GUI_FormDelete                           0x08006ea9   Thumb Code    20  gui_form.o(.text)
    GUI_FormDeleteChild                      0x08006ebd   Thumb Code    98  gui_form.o(.text)
    GUI_FormShowNow                          0x08006f1f   Thumb Code   162  gui_form.o(.text)
    GUI_CurrenFormGetIDNum                   0x08006fc1   Thumb Code    54  gui_form.o(.text)
    GUI_LampCreateAsChild                    0x08006ffd   Thumb Code    90  gui_lamp.o(.text)
    GUI_LampSetON                            0x08007057   Thumb Code    28  gui_lamp.o(.text)
    GUI_LampSetOFF                           0x08007073   Thumb Code    28  gui_lamp.o(.text)
    GUI_LampShowNow                          0x0800708f   Thumb Code   134  gui_lamp.o(.text)
    GUI_ButtonCreateAsChild                  0x0800711d   Thumb Code   130  gui_button.o(.text)
    GUI_ButtonRegisterFunc_Down              0x0800719f   Thumb Code    14  gui_button.o(.text)
    GUI_ButtonRegisterFunc_Long              0x080071ad   Thumb Code    14  gui_button.o(.text)
    GUI_ButtonRegisterFunc_Up                0x080071bb   Thumb Code    14  gui_button.o(.text)
    GUI_ButtonSetString                      0x080071c9   Thumb Code    24  gui_button.o(.text)
    ButtonShowOn                             0x080071e1   Thumb Code   282  gui_button.o(.text)
    ButtonShowOff                            0x080072fb   Thumb Code   322  gui_button.o(.text)
    ButtonShowDIS                            0x0800743d   Thumb Code    96  gui_button.o(.text)
    GUI_ButtonShowNow                        0x0800749d   Thumb Code   214  gui_button.o(.text)
    GUI_Button_Down                          0x08007573   Thumb Code    38  gui_button.o(.text)
    GUI_Button_Long                          0x08007599   Thumb Code    22  gui_button.o(.text)
    GUI_Button_UP                            0x080075af   Thumb Code    38  gui_button.o(.text)
    GUI_ButtonKeyDown                        0x080075d5   Thumb Code    28  gui_button.o(.text)
    GUI_ButtonKeyLong                        0x080075f1   Thumb Code    28  gui_button.o(.text)
    GUI_ButtonKeyUp                          0x0800760d   Thumb Code    20  gui_button.o(.text)
    GUI_ButtonTouchDown                      0x08007621   Thumb Code    90  gui_button.o(.text)
    GUI_ButtonTouchLong                      0x0800767b   Thumb Code    20  gui_button.o(.text)
    GUI_ButtonTouchUp                        0x0800768f   Thumb Code    20  gui_button.o(.text)
    GUI_ButtonLostFocus                      0x080076a3   Thumb Code    28  gui_button.o(.text)
    GUI_ButtonGetFocus                       0x080076bf   Thumb Code    28  gui_button.o(.text)
    IsFocasID                                0x080076e1   Thumb Code    52  gui_key.o(.text)
    GUI_KeyFocasSelectUp                     0x08007715   Thumb Code    92  gui_key.o(.text)
    GUI_KeyFocasSelectDown                   0x08007771   Thumb Code    80  gui_key.o(.text)
    GUI_KeyNoFocasSelectEnter                0x080077c1   Thumb Code   110  gui_key.o(.text)
    GUI_FocasSelect                          0x0800782f   Thumb Code   108  gui_key.o(.text)
    GUI_NoFocasSelect                        0x0800789b   Thumb Code    64  gui_key.o(.text)
    GUI_KeyDown                              0x080078db   Thumb Code    22  gui_key.o(.text)
    GUI_KeyLong                              0x080078f1   Thumb Code   106  gui_key.o(.text)
    GUI_KeyUp                                0x0800795b   Thumb Code   106  gui_key.o(.text)
    TouchUpTime                              0x080079c9   Thumb Code   136  gui_touch.o(.text)
    TouchDownTime                            0x08007a51   Thumb Code   150  gui_touch.o(.text)
    TouchLongTime                            0x08007ae7   Thumb Code   138  gui_touch.o(.text)
    GUI_MenuCreateAsChild                    0x08007b75   Thumb Code   212  gui_menu.o(.text)
    GUI_SetCurrentMenus                      0x08007c49   Thumb Code    12  gui_menu.o(.text)
    GUI_MenuShowFocus                        0x08007c55   Thumb Code   198  gui_menu.o(.text)
    GUI_MenuShowNow                          0x08007d1b   Thumb Code   396  gui_menu.o(.text)
    GUI_MenuUseKeyUp                         0x08007ef9   Thumb Code    30  gui_menu.o(.text)
    GUI_MenuUseKeyDown                       0x08007f17   Thumb Code    54  gui_menu.o(.text)
    GUI_MenuUseKeyEnter                      0x08007f4d   Thumb Code   136  gui_menu.o(.text)
    GUI_MenuTouchUp                          0x08007fd5   Thumb Code     2  gui_menu.o(.text)
    GUI_MenuTouchLong                        0x08007fd7   Thumb Code   178  gui_menu.o(.text)
    GUI_MenuTouchDown                        0x08008089   Thumb Code   218  gui_menu.o(.text)
    GUI_MenuKeyFirst                         0x08008163   Thumb Code    74  gui_menu.o(.text)
    GUI_MenuKeyOff                           0x080081ad   Thumb Code     2  gui_menu.o(.text)
    GUI_MenuKeyLong                          0x080081af   Thumb Code     2  gui_menu.o(.text)
    GUI_MenuLostFocus                        0x080081b1   Thumb Code    34  gui_menu.o(.text)
    GUI_MenuGetFocus                         0x080081d3   Thumb Code    34  gui_menu.o(.text)
    GUI_LableCreateAsChild                   0x080081f9   Thumb Code   100  gui_lable.o(.text)
    GUI_LableSetState                        0x0800825d   Thumb Code    60  gui_lable.o(.text)
    GUI_LableSetString                       0x08008299   Thumb Code    26  gui_lable.o(.text)
    GUI_LableSetDecValue                     0x080082b3   Thumb Code    52  gui_lable.o(.text)
    GUI_LableSetHexValue                     0x080082e7   Thumb Code    52  gui_lable.o(.text)
    GUI_LableSetDate                         0x0800831b   Thumb Code    90  gui_lable.o(.text)
    GUI_LableSetTime                         0x08008375   Thumb Code    92  gui_lable.o(.text)
    GUI_LableShowNow                         0x080083d1   Thumb Code   224  gui_lable.o(.text)
    GUI_FileListCreateAsChild                0x080084b5   Thumb Code   208  gui_filelist.o(.text)
    filelist_search                          0x08008585   Thumb Code    58  gui_filelist.o(.text)
    filelist_delete                          0x080085bf   Thumb Code    62  gui_filelist.o(.text)
    GUI_FileListDelete                       0x080085fd   Thumb Code    52  gui_filelist.o(.text)
    GUI_FileListDrawList                     0x08008631   Thumb Code   272  gui_filelist.o(.text)
    GUI_FileList_Show_Path                   0x08008741   Thumb Code   222  gui_filelist.o(.text)
    GUI_FileList_addlist                     0x0800881f   Thumb Code   130  gui_filelist.o(.text)
    GUI_FileListAddDisk                      0x080088a1   Thumb Code    60  gui_filelist.o(.text)
    GUI_FileListbox_Scan                     0x080088dd   Thumb Code   346  gui_filelist.o(.text)
    GUI_FileListShowNow                      0x08008a37   Thumb Code   222  gui_filelist.o(.text)
    filelistbox_rebuild_filelist             0x08008b15   Thumb Code    48  gui_filelist.o(.text)
    GUI_FileListTouchUp                      0x08008b45   Thumb Code    50  gui_filelist.o(.text)
    filelistbox_get_pathdepth                0x08008b77   Thumb Code    26  gui_filelist.o(.text)
    filelistbox_back                         0x08008b91   Thumb Code   108  gui_filelist.o(.text)
    gui_path_name                            0x08008bfd   Thumb Code    36  gui_filelist.o(.text)
    filelistbox_check_filelist               0x08008c21   Thumb Code   318  gui_filelist.o(.text)
    GUI_FileListTouchLong                    0x08008d5f   Thumb Code   124  gui_filelist.o(.text)
    GUI_FileListTouchDown                    0x08008ddb   Thumb Code   352  gui_filelist.o(.text)
    filelistbox_show_info                    0x08008f3b   Thumb Code     2  gui_filelist.o(.text)
    filelistbox_2click_hook                  0x08008f3d   Thumb Code     2  gui_filelist.o(.text)
    tsflistbox_creat                         0x08008f3f   Thumb Code     8  gui_filelist.o(.text)
    tsflistbox_setpath                       0x08008f47   Thumb Code     2  gui_filelist.o(.text)
    tsflistbox_del                           0x08008f49   Thumb Code     2  gui_filelist.o(.text)
    tsflistbox_addlist                       0x08008f4b   Thumb Code     6  gui_filelist.o(.text)
    tsflistbox_draw                          0x08008f51   Thumb Code     2  gui_filelist.o(.text)
    GUI_ScrollbarCreate                      0x08008f59   Thumb Code   124  gui_scrollbar.o(.text)
    GUI_Scrollbar_GetWZ                      0x08008fd5   Thumb Code    56  gui_scrollbar.o(.text)
    GUI_ScrollbarShowNow                     0x0800900d   Thumb Code   496  gui_scrollbar.o(.text)
    GUI_ScrollbarTouchDown                   0x080091fd   Thumb Code   210  gui_scrollbar.o(.text)
    GUI_LEDCreateAsChild                     0x080092d9   Thumb Code   114  gui_led.o(.text)
    GUI_LEDSetValue                          0x0800934b   Thumb Code    12  gui_led.o(.text)
    GUI_LEDShowNow                           0x08009357   Thumb Code   302  gui_led.o(.text)
    PushQueue                                0x08009761   Thumb Code    44  os.o(.text)
    PopQueue                                 0x0800978d   Thumb Code    40  os.o(.text)
    OS_IsUseMutex                            0x080099c3   Thumb Code    46  os.o(.text)
    OSMutexLock                              0x080099f1   Thumb Code   134  os.o(.text)
    OSMutexUnLock                            0x08009a77   Thumb Code   126  os.o(.text)
    IdleTask                                 0x08009af5   Thumb Code     4  os.o(.text)
    CreateIdleTask                           0x08009af9   Thumb Code    14  os.o(.text)
    OS_NVIC_Config                           0x08009b8f   Thumb Code    32  os.o(.text)
    InitializeOs                             0x08009baf   Thumb Code    94  os.o(.text)
    MSOS_InitSystick                         0x08009d73   Thumb Code     8  os_systick.o(.text)
    SysTick_Handler                          0x08009d7b   Thumb Code   214  os_systick.o(.text)
    TimerSystick1000Routine                  0x08009e85   Thumb Code   144  os_timer.o(.text)
    TimerSystick10000Routine                 0x08009f15   Thumb Code   106  os_timer.o(.text)
    StartAt                                  0x0800a019   Thumb Code    70  os_timer.o(.text)
    MSOS_InitTimer                           0x0800a08b   Thumb Code    20  os_timer.o(.text)
    OsStartHighReadyTask                     0x0800a0c9   Thumb Code     0  os_a.o(.text)
    OsSwitchContext                          0x0800a0e5   Thumb Code     0  os_a.o(.text)
    PendSV_Handler                           0x0800a0f3   Thumb Code     0  os_a.o(.text)
    clust2sect                               0x0800a4eb   Thumb Code    26  ff.o(.text)
    get_fat                                  0x0800a505   Thumb Code   232  ff.o(.text)
    put_fat                                  0x0800a5ed   Thumb Code   310  ff.o(.text)
    gen_numname                              0x0800abff   Thumb Code   168  ff.o(.text)
    f_mount                                  0x0800b841   Thumb Code    48  ff.o(.text)
    f_open                                   0x0800b871   Thumb Code   434  ff.o(.text)
    f_read                                   0x0800ba23   Thumb Code   460  ff.o(.text)
    f_write                                  0x0800bbef   Thumb Code   524  ff.o(.text)
    f_sync                                   0x0800bdfb   Thumb Code   176  ff.o(.text)
    f_close                                  0x0800beab   Thumb Code    32  ff.o(.text)
    f_lseek                                  0x0800becb   Thumb Code   430  ff.o(.text)
    f_opendir                                0x0800c079   Thumb Code   116  ff.o(.text)
    f_readdir                                0x0800c0ed   Thumb Code    92  ff.o(.text)
    f_stat                                   0x0800c149   Thumb Code    62  ff.o(.text)
    f_getfree                                0x0800c187   Thumb Code   260  ff.o(.text)
    f_truncate                               0x0800c28b   Thumb Code   154  ff.o(.text)
    f_unlink                                 0x0800c325   Thumb Code   186  ff.o(.text)
    f_mkdir                                  0x0800c3df   Thumb Code   360  ff.o(.text)
    f_chmod                                  0x0800c547   Thumb Code    88  ff.o(.text)
    f_utime                                  0x0800c59f   Thumb Code    90  ff.o(.text)
    f_rename                                 0x0800c5f9   Thumb Code   292  ff.o(.text)
    f_mkfs                                   0x0800c71d   Thumb Code  1534  ff.o(.text)
    disk_initialize                          0x0800cd55   Thumb Code    44  diskio.o(.text)
    disk_status                              0x0800cd81   Thumb Code     6  diskio.o(.text)
    disk_read                                0x0800cd87   Thumb Code    76  diskio.o(.text)
    disk_write                               0x0800cdd3   Thumb Code    92  diskio.o(.text)
    get_fattime                              0x0800ce2f   Thumb Code     4  diskio.o(.text)
    disk_ioctl                               0x0800ce33   Thumb Code   162  diskio.o(.text)
    ff_memalloc                              0x0800ced5   Thumb Code    12  diskio.o(.text)
    ff_memfree                               0x0800cee1   Thumb Code    12  diskio.o(.text)
    ff_convert                               0x0800cef5   Thumb Code    70  ccsbcs.o(.text)
    ff_wtoupper                              0x0800cf3b   Thumb Code    46  ccsbcs.o(.text)
    mymemcpy                                 0x0800cf75   Thumb Code    26  malloc.o(.text)
    mymemset                                 0x0800cf8f   Thumb Code    20  malloc.o(.text)
    mem_init                                 0x0800cfa3   Thumb Code    38  malloc.o(.text)
    mem_perused                              0x0800cfc9   Thumb Code    38  malloc.o(.text)
    mem_malloc                               0x0800cfef   Thumb Code   114  malloc.o(.text)
    mem_free                                 0x0800d061   Thumb Code    66  malloc.o(.text)
    myfree                                   0x0800d0a3   Thumb Code    24  malloc.o(.text)
    mymalloc                                 0x0800d0bb   Thumb Code    28  malloc.o(.text)
    myrealloc                                0x0800d0d7   Thumb Code    50  malloc.o(.text)
    NVIC_PriorityGroupConfig                 0x0800d10d   Thumb Code    10  misc.o(.text)
    NVIC_Init                                0x0800d117   Thumb Code   100  misc.o(.text)
    NVIC_SetVectorTable                      0x0800d17b   Thumb Code    14  misc.o(.text)
    NVIC_SystemLPConfig                      0x0800d189   Thumb Code    34  misc.o(.text)
    SysTick_CLKSourceConfig                  0x0800d1ab   Thumb Code    40  misc.o(.text)
    BKP_DeInit                               0x0800d1e9   Thumb Code    16  stm32f10x_bkp.o(.text)
    BKP_TamperPinLevelConfig                 0x0800d1f9   Thumb Code     6  stm32f10x_bkp.o(.text)
    BKP_TamperPinCmd                         0x0800d1ff   Thumb Code     8  stm32f10x_bkp.o(.text)
    BKP_ITConfig                             0x0800d207   Thumb Code     8  stm32f10x_bkp.o(.text)
    BKP_RTCOutputConfig                      0x0800d20f   Thumb Code    22  stm32f10x_bkp.o(.text)
    BKP_SetRTCCalibrationValue               0x0800d225   Thumb Code    22  stm32f10x_bkp.o(.text)
    BKP_WriteBackupRegister                  0x0800d23b   Thumb Code    24  stm32f10x_bkp.o(.text)
    BKP_ReadBackupRegister                   0x0800d253   Thumb Code    26  stm32f10x_bkp.o(.text)
    BKP_GetFlagStatus                        0x0800d26d   Thumb Code    10  stm32f10x_bkp.o(.text)
    BKP_ClearFlag                            0x0800d277   Thumb Code    18  stm32f10x_bkp.o(.text)
    BKP_GetITStatus                          0x0800d289   Thumb Code    10  stm32f10x_bkp.o(.text)
    BKP_ClearITPendingBit                    0x0800d293   Thumb Code    18  stm32f10x_bkp.o(.text)
    DMA_DeInit                               0x0800d2ad   Thumb Code   324  stm32f10x_dma.o(.text)
    DMA_Init                                 0x0800d3f1   Thumb Code    60  stm32f10x_dma.o(.text)
    DMA_StructInit                           0x0800d42d   Thumb Code    26  stm32f10x_dma.o(.text)
    DMA_Cmd                                  0x0800d447   Thumb Code    24  stm32f10x_dma.o(.text)
    DMA_ITConfig                             0x0800d45f   Thumb Code    18  stm32f10x_dma.o(.text)
    DMA_SetCurrDataCounter                   0x0800d471   Thumb Code     4  stm32f10x_dma.o(.text)
    DMA_GetCurrDataCounter                   0x0800d475   Thumb Code     8  stm32f10x_dma.o(.text)
    DMA_GetFlagStatus                        0x0800d47d   Thumb Code    40  stm32f10x_dma.o(.text)
    DMA_ClearFlag                            0x0800d4a5   Thumb Code    22  stm32f10x_dma.o(.text)
    DMA_GetITStatus                          0x0800d4bb   Thumb Code    40  stm32f10x_dma.o(.text)
    DMA_ClearITPendingBit                    0x0800d4e3   Thumb Code    22  stm32f10x_dma.o(.text)
    GPIO_DeInit                              0x0800d501   Thumb Code   172  stm32f10x_gpio.o(.text)
    GPIO_AFIODeInit                          0x0800d5ad   Thumb Code    20  stm32f10x_gpio.o(.text)
    GPIO_Init                                0x0800d5c1   Thumb Code   278  stm32f10x_gpio.o(.text)
    GPIO_StructInit                          0x0800d6d7   Thumb Code    16  stm32f10x_gpio.o(.text)
    GPIO_ReadInputDataBit                    0x0800d6e7   Thumb Code    18  stm32f10x_gpio.o(.text)
    GPIO_ReadInputData                       0x0800d6f9   Thumb Code     8  stm32f10x_gpio.o(.text)
    GPIO_ReadOutputDataBit                   0x0800d701   Thumb Code    18  stm32f10x_gpio.o(.text)
    GPIO_ReadOutputData                      0x0800d713   Thumb Code     8  stm32f10x_gpio.o(.text)
    GPIO_SetBits                             0x0800d71b   Thumb Code     4  stm32f10x_gpio.o(.text)
    GPIO_ResetBits                           0x0800d71f   Thumb Code     4  stm32f10x_gpio.o(.text)
    GPIO_WriteBit                            0x0800d723   Thumb Code    10  stm32f10x_gpio.o(.text)
    GPIO_Write                               0x0800d72d   Thumb Code     4  stm32f10x_gpio.o(.text)
    GPIO_PinLockConfig                       0x0800d731   Thumb Code    18  stm32f10x_gpio.o(.text)
    GPIO_EventOutputConfig                   0x0800d743   Thumb Code    26  stm32f10x_gpio.o(.text)
    GPIO_EventOutputCmd                      0x0800d75d   Thumb Code     6  stm32f10x_gpio.o(.text)
    GPIO_PinRemapConfig                      0x0800d763   Thumb Code   138  stm32f10x_gpio.o(.text)
    GPIO_EXTILineConfig                      0x0800d7ed   Thumb Code    66  stm32f10x_gpio.o(.text)
    GPIO_ETH_MediaInterfaceConfig            0x0800d82f   Thumb Code     8  stm32f10x_gpio.o(.text)
    PWR_DeInit                               0x0800d85d   Thumb Code    22  stm32f10x_pwr.o(.text)
    PWR_BackupAccessCmd                      0x0800d873   Thumb Code     6  stm32f10x_pwr.o(.text)
    PWR_PVDCmd                               0x0800d879   Thumb Code     6  stm32f10x_pwr.o(.text)
    PWR_PVDLevelConfig                       0x0800d87f   Thumb Code    18  stm32f10x_pwr.o(.text)
    PWR_WakeUpPinCmd                         0x0800d891   Thumb Code     8  stm32f10x_pwr.o(.text)
    PWR_EnterSTOPMode                        0x0800d899   Thumb Code    54  stm32f10x_pwr.o(.text)
    PWR_EnterSTANDBYMode                     0x0800d8cf   Thumb Code    42  stm32f10x_pwr.o(.text)
    PWR_GetFlagStatus                        0x0800d8f9   Thumb Code    20  stm32f10x_pwr.o(.text)
    PWR_ClearFlag                            0x0800d90d   Thumb Code    14  stm32f10x_pwr.o(.text)
    RCC_DeInit                               0x0800d929   Thumb Code    64  stm32f10x_rcc.o(.text)
    RCC_HSEConfig                            0x0800d969   Thumb Code    70  stm32f10x_rcc.o(.text)
    RCC_GetFlagStatus                        0x0800d9af   Thumb Code    56  stm32f10x_rcc.o(.text)
    RCC_WaitForHSEStartUp                    0x0800d9e7   Thumb Code    56  stm32f10x_rcc.o(.text)
    RCC_AdjustHSICalibrationValue            0x0800da1f   Thumb Code    20  stm32f10x_rcc.o(.text)
    RCC_HSICmd                               0x0800da33   Thumb Code     6  stm32f10x_rcc.o(.text)
    RCC_PLLConfig                            0x0800da39   Thumb Code    24  stm32f10x_rcc.o(.text)
    RCC_PLLCmd                               0x0800da51   Thumb Code     6  stm32f10x_rcc.o(.text)
    RCC_SYSCLKConfig                         0x0800da57   Thumb Code    18  stm32f10x_rcc.o(.text)
    RCC_GetSYSCLKSource                      0x0800da69   Thumb Code    10  stm32f10x_rcc.o(.text)
    RCC_HCLKConfig                           0x0800da73   Thumb Code    18  stm32f10x_rcc.o(.text)
    RCC_PCLK1Config                          0x0800da85   Thumb Code    18  stm32f10x_rcc.o(.text)
    RCC_PCLK2Config                          0x0800da97   Thumb Code    20  stm32f10x_rcc.o(.text)
    RCC_ITConfig                             0x0800daab   Thumb Code    26  stm32f10x_rcc.o(.text)
    RCC_USBCLKConfig                         0x0800dac5   Thumb Code     8  stm32f10x_rcc.o(.text)
    RCC_ADCCLKConfig                         0x0800dacd   Thumb Code    18  stm32f10x_rcc.o(.text)
    RCC_LSEConfig                            0x0800dadf   Thumb Code    50  stm32f10x_rcc.o(.text)
    RCC_LSICmd                               0x0800db11   Thumb Code     6  stm32f10x_rcc.o(.text)
    RCC_RTCCLKConfig                         0x0800db17   Thumb Code    12  stm32f10x_rcc.o(.text)
    RCC_RTCCLKCmd                            0x0800db23   Thumb Code     8  stm32f10x_rcc.o(.text)
    RCC_GetClocksFreq                        0x0800db2b   Thumb Code   192  stm32f10x_rcc.o(.text)
    RCC_AHBPeriphClockCmd                    0x0800dbeb   Thumb Code    26  stm32f10x_rcc.o(.text)
    RCC_APB2PeriphClockCmd                   0x0800dc05   Thumb Code    26  stm32f10x_rcc.o(.text)
    RCC_APB1PeriphClockCmd                   0x0800dc1f   Thumb Code    26  stm32f10x_rcc.o(.text)
    RCC_APB2PeriphResetCmd                   0x0800dc39   Thumb Code    26  stm32f10x_rcc.o(.text)
    RCC_APB1PeriphResetCmd                   0x0800dc53   Thumb Code    26  stm32f10x_rcc.o(.text)
    RCC_BackupResetCmd                       0x0800dc6d   Thumb Code     8  stm32f10x_rcc.o(.text)
    RCC_ClockSecuritySystemCmd               0x0800dc75   Thumb Code     6  stm32f10x_rcc.o(.text)
    RCC_MCOConfig                            0x0800dc7b   Thumb Code     6  stm32f10x_rcc.o(.text)
    RCC_ClearFlag                            0x0800dc81   Thumb Code    14  stm32f10x_rcc.o(.text)
    RCC_GetITStatus                          0x0800dc8f   Thumb Code    20  stm32f10x_rcc.o(.text)
    RCC_ClearITPendingBit                    0x0800dca3   Thumb Code     6  stm32f10x_rcc.o(.text)
    RTC_ITConfig                             0x0800dccd   Thumb Code    26  stm32f10x_rtc.o(.text)
    RTC_EnterConfigMode                      0x0800dce7   Thumb Code    18  stm32f10x_rtc.o(.text)
    RTC_ExitConfigMode                       0x0800dcf9   Thumb Code    20  stm32f10x_rtc.o(.text)
    RTC_GetCounter                           0x0800dd0d   Thumb Code    18  stm32f10x_rtc.o(.text)
    RTC_SetCounter                           0x0800dd1f   Thumb Code    26  stm32f10x_rtc.o(.text)
    RTC_SetPrescaler                         0x0800dd39   Thumb Code    28  stm32f10x_rtc.o(.text)
    RTC_SetAlarm                             0x0800dd55   Thumb Code    26  stm32f10x_rtc.o(.text)
    RTC_GetDivider                           0x0800dd6f   Thumb Code    22  stm32f10x_rtc.o(.text)
    RTC_WaitForLastTask                      0x0800dd85   Thumb Code    18  stm32f10x_rtc.o(.text)
    RTC_WaitForSynchro                       0x0800dd97   Thumb Code    36  stm32f10x_rtc.o(.text)
    RTC_GetFlagStatus                        0x0800ddbb   Thumb Code    22  stm32f10x_rtc.o(.text)
    RTC_ClearFlag                            0x0800ddd1   Thumb Code    16  stm32f10x_rtc.o(.text)
    RTC_GetITStatus                          0x0800dde1   Thumb Code    32  stm32f10x_rtc.o(.text)
    RTC_ClearITPendingBit                    0x0800de01   Thumb Code    16  stm32f10x_rtc.o(.text)
    SPI_I2S_DeInit                           0x0800de15   Thumb Code    76  stm32f10x_spi.o(.text)
    SPI_Init                                 0x0800de61   Thumb Code    60  stm32f10x_spi.o(.text)
    I2S_Init                                 0x0800de9d   Thumb Code   226  stm32f10x_spi.o(.text)
    SPI_StructInit                           0x0800df7f   Thumb Code    24  stm32f10x_spi.o(.text)
    I2S_StructInit                           0x0800df97   Thumb Code    20  stm32f10x_spi.o(.text)
    SPI_Cmd                                  0x0800dfab   Thumb Code    24  stm32f10x_spi.o(.text)
    I2S_Cmd                                  0x0800dfc3   Thumb Code    24  stm32f10x_spi.o(.text)
    SPI_I2S_ITConfig                         0x0800dfdb   Thumb Code    32  stm32f10x_spi.o(.text)
    SPI_I2S_DMACmd                           0x0800dffb   Thumb Code    18  stm32f10x_spi.o(.text)
    SPI_I2S_SendData                         0x0800e00d   Thumb Code     4  stm32f10x_spi.o(.text)
    SPI_I2S_ReceiveData                      0x0800e011   Thumb Code     6  stm32f10x_spi.o(.text)
    SPI_NSSInternalSoftwareConfig            0x0800e017   Thumb Code    30  stm32f10x_spi.o(.text)
    SPI_SSOutputCmd                          0x0800e035   Thumb Code    24  stm32f10x_spi.o(.text)
    SPI_DataSizeConfig                       0x0800e04d   Thumb Code    18  stm32f10x_spi.o(.text)
    SPI_TransmitCRC                          0x0800e05f   Thumb Code    10  stm32f10x_spi.o(.text)
    SPI_CalculateCRC                         0x0800e069   Thumb Code    24  stm32f10x_spi.o(.text)
    SPI_GetCRC                               0x0800e081   Thumb Code    16  stm32f10x_spi.o(.text)
    SPI_GetCRCPolynomial                     0x0800e091   Thumb Code     6  stm32f10x_spi.o(.text)
    SPI_BiDirectionalLineConfig              0x0800e097   Thumb Code    28  stm32f10x_spi.o(.text)
    SPI_I2S_GetFlagStatus                    0x0800e0b3   Thumb Code    18  stm32f10x_spi.o(.text)
    SPI_I2S_ClearFlag                        0x0800e0c5   Thumb Code     6  stm32f10x_spi.o(.text)
    SPI_I2S_GetITStatus                      0x0800e0cb   Thumb Code    52  stm32f10x_spi.o(.text)
    SPI_I2S_ClearITPendingBit                0x0800e0ff   Thumb Code    20  stm32f10x_spi.o(.text)
    USART_DeInit                             0x0800e121   Thumb Code   134  stm32f10x_usart.o(.text)
    USART_Init                               0x0800e1a7   Thumb Code   210  stm32f10x_usart.o(.text)
    USART_StructInit                         0x0800e279   Thumb Code    24  stm32f10x_usart.o(.text)
    USART_ClockInit                          0x0800e291   Thumb Code    34  stm32f10x_usart.o(.text)
    USART_ClockStructInit                    0x0800e2b3   Thumb Code    12  stm32f10x_usart.o(.text)
    USART_Cmd                                0x0800e2bf   Thumb Code    24  stm32f10x_usart.o(.text)
    USART_ITConfig                           0x0800e2d7   Thumb Code    74  stm32f10x_usart.o(.text)
    USART_DMACmd                             0x0800e321   Thumb Code    18  stm32f10x_usart.o(.text)
    USART_SetAddress                         0x0800e333   Thumb Code    18  stm32f10x_usart.o(.text)
    USART_WakeUpConfig                       0x0800e345   Thumb Code    18  stm32f10x_usart.o(.text)
    USART_ReceiverWakeUpCmd                  0x0800e357   Thumb Code    24  stm32f10x_usart.o(.text)
    USART_LINBreakDetectLengthConfig         0x0800e36f   Thumb Code    18  stm32f10x_usart.o(.text)
    USART_LINCmd                             0x0800e381   Thumb Code    24  stm32f10x_usart.o(.text)
    USART_SendData                           0x0800e399   Thumb Code     8  stm32f10x_usart.o(.text)
    USART_ReceiveData                        0x0800e3a1   Thumb Code    10  stm32f10x_usart.o(.text)
    USART_SendBreak                          0x0800e3ab   Thumb Code    10  stm32f10x_usart.o(.text)
    USART_SetGuardTime                       0x0800e3b5   Thumb Code    16  stm32f10x_usart.o(.text)
    USART_SetPrescaler                       0x0800e3c5   Thumb Code    16  stm32f10x_usart.o(.text)
    USART_SmartCardCmd                       0x0800e3d5   Thumb Code    24  stm32f10x_usart.o(.text)
    USART_SmartCardNACKCmd                   0x0800e3ed   Thumb Code    24  stm32f10x_usart.o(.text)
    USART_HalfDuplexCmd                      0x0800e405   Thumb Code    24  stm32f10x_usart.o(.text)
    USART_OverSampling8Cmd                   0x0800e41d   Thumb Code    22  stm32f10x_usart.o(.text)
    USART_OneBitMethodCmd                    0x0800e433   Thumb Code    24  stm32f10x_usart.o(.text)
    USART_IrDAConfig                         0x0800e44b   Thumb Code    18  stm32f10x_usart.o(.text)
    USART_IrDACmd                            0x0800e45d   Thumb Code    24  stm32f10x_usart.o(.text)
    USART_GetFlagStatus                      0x0800e475   Thumb Code    26  stm32f10x_usart.o(.text)
    USART_ClearFlag                          0x0800e48f   Thumb Code    18  stm32f10x_usart.o(.text)
    USART_GetITStatus                        0x0800e4a1   Thumb Code    84  stm32f10x_usart.o(.text)
    USART_ClearITPendingBit                  0x0800e4f5   Thumb Code    52  stm32f10x_usart.o(.text)
    FSMC_NORSRAMDeInit                       0x0800e529   Thumb Code    54  stm32f10x_fsmc.o(.text)
    FSMC_NANDDeInit                          0x0800e55f   Thumb Code    62  stm32f10x_fsmc.o(.text)
    FSMC_PCCARDDeInit                        0x0800e59d   Thumb Code    36  stm32f10x_fsmc.o(.text)
    FSMC_NORSRAMInit                         0x0800e5c1   Thumb Code   230  stm32f10x_fsmc.o(.text)
    FSMC_NANDInit                            0x0800e6a7   Thumb Code   132  stm32f10x_fsmc.o(.text)
    FSMC_PCCARDInit                          0x0800e72b   Thumb Code   130  stm32f10x_fsmc.o(.text)
    FSMC_NORSRAMStructInit                   0x0800e7ad   Thumb Code   114  stm32f10x_fsmc.o(.text)
    FSMC_NANDStructInit                      0x0800e81f   Thumb Code    54  stm32f10x_fsmc.o(.text)
    FSMC_PCCARDStructInit                    0x0800e855   Thumb Code    60  stm32f10x_fsmc.o(.text)
    FSMC_NORSRAMCmd                          0x0800e891   Thumb Code    46  stm32f10x_fsmc.o(.text)
    FSMC_NANDCmd                             0x0800e8bf   Thumb Code    86  stm32f10x_fsmc.o(.text)
    FSMC_PCCARDCmd                           0x0800e915   Thumb Code    44  stm32f10x_fsmc.o(.text)
    FSMC_NANDECCCmd                          0x0800e941   Thumb Code    90  stm32f10x_fsmc.o(.text)
    FSMC_GetECC                              0x0800e99b   Thumb Code    24  stm32f10x_fsmc.o(.text)
    FSMC_ITConfig                            0x0800e9b3   Thumb Code   128  stm32f10x_fsmc.o(.text)
    FSMC_GetFlagStatus                       0x0800ea33   Thumb Code    54  stm32f10x_fsmc.o(.text)
    FSMC_ClearFlag                           0x0800ea69   Thumb Code    62  stm32f10x_fsmc.o(.text)
    FSMC_GetITStatus                         0x0800eaa7   Thumb Code    64  stm32f10x_fsmc.o(.text)
    FSMC_ClearITPendingBit                   0x0800eae7   Thumb Code    68  stm32f10x_fsmc.o(.text)
    SDIO_DeInit                              0x0800eb35   Thumb Code    28  stm32f10x_sdio.o(.text)
    SDIO_Init                                0x0800eb51   Thumb Code    42  stm32f10x_sdio.o(.text)
    SDIO_StructInit                          0x0800eb7b   Thumb Code    16  stm32f10x_sdio.o(.text)
    SDIO_ClockCmd                            0x0800eb8b   Thumb Code     6  stm32f10x_sdio.o(.text)
    SDIO_SetPowerState                       0x0800eb91   Thumb Code    22  stm32f10x_sdio.o(.text)
    SDIO_GetPowerState                       0x0800eba7   Thumb Code    10  stm32f10x_sdio.o(.text)
    SDIO_ITConfig                            0x0800ebb1   Thumb Code    26  stm32f10x_sdio.o(.text)
    SDIO_DMACmd                              0x0800ebcb   Thumb Code     6  stm32f10x_sdio.o(.text)
    SDIO_SendCommand                         0x0800ebd1   Thumb Code    38  stm32f10x_sdio.o(.text)
    SDIO_CmdStructInit                       0x0800ebf7   Thumb Code    14  stm32f10x_sdio.o(.text)
    SDIO_GetCommandResponse                  0x0800ec05   Thumb Code     8  stm32f10x_sdio.o(.text)
    SDIO_GetResponse                         0x0800ec0d   Thumb Code    22  stm32f10x_sdio.o(.text)
    SDIO_DataConfig                          0x0800ec23   Thumb Code    42  stm32f10x_sdio.o(.text)
    SDIO_DataStructInit                      0x0800ec4d   Thumb Code    20  stm32f10x_sdio.o(.text)
    SDIO_GetDataCounter                      0x0800ec61   Thumb Code     6  stm32f10x_sdio.o(.text)
    SDIO_ReadData                            0x0800ec67   Thumb Code     8  stm32f10x_sdio.o(.text)
    SDIO_WriteData                           0x0800ec6f   Thumb Code     8  stm32f10x_sdio.o(.text)
    SDIO_GetFIFOCount                        0x0800ec77   Thumb Code     6  stm32f10x_sdio.o(.text)
    SDIO_StartSDIOReadWait                   0x0800ec7d   Thumb Code     8  stm32f10x_sdio.o(.text)
    SDIO_StopSDIOReadWait                    0x0800ec85   Thumb Code     8  stm32f10x_sdio.o(.text)
    SDIO_SetSDIOReadWaitMode                 0x0800ec8d   Thumb Code     8  stm32f10x_sdio.o(.text)
    SDIO_SetSDIOOperation                    0x0800ec95   Thumb Code     8  stm32f10x_sdio.o(.text)
    SDIO_SendSDIOSuspendCmd                  0x0800ec9d   Thumb Code     6  stm32f10x_sdio.o(.text)
    SDIO_CommandCompletionCmd                0x0800eca3   Thumb Code     8  stm32f10x_sdio.o(.text)
    SDIO_CEATAITCmd                          0x0800ecab   Thumb Code    12  stm32f10x_sdio.o(.text)
    SDIO_SendCEATACmd                        0x0800ecb7   Thumb Code     8  stm32f10x_sdio.o(.text)
    SDIO_GetFlagStatus                       0x0800ecbf   Thumb Code    20  stm32f10x_sdio.o(.text)
    SDIO_ClearFlag                           0x0800ecd3   Thumb Code     6  stm32f10x_sdio.o(.text)
    SDIO_GetITStatus                         0x0800ecd9   Thumb Code    20  stm32f10x_sdio.o(.text)
    SDIO_ClearITPendingBit                   0x0800eced   Thumb Code     6  stm32f10x_sdio.o(.text)
    SystemInit                               0x0800ede7   Thumb Code    78  system_stm32f10x.o(.text)
    SystemCoreClockUpdate                    0x0800ee35   Thumb Code   142  system_stm32f10x.o(.text)
    Reset_Handler                            0x0800eee9   Thumb Code     8  startup_stm32f10x_md.o(.text)
    ADC1_2_IRQHandler                        0x0800ef03   Thumb Code     0  startup_stm32f10x_md.o(.text)
    CAN1_RX1_IRQHandler                      0x0800ef03   Thumb Code     0  startup_stm32f10x_md.o(.text)
    CAN1_SCE_IRQHandler                      0x0800ef03   Thumb Code     0  startup_stm32f10x_md.o(.text)
    DMA1_Channel1_IRQHandler                 0x0800ef03   Thumb Code     0  startup_stm32f10x_md.o(.text)
    DMA1_Channel2_IRQHandler                 0x0800ef03   Thumb Code     0  startup_stm32f10x_md.o(.text)
    DMA1_Channel3_IRQHandler                 0x0800ef03   Thumb Code     0  startup_stm32f10x_md.o(.text)
    DMA1_Channel4_IRQHandler                 0x0800ef03   Thumb Code     0  startup_stm32f10x_md.o(.text)
    DMA1_Channel5_IRQHandler                 0x0800ef03   Thumb Code     0  startup_stm32f10x_md.o(.text)
    DMA1_Channel6_IRQHandler                 0x0800ef03   Thumb Code     0  startup_stm32f10x_md.o(.text)
    DMA1_Channel7_IRQHandler                 0x0800ef03   Thumb Code     0  startup_stm32f10x_md.o(.text)
    EXTI0_IRQHandler                         0x0800ef03   Thumb Code     0  startup_stm32f10x_md.o(.text)
    EXTI15_10_IRQHandler                     0x0800ef03   Thumb Code     0  startup_stm32f10x_md.o(.text)
    EXTI1_IRQHandler                         0x0800ef03   Thumb Code     0  startup_stm32f10x_md.o(.text)
    EXTI2_IRQHandler                         0x0800ef03   Thumb Code     0  startup_stm32f10x_md.o(.text)
    EXTI3_IRQHandler                         0x0800ef03   Thumb Code     0  startup_stm32f10x_md.o(.text)
    EXTI4_IRQHandler                         0x0800ef03   Thumb Code     0  startup_stm32f10x_md.o(.text)
    EXTI9_5_IRQHandler                       0x0800ef03   Thumb Code     0  startup_stm32f10x_md.o(.text)
    FLASH_IRQHandler                         0x0800ef03   Thumb Code     0  startup_stm32f10x_md.o(.text)
    I2C1_ER_IRQHandler                       0x0800ef03   Thumb Code     0  startup_stm32f10x_md.o(.text)
    I2C1_EV_IRQHandler                       0x0800ef03   Thumb Code     0  startup_stm32f10x_md.o(.text)
    I2C2_ER_IRQHandler                       0x0800ef03   Thumb Code     0  startup_stm32f10x_md.o(.text)
    I2C2_EV_IRQHandler                       0x0800ef03   Thumb Code     0  startup_stm32f10x_md.o(.text)
    PVD_IRQHandler                           0x0800ef03   Thumb Code     0  startup_stm32f10x_md.o(.text)
    RCC_IRQHandler                           0x0800ef03   Thumb Code     0  startup_stm32f10x_md.o(.text)
    RTCAlarm_IRQHandler                      0x0800ef03   Thumb Code     0  startup_stm32f10x_md.o(.text)
    SPI1_IRQHandler                          0x0800ef03   Thumb Code     0  startup_stm32f10x_md.o(.text)
    SPI2_IRQHandler                          0x0800ef03   Thumb Code     0  startup_stm32f10x_md.o(.text)
    TAMPER_IRQHandler                        0x0800ef03   Thumb Code     0  startup_stm32f10x_md.o(.text)
    TIM1_BRK_IRQHandler                      0x0800ef03   Thumb Code     0  startup_stm32f10x_md.o(.text)
    TIM1_CC_IRQHandler                       0x0800ef03   Thumb Code     0  startup_stm32f10x_md.o(.text)
    TIM1_TRG_COM_IRQHandler                  0x0800ef03   Thumb Code     0  startup_stm32f10x_md.o(.text)
    TIM1_UP_IRQHandler                       0x0800ef03   Thumb Code     0  startup_stm32f10x_md.o(.text)
    TIM2_IRQHandler                          0x0800ef03   Thumb Code     0  startup_stm32f10x_md.o(.text)
    TIM3_IRQHandler                          0x0800ef03   Thumb Code     0  startup_stm32f10x_md.o(.text)
    TIM4_IRQHandler                          0x0800ef03   Thumb Code     0  startup_stm32f10x_md.o(.text)
    USART2_IRQHandler                        0x0800ef03   Thumb Code     0  startup_stm32f10x_md.o(.text)
    USART3_IRQHandler                        0x0800ef03   Thumb Code     0  startup_stm32f10x_md.o(.text)
    USBWakeUp_IRQHandler                     0x0800ef03   Thumb Code     0  startup_stm32f10x_md.o(.text)
    USB_LP_CAN1_RX0_IRQHandler               0x0800ef03   Thumb Code     0  startup_stm32f10x_md.o(.text)
    WWDG_IRQHandler                          0x0800ef03   Thumb Code     0  startup_stm32f10x_md.o(.text)
    __aeabi_ldivmod                          0x0800ef0d   Thumb Code    98  ldiv.o(.text)
    __aeabi_memcpy                           0x0800ef6f   Thumb Code    36  memcpya.o(.text)
    __aeabi_memcpy4                          0x0800ef6f   Thumb Code     0  memcpya.o(.text)
    __aeabi_memcpy8                          0x0800ef6f   Thumb Code     0  memcpya.o(.text)
    strcat                                   0x0800ef93   Thumb Code    24  strcat.o(.text)
    strstr                                   0x0800efab   Thumb Code    36  strstr.o(.text)
    strlen                                   0x0800efcf   Thumb Code    14  strlen.o(.text)
    strcmp                                   0x0800efdd   Thumb Code    28  strcmp.o(.text)
    strcpy                                   0x0800eff9   Thumb Code    18  strcpy.o(.text)
    __aeabi_dadd                             0x0800f00b   Thumb Code   322  dadd.o(.text)
    __aeabi_dsub                             0x0800f14d   Thumb Code     6  dadd.o(.text)
    __aeabi_drsub                            0x0800f153   Thumb Code     6  dadd.o(.text)
    __aeabi_dmul                             0x0800f159   Thumb Code   228  dmul.o(.text)
    __aeabi_ddiv                             0x0800f23d   Thumb Code   222  ddiv.o(.text)
    __aeabi_i2d                              0x0800f31b   Thumb Code    34  dflti.o(.text)
    __aeabi_ui2d                             0x0800f33d   Thumb Code    26  dfltui.o(.text)
    __aeabi_d2iz                             0x0800f357   Thumb Code    62  dfixi.o(.text)
    __aeabi_d2uiz                            0x0800f395   Thumb Code    50  dfixui.o(.text)
    __aeabi_uidiv                            0x0800f3c7   Thumb Code     0  uidiv.o(.text)
    __aeabi_uidivmod                         0x0800f3c7   Thumb Code    44  uidiv.o(.text)
    __aeabi_uldivmod                         0x0800f3f3   Thumb Code    98  uldiv.o(.text)
    __aeabi_llsl                             0x0800f455   Thumb Code    30  llshl.o(.text)
    _ll_shift_l                              0x0800f455   Thumb Code     0  llshl.o(.text)
    __aeabi_llsr                             0x0800f473   Thumb Code    32  llushr.o(.text)
    _ll_ushift_r                             0x0800f473   Thumb Code     0  llushr.o(.text)
    __aeabi_lasr                             0x0800f493   Thumb Code    36  llsshr.o(.text)
    _ll_sshift_r                             0x0800f493   Thumb Code     0  llsshr.o(.text)
    __I$use$fp                               0x0800f4b7   Thumb Code     0  iusefp.o(.text)
    _double_round                            0x0800f4b7   Thumb Code    30  depilogue.o(.text)
    _double_epilogue                         0x0800f4d5   Thumb Code   156  depilogue.o(.text)
    __ARM_scalbn                             0x0800f571   Thumb Code    46  dscalb.o(.text)
    scalbn                                   0x0800f571   Thumb Code     0  dscalb.o(.text)
    __aeabi_cdrcmple                         0x0800f5a1   Thumb Code    48  cdrcmple.o(.text)
    __scatterload                            0x0800f5d1   Thumb Code    28  init.o(.text)
    __scatterload_rt2                        0x0800f5d1   Thumb Code     0  init.o(.text)
    _dsqrt                                   0x0800f5f5   Thumb Code   162  dsqrt.o(.text)
    __decompress                             0x0800f697   Thumb Code     0  __dczerorl2.o(.text)
    __decompress1                            0x0800f697   Thumb Code    86  __dczerorl2.o(.text)
    LCD_SetCursor                            0x0800f6ed   Thumb Code    28  device_lcd.o(i.LCD_SetCursor)
    __0printf$3                              0x0800f709   Thumb Code    22  printf3.o(i.__0printf$3)
    __1printf$3                              0x0800f709   Thumb Code     0  printf3.o(i.__0printf$3)
    __2printf                                0x0800f709   Thumb Code     0  printf3.o(i.__0printf$3)
    __ARM_fpclassify                         0x0800f729   Thumb Code    40  fpclassify.o(i.__ARM_fpclassify)
    __kernel_poly                            0x0800f751   Thumb Code   170  poly.o(i.__kernel_poly)
    __mathlib_dbl_divzero                    0x0800f7fd   Thumb Code    12  dunder.o(i.__mathlib_dbl_divzero)
    __mathlib_dbl_infnan2                    0x0800f80d   Thumb Code     4  dunder.o(i.__mathlib_dbl_infnan2)
    __mathlib_dbl_invalid                    0x0800f811   Thumb Code    12  dunder.o(i.__mathlib_dbl_invalid)
    __mathlib_dbl_overflow                   0x0800f81d   Thumb Code    14  dunder.o(i.__mathlib_dbl_overflow)
    __mathlib_dbl_underflow                  0x0800f82d   Thumb Code    10  dunder.o(i.__mathlib_dbl_underflow)
    __scatterload_copy                       0x0800f83d   Thumb Code    14  handlers.o(i.__scatterload_copy)
    __scatterload_null                       0x0800f84b   Thumb Code     2  handlers.o(i.__scatterload_null)
    __scatterload_zeroinit                   0x0800f84d   Thumb Code    14  handlers.o(i.__scatterload_zeroinit)
    __set_errno                              0x0800f85d   Thumb Code     6  errno.o(i.__set_errno)
    malloc                                   0x0800fa21   Thumb Code    92  malloc.o(i.malloc)
    pow                                      0x0800fa8d   Thumb Code  2512  pow.o(i.pow)
    sqrt                                     0x08010465   Thumb Code    76  sqrt.o(i.sqrt)
    HextoAscii                               0x080104b0   Data          16  device.o(.constdata)
    LED_IO                                   0x080104c0   Data          48  device_led.o(.constdata)
    IN_SeparateKey                           0x080104f0   Data          48  device_key.o(.constdata)
    SeparateKeyData                          0x08010520   Data           4  device_key.o(.constdata)
    TX_ADDRESS                               0x08010524   Data           5  device_nrf24l01.o(.constdata)
    RX_ADDRESS                               0x08010529   Data           5  device_nrf24l01.o(.constdata)
    table_week                               0x0801052e   Data          12  device_rtc.o(.constdata)
    mon_table                                0x0801053a   Data          12  device_rtc.o(.constdata)
    acFont4x6                                0x08010556   Data         570  gui_font.o(.constdata)
    acFont6x8                                0x08010790   Data         760  gui_font.o(.constdata)
    acFont8x12                               0x08010a88   Data        1152  gui_font.o(.constdata)
    Font12Address                            0x08010f08   Data          25  gui_font.o(.constdata)
    acFont8x16                               0x08010f21   Data        2608  gui_font.o(.constdata)
    Font16Address                            0x08011951   Data          25  gui_font.o(.constdata)
    acFont16x24                              0x0801196a   Data        4560  gui_font.o(.constdata)
    Font24Address                            0x08012b3a   Data          25  gui_font.o(.constdata)
    bmLamp16                                 0x08012b94   Data          16  gui_lamp.o(.constdata)
    FLIST_DISK_PATH_TBL                      0x08012ba4   Data           8  gui_filelist.o(.constdata)
    FLIST_DISK_NAME_TBL                      0x08012bac   Data           8  gui_filelist.o(.constdata)
    chgchar                                  0x08012bb4   Data           2  gui_filelist.o(.constdata)
    ScrollSign                               0x08012bb6   Data         160  gui_scrollbar.o(.constdata)
    bmLED6x8                                 0x08012c60   Data          16  gui_led.o(.constdata)
    __mathlib_zero                           0x08013378   Data           8  qnan.o(.constdata)
    Region$$Table$$Base                      0x08013428   Number         0  anon$$obj.o(Region$$Table)
    Region$$Table$$Limit                     0x08013448   Number         0  anon$$obj.o(Region$$Table)
    NRFTaskPriority                          0x20000000   Data           1  app.o(.data)
    ShowTaskPriority                         0x20000001   Data           1  app.o(.data)
    FileTaskPriority                         0x20000002   Data           1  app.o(.data)
    Form1                                    0x20000004   Data           4  showtask.o(.data)
    Page                                     0x20000008   Data           1  showtask.o(.data)
    fs                                       0x2000000c   Data           4  sd.o(.data)
    filescr                                  0x20000010   Data           4  sd.o(.data)
    filedst                                  0x20000014   Data           4  sd.o(.data)
    br                                       0x20000018   Data           4  sd.o(.data)
    bw                                       0x2000001c   Data           4  sd.o(.data)
    f_res                                    0x20000020   Data           1  sd.o(.data)
    SDdatabuff                               0x20000024   Data           4  sd.o(.data)
    rlen                                     0x20000028   Data           2  sd.o(.data)
    dir                                      0x2000002c   Data           4  sd.o(.data)
    SDdatabuff_T                             0x20000030   Data           4  sd.o(.data)
    FileRead                                 0x20000034   Data           4  sd.o(.data)
    FileBuffNum                              0x20000038   Data           2  sd.o(.data)
    fn                                       0x2000003c   Data           4  sd.o(.data)
    TLen                                     0x20000040   Data           4  sd.o(.data)
    MainMenu                                 0x20000044   Data          48  page_main.o(.data)
    SysMenu                                  0x20000074   Data          48  page_main.o(.data)
    DW_Speed                                 0x200000a4   Data           1  page_dingwei.o(.data)
    DW_XY_Key                                0x200000a5   Data           1  page_dingwei.o(.data)
    DW_Z_Key                                 0x200000a6   Data           1  page_dingwei.o(.data)
    Set_Year                                 0x200000a7   Data           1  page_setdate.o(.data)
    Set_Month                                0x200000a8   Data           1  page_setdate.o(.data)
    Set_Date                                 0x200000a9   Data           1  page_setdate.o(.data)
    Set_Hour                                 0x200000aa   Data           1  page_settime.o(.data)
    Set_Min                                  0x200000ab   Data           1  page_settime.o(.data)
    Set_Sec                                  0x200000ac   Data           1  page_settime.o(.data)
    __stdout                                 0x200000b0   Data           4  device.o(.data)
    KeyMessageQueuePointer                   0x200000b4   Data           1  device_key.o(.data)
    IO_SeparateKey                           0x200000b5   Data           8  device_key.o(.data)
    TransferError                            0x200000ca   Data           1  device_sd_sdio.o(.data)
    TransferEnd                              0x200000cb   Data           1  device_sd_sdio.o(.data)
    tempbuff                                 0x200000cc   Data           4  device_sd_sdio.o(.data)
    UsartMessageQueuePointer                 0x200000d0   Data           1  device_usart.o(.data)
    Tim_Out                                  0x200000d1   Data           1  device_usart.o(.data)
    Rcv_Complete                             0x200000d2   Data           1  device_usart.o(.data)
    Send_Complete                            0x200000d3   Data           1  device_usart.o(.data)
    Com_busy                                 0x200000d4   Data           1  device_usart.o(.data)
    Rcv_Data                                 0x200000d5   Data           1  device_usart.o(.data)
    Send_Data                                0x200000d6   Data           1  device_usart.o(.data)
    Rcv_Num                                  0x200000d7   Data           1  device_usart.o(.data)
    Send_Num                                 0x200000d8   Data           1  device_usart.o(.data)
    Comu_Busy                                0x200000d9   Data           1  device_usart.o(.data)
    HaveMes                                  0x200000da   Data           1  device_usart.o(.data)
    TouchMessageQueuePointer                 0x200000dc   Data           1  device_touch.o(.data)
    RTC_Calendar                             0x200000e0   Data           7  device_rtc.o(.data)
    GUITaskPriority                          0x200000ea   Data           1  gui_os.o(.data)
    Font4x6                                  0x200000ec   Data          16  gui_font.o(.data)
    Font6x8                                  0x200000fc   Data          16  gui_font.o(.data)
    Font8x12                                 0x2000010c   Data          16  gui_font.o(.data)
    Font8x16                                 0x2000011c   Data          16  gui_font.o(.data)
    Font16x24                                0x2000012c   Data          16  gui_font.o(.data)
    FontFile                                 0x2000013c   Data           4  gui_font.o(.data)
    Res                                      0x20000140   Data           1  gui_font.o(.data)
    ByteReadNum                              0x20000144   Data           4  gui_font.o(.data)
    ColorsLamp16                             0x20000148   Data           8  gui_lamp.o(.data)
    ColorsScrollbar                          0x20000150   Data           4  gui_scrollbar.o(.data)
    bmScrollbar                              0x20000154   Data          16  gui_scrollbar.o(.data)
    ColorsLED6x8                             0x20000164   Data           4  gui_led.o(.data)
    CriticalNesting                          0x20000168   Data           2  os.o(.data)
    OsRunning                                0x2000016d   Data           1  os.o(.data)
    OsCurrentPriority                        0x2000016e   Data           1  os.o(.data)
    OsHighReadyPriority                      0x2000016f   Data           1  os.o(.data)
    OsCurrentTaskPointer                     0x20000170   Data           4  os.o(.data)
    OsHighReadyTaskPointer                   0x20000174   Data           4  os.o(.data)
    FLASH_SECTOR_COUNT                       0x200001da   Data           2  diskio.o(.data)
    mallco_dev                               0x200001dc   Data          20  malloc.o(.data)
    SystemCoreClock                          0x20000204   Data           4  system_stm32f10x.o(.data)
    AHBPrescTable                            0x20000208   Data          16  system_stm32f10x.o(.data)
    __microlib_freelist                      0x20000218   Data           4  mvars.o(.data)
    __microlib_freelist_initialised          0x2000021c   Data           4  mvars.o(.data)
    DK                                       0x20000224   Data          60  app.o(.bss)
    GUIKJ                                    0x20000260   Data          60  showtask.o(.bss)
    Tx_Buf                                   0x2000029c   Data          32  nrf_ctrl.o(.bss)
    Rx_Buf                                   0x200002bc   Data          66  nrf_ctrl.o(.bss)
    NRF                                      0x200002fe   Data          12  nrf_ctrl.o(.bss)
    G_Code                                   0x2000030c   Data          28  g_code.o(.bss)
    OneLine                                  0x20000328   Data          64  g_code.o(.bss)
    TFT                                      0x20000368   Data          12  tft_control.o(.bss)
    SDIO_InitStructure                       0x20000378   Data          24  device_sd_sdio.o(.bss)
    SDIO_CmdInitStructure                    0x20000390   Data          20  device_sd_sdio.o(.bss)
    SDIO_DataInitStructure                   0x200003a4   Data          24  device_sd_sdio.o(.bss)
    SDCardInfo                               0x200003e0   Data          88  device_sd_sdio.o(.bss)
    SDIO_DATA_BUFFER                         0x20000438   Data         512  device_sd_sdio.o(.bss)
    Rcv_Buffer                               0x20000638   Data         201  device_usart.o(.bss)
    Send_Buffer                              0x20000701   Data          40  device_usart.o(.bss)
    GUI                                      0x2000072c   Data          36  gui.o(.bss)
    OS                                       0x20000750   Data          52  os.o(.bss)
    TaskStack0                               0x200007a4   Data         800  os.o(.bss)
    TaskStack1                               0x20000ac4   Data         800  os.o(.bss)
    TaskStack2                               0x20000de4   Data         800  os.o(.bss)
    TaskStack3                               0x20001104   Data         800  os.o(.bss)
    TaskStack4                               0x20001424   Data         800  os.o(.bss)
    TaskStack5                               0x20001744   Data         256  os.o(.bss)
    TaskStack6                               0x20001844   Data         256  os.o(.bss)
    TaskStack7                               0x20001944   Data         256  os.o(.bss)
    membase                                  0x20001e44   Data        5120  malloc.o(.bss)
    memmapbase                               0x20003244   Data         320  malloc.o(.bss)
    __heap_base                              0x20003388   Data           0  startup_stm32f10x_md.o(HEAP)
    __heap_limit                             0x20003588   Data           0  startup_stm32f10x_md.o(HEAP)
    __initial_sp                             0x20003988   Data           0  startup_stm32f10x_md.o(STACK)



==============================================================================

Memory Map of the image

  Image Entry point : 0x080000ed

  Load Region LR_IROM1 (Base: 0x08000000, Size: 0x0001366c, Max: 0x00080000, ABSOLUTE, COMPRESSED[0x00013504])

    Execution Region ER_IROM1 (Exec base: 0x08000000, Load base: 0x08000000, Size: 0x00013448, Max: 0x00080000, ABSOLUTE)

    Exec Addr    Load Addr    Size         Type   Attr      Idx    E Section Name        Object

    0x08000000   0x08000000   0x000000ec   Data   RO         1444    RESET               startup_stm32f10x_md.o
    0x080000ec   0x080000ec   0x00000000   Code   RO         1459  * .ARM.Collect$$$$00000000  mc_w.l(entry.o)
    0x080000ec   0x080000ec   0x00000004   Code   RO         1808    .ARM.Collect$$$$00000001  mc_w.l(entry2.o)
    0x080000f0   0x080000f0   0x00000004   Code   RO         1811    .ARM.Collect$$$$00000004  mc_w.l(entry5.o)
    0x080000f4   0x080000f4   0x00000000   Code   RO         1813    .ARM.Collect$$$$00000008  mc_w.l(entry7b.o)
    0x080000f4   0x080000f4   0x00000000   Code   RO         1815    .ARM.Collect$$$$0000000A  mc_w.l(entry8b.o)
    0x080000f4   0x080000f4   0x00000008   Code   RO         1816    .ARM.Collect$$$$0000000B  mc_w.l(entry9a.o)
    0x080000fc   0x080000fc   0x00000000   Code   RO         1818    .ARM.Collect$$$$0000000D  mc_w.l(entry10a.o)
    0x080000fc   0x080000fc   0x00000000   Code   RO         1820    .ARM.Collect$$$$0000000F  mc_w.l(entry11a.o)
    0x080000fc   0x080000fc   0x00000004   Code   RO         1809    .ARM.Collect$$$$00002712  mc_w.l(entry2.o)
    0x08000100   0x08000100   0x000000f4   Code   RO            1    .text               app.o
    0x080001f4   0x080001f4   0x000002a0   Code   RO          226    .text               nrftask.o
    0x08000494   0x08000494   0x000001cc   Code   RO          262    .text               filetask.o
    0x08000660   0x08000660   0x00000128   Code   RO          285    .text               showtask.o
    0x08000788   0x08000788   0x00000208   Code   RO          307    .text               nrf_ctrl.o
    0x08000990   0x08000990   0x000003dc   Code   RO          325    .text               sd.o
    0x08000d6c   0x08000d6c   0x000006d4   Code   RO          374    .text               g_code.o
    0x08001440   0x08001440   0x00000120   Code   RO          392    .text               tft_control.o
    0x08001560   0x08001560   0x00000230   Code   RO          407    .text               page_main.o
    0x08001790   0x08001790   0x0000053c   Code   RO          433    .text               page_dingwei.o
    0x08001ccc   0x08001ccc   0x00000048   Code   RO          448    .text               page_fileselect.o
    0x08001d14   0x08001d14   0x00000360   Code   RO          460    .text               page_showcn.o
    0x08002074   0x08002074   0x000003bc   Code   RO          476    .text               page_setdate.o
    0x08002430   0x08002430   0x000003c4   Code   RO          491    .text               page_settime.o
    0x080027f4   0x080027f4   0x00000434   Code   RO          506    .text               page_setsys.o
    0x08002c28   0x08002c28   0x00000018   Code   RO          518    .text               stm32f10x_it.o
    0x08002c40   0x08002c40   0x00000210   Code   RO          572    .text               device.o
    0x08002e50   0x08002e50   0x00000050   Code   RO          592    .text               device_led.o
    0x08002ea0   0x08002ea0   0x00000240   Code   RO          610    .text               device_key.o
    0x080030e0   0x080030e0   0x000003c8   Code   RO          633    .text               device_lcd.o
    0x080034a8   0x080034a8   0x000002cc   Code   RO          656    .text               device_nrf24l01.o
    0x08003774   0x08003774   0x00000250   Code   RO          671    .text               device_spi.o
    0x080039c4   0x080039c4   0x00001c9c   Code   RO          683    .text               device_sd_sdio.o
    0x08005660   0x08005660   0x000001ec   Code   RO          702    .text               device_usart.o
    0x0800584c   0x0800584c   0x0000037c   Code   RO          721    .text               device_touch.o
    0x08005bc8   0x08005bc8   0x00000378   Code   RO          740    .text               device_rtc.o
    0x08005f40   0x08005f40   0x000002f8   Code   RO          759    .text               gui.o
    0x08006238   0x08006238   0x0000015c   Code   RO          784    .text               gui_os.o
    0x08006394   0x08006394   0x000008ec   Code   RO          806    .text               gui_draw2d.o
    0x08006c80   0x08006c80   0x000000c4   Code   RO          844    .text               gui_font.o
    0x08006d44   0x08006d44   0x00000080   Code   RO          892    .text               gui_lcdapi.o
    0x08006dc4   0x08006dc4   0x00000238   Code   RO          904    .text               gui_form.o
    0x08006ffc   0x08006ffc   0x00000120   Code   RO          923    .text               gui_lamp.o
    0x0800711c   0x0800711c   0x000005c4   Code   RO          950    .text               gui_button.o
    0x080076e0   0x080076e0   0x000002e8   Code   RO          965    .text               gui_key.o
    0x080079c8   0x080079c8   0x000001ac   Code   RO          977    .text               gui_touch.o
    0x08007b74   0x08007b74   0x00000684   Code   RO          989    .text               gui_menu.o
    0x080081f8   0x080081f8   0x000002bc   Code   RO         1004    .text               gui_lable.o
    0x080084b4   0x080084b4   0x00000aa4   Code   RO         1016    .text               gui_filelist.o
    0x08008f58   0x08008f58   0x00000380   Code   RO         1033    .text               gui_scrollbar.o
    0x080092d8   0x080092d8   0x000001b4   Code   RO         1049    .text               gui_led.o
    0x0800948c   0x0800948c   0x000007e8   Code   RO         1068    .text               os.o
    0x08009c74   0x08009c74   0x00000210   Code   RO         1092    .text               os_systick.o
    0x08009e84   0x08009e84   0x00000244   Code   RO         1106    .text               os_timer.o
    0x0800a0c8   0x0800a0c8   0x0000007c   Code   RO         1121    .text               os_a.o
    0x0800a144   0x0800a144   0x00002c10   Code   RO         1125    .text               ff.o
    0x0800cd54   0x0800cd54   0x000001a0   Code   RO         1144    .text               diskio.o
    0x0800cef4   0x0800cef4   0x00000080   Code   RO         1167    .text               ccsbcs.o
    0x0800cf74   0x0800cf74   0x00000198   Code   RO         1190    .text               malloc.o
    0x0800d10c   0x0800d10c   0x000000dc   Code   RO         1210    .text               misc.o
    0x0800d1e8   0x0800d1e8   0x000000c4   Code   RO         1222    .text               stm32f10x_bkp.o
    0x0800d2ac   0x0800d2ac   0x00000254   Code   RO         1264    .text               stm32f10x_dma.o
    0x0800d500   0x0800d500   0x0000035c   Code   RO         1288    .text               stm32f10x_gpio.o
    0x0800d85c   0x0800d85c   0x000000cc   Code   RO         1300    .text               stm32f10x_pwr.o
    0x0800d928   0x0800d928   0x000003a4   Code   RO         1312    .text               stm32f10x_rcc.o
    0x0800dccc   0x0800dccc   0x00000148   Code   RO         1326    .text               stm32f10x_rtc.o
    0x0800de14   0x0800de14   0x0000030c   Code   RO         1338    .text               stm32f10x_spi.o
    0x0800e120   0x0800e120   0x00000408   Code   RO         1362    .text               stm32f10x_usart.o
    0x0800e528   0x0800e528   0x0000060c   Code   RO         1374    .text               stm32f10x_fsmc.o
    0x0800eb34   0x0800eb34   0x000001d4   Code   RO         1386    .text               stm32f10x_sdio.o
    0x0800ed08   0x0800ed08   0x000001e0   Code   RO         1408    .text               system_stm32f10x.o
    0x0800eee8   0x0800eee8   0x00000024   Code   RO         1445    .text               startup_stm32f10x_md.o
    0x0800ef0c   0x0800ef0c   0x00000062   Code   RO         1462    .text               mc_w.l(ldiv.o)
    0x0800ef6e   0x0800ef6e   0x00000024   Code   RO         1464    .text               mc_w.l(memcpya.o)
    0x0800ef92   0x0800ef92   0x00000018   Code   RO         1466    .text               mc_w.l(strcat.o)
    0x0800efaa   0x0800efaa   0x00000024   Code   RO         1468    .text               mc_w.l(strstr.o)
    0x0800efce   0x0800efce   0x0000000e   Code   RO         1470    .text               mc_w.l(strlen.o)
    0x0800efdc   0x0800efdc   0x0000001c   Code   RO         1472    .text               mc_w.l(strcmp.o)
    0x0800eff8   0x0800eff8   0x00000012   Code   RO         1474    .text               mc_w.l(strcpy.o)
    0x0800f00a   0x0800f00a   0x0000014e   Code   RO         1767    .text               mf_w.l(dadd.o)
    0x0800f158   0x0800f158   0x000000e4   Code   RO         1769    .text               mf_w.l(dmul.o)
    0x0800f23c   0x0800f23c   0x000000de   Code   RO         1771    .text               mf_w.l(ddiv.o)
    0x0800f31a   0x0800f31a   0x00000022   Code   RO         1773    .text               mf_w.l(dflti.o)
    0x0800f33c   0x0800f33c   0x0000001a   Code   RO         1775    .text               mf_w.l(dfltui.o)
    0x0800f356   0x0800f356   0x0000003e   Code   RO         1777    .text               mf_w.l(dfixi.o)
    0x0800f394   0x0800f394   0x00000032   Code   RO         1779    .text               mf_w.l(dfixui.o)
    0x0800f3c6   0x0800f3c6   0x0000002c   Code   RO         1822    .text               mc_w.l(uidiv.o)
    0x0800f3f2   0x0800f3f2   0x00000062   Code   RO         1824    .text               mc_w.l(uldiv.o)
    0x0800f454   0x0800f454   0x0000001e   Code   RO         1826    .text               mc_w.l(llshl.o)
    0x0800f472   0x0800f472   0x00000020   Code   RO         1828    .text               mc_w.l(llushr.o)
    0x0800f492   0x0800f492   0x00000024   Code   RO         1830    .text               mc_w.l(llsshr.o)
    0x0800f4b6   0x0800f4b6   0x00000000   Code   RO         1841    .text               mc_w.l(iusefp.o)
    0x0800f4b6   0x0800f4b6   0x000000ba   Code   RO         1842    .text               mf_w.l(depilogue.o)
    0x0800f570   0x0800f570   0x0000002e   Code   RO         1844    .text               mf_w.l(dscalb.o)
    0x0800f59e   0x0800f59e   0x00000002   PAD
    0x0800f5a0   0x0800f5a0   0x00000030   Code   RO         1848    .text               mf_w.l(cdrcmple.o)
    0x0800f5d0   0x0800f5d0   0x00000024   Code   RO         1850    .text               mc_w.l(init.o)
    0x0800f5f4   0x0800f5f4   0x000000a2   Code   RO         1852    .text               mf_w.l(dsqrt.o)
    0x0800f696   0x0800f696   0x00000056   Code   RO         1864    .text               mc_w.l(__dczerorl2.o)
    0x0800f6ec   0x0800f6ec   0x0000001c   Code   RO          642    i.LCD_SetCursor     device_lcd.o
    0x0800f708   0x0800f708   0x00000020   Code   RO         1567    i.__0printf$3       mc_w.l(printf3.o)
    0x0800f728   0x0800f728   0x00000028   Code   RO         1795    i.__ARM_fpclassify  m_ws.l(fpclassify.o)
    0x0800f750   0x0800f750   0x000000aa   Code   RO         1797    i.__kernel_poly     m_ws.l(poly.o)
    0x0800f7fa   0x0800f7fa   0x00000002   PAD
    0x0800f7fc   0x0800f7fc   0x00000010   Code   RO         1781    i.__mathlib_dbl_divzero  m_ws.l(dunder.o)
    0x0800f80c   0x0800f80c   0x00000004   Code   RO         1783    i.__mathlib_dbl_infnan2  m_ws.l(dunder.o)
    0x0800f810   0x0800f810   0x0000000c   Code   RO         1784    i.__mathlib_dbl_invalid  m_ws.l(dunder.o)
    0x0800f81c   0x0800f81c   0x0000000e   Code   RO         1785    i.__mathlib_dbl_overflow  m_ws.l(dunder.o)
    0x0800f82a   0x0800f82a   0x00000002   PAD
    0x0800f82c   0x0800f82c   0x00000010   Code   RO         1787    i.__mathlib_dbl_underflow  m_ws.l(dunder.o)
    0x0800f83c   0x0800f83c   0x0000000e   Code   RO         1858    i.__scatterload_copy  mc_w.l(handlers.o)
    0x0800f84a   0x0800f84a   0x00000002   Code   RO         1859    i.__scatterload_null  mc_w.l(handlers.o)
    0x0800f84c   0x0800f84c   0x0000000e   Code   RO         1860    i.__scatterload_zeroinit  mc_w.l(handlers.o)
    0x0800f85a   0x0800f85a   0x00000002   PAD
    0x0800f85c   0x0800f85c   0x0000000c   Code   RO         1836    i.__set_errno       mc_w.l(errno.o)
    0x0800f868   0x0800f868   0x000001b8   Code   RO         1574    i._printf_core      mc_w.l(printf3.o)
    0x0800fa20   0x0800fa20   0x0000006c   Code   RO         1740    i.malloc            mc_w.l(malloc.o)
    0x0800fa8c   0x0800fa8c   0x000009d8   Code   RO         1450    i.pow               m_ws.l(pow.o)
    0x08010464   0x08010464   0x0000004c   Code   RO         1801    i.sqrt              m_ws.l(sqrt.o)
    0x080104b0   0x080104b0   0x00000010   Data   RO          573    .constdata          device.o
    0x080104c0   0x080104c0   0x00000030   Data   RO          593    .constdata          device_led.o
    0x080104f0   0x080104f0   0x00000034   Data   RO          611    .constdata          device_key.o
    0x08010524   0x08010524   0x0000000a   Data   RO          657    .constdata          device_nrf24l01.o
    0x0801052e   0x0801052e   0x00000018   Data   RO          741    .constdata          device_rtc.o
    0x08010546   0x08010546   0x00000010   Data   RO          761    .constdata          gui.o
    0x08010556   0x08010556   0x000025fd   Data   RO          845    .constdata          gui_font.o
    0x08012b53   0x08012b53   0x00000001   PAD
    0x08012b54   0x08012b54   0x00000050   Data   RO          924    .constdata          gui_lamp.o
    0x08012ba4   0x08012ba4   0x00000012   Data   RO         1017    .constdata          gui_filelist.o
    0x08012bb6   0x08012bb6   0x000000a0   Data   RO         1034    .constdata          gui_scrollbar.o
    0x08012c56   0x08012c56   0x00000002   PAD
    0x08012c58   0x08012c58   0x00000018   Data   RO         1050    .constdata          gui_led.o
    0x08012c70   0x08012c70   0x00000100   Data   RO         1070    .constdata          os.o
    0x08012d70   0x08012d70   0x000000ba   Data   RO         1127    .constdata          ff.o
    0x08012e2a   0x08012e2a   0x000004c0   Data   RO         1168    .constdata          ccsbcs.o
    0x080132ea   0x080132ea   0x00000006   PAD
    0x080132f0   0x080132f0   0x00000088   Data   RO         1451    .constdata          m_ws.l(pow.o)
    0x08013378   0x08013378   0x00000008   Data   RO         1799    .constdata          m_ws.l(qnan.o)
    0x08013380   0x08013380   0x00000089   Data   RO          408    .conststring        page_main.o
    0x08013409   0x08013409   0x00000003   PAD
    0x0801340c   0x0801340c   0x0000001b   Data   RO         1018    .conststring        gui_filelist.o
    0x08013427   0x08013427   0x00000001   PAD
    0x08013428   0x08013428   0x00000020   Data   RO         1856    Region$$Table       anon$$obj.o


    Execution Region RW_IRAM1 (Exec base: 0x20000000, Load base: 0x08013448, Size: 0x00003988, Max: 0x00010000, ABSOLUTE, COMPRESSED[0x000000bc])

    Exec Addr    Load Addr    Size         Type   Attr      Idx    E Section Name        Object

    0x20000000   COMPRESSED   0x00000003   Data   RW            3    .data               app.o
    0x20000003   COMPRESSED   0x00000001   PAD
    0x20000004   COMPRESSED   0x00000005   Data   RW          287    .data               showtask.o
    0x20000009   COMPRESSED   0x00000003   PAD
    0x2000000c   COMPRESSED   0x00000038   Data   RW          327    .data               sd.o
    0x20000044   COMPRESSED   0x00000060   Data   RW          409    .data               page_main.o
    0x200000a4   COMPRESSED   0x00000003   Data   RW          434    .data               page_dingwei.o
    0x200000a7   COMPRESSED   0x00000003   Data   RW          477    .data               page_setdate.o
    0x200000aa   COMPRESSED   0x00000003   Data   RW          492    .data               page_settime.o
    0x200000ad   COMPRESSED   0x00000003   PAD
    0x200000b0   COMPRESSED   0x00000004   Data   RW          574    .data               device.o
    0x200000b4   COMPRESSED   0x00000009   Data   RW          612    .data               device_key.o
    0x200000bd   COMPRESSED   0x00000003   PAD
    0x200000c0   COMPRESSED   0x00000010   Data   RW          685    .data               device_sd_sdio.o
    0x200000d0   COMPRESSED   0x0000000b   Data   RW          704    .data               device_usart.o
    0x200000db   COMPRESSED   0x00000001   PAD
    0x200000dc   COMPRESSED   0x00000004   Data   RW          722    .data               device_touch.o
    0x200000e0   COMPRESSED   0x0000000a   Data   RW          742    .data               device_rtc.o
    0x200000ea   COMPRESSED   0x00000001   Data   RW          785    .data               gui_os.o
    0x200000eb   COMPRESSED   0x00000001   PAD
    0x200000ec   COMPRESSED   0x0000005c   Data   RW          846    .data               gui_font.o
    0x20000148   COMPRESSED   0x00000008   Data   RW          925    .data               gui_lamp.o
    0x20000150   COMPRESSED   0x00000014   Data   RW         1035    .data               gui_scrollbar.o
    0x20000164   COMPRESSED   0x00000004   Data   RW         1051    .data               gui_led.o
    0x20000168   COMPRESSED   0x00000010   Data   RW         1071    .data               os.o
    0x20000178   COMPRESSED   0x0000004e   Data   RW         1093    .data               os_systick.o
    0x200001c6   COMPRESSED   0x00000002   PAD
    0x200001c8   COMPRESSED   0x00000009   Data   RW         1108    .data               os_timer.o
    0x200001d1   COMPRESSED   0x00000003   PAD
    0x200001d4   COMPRESSED   0x00000006   Data   RW         1128    .data               ff.o
    0x200001da   COMPRESSED   0x00000002   Data   RW         1145    .data               diskio.o
    0x200001dc   COMPRESSED   0x00000014   Data   RW         1193    .data               malloc.o
    0x200001f0   COMPRESSED   0x00000014   Data   RW         1313    .data               stm32f10x_rcc.o
    0x20000204   COMPRESSED   0x00000014   Data   RW         1409    .data               system_stm32f10x.o
    0x20000218   COMPRESSED   0x00000004   Data   RW         1832    .data               mc_w.l(mvars.o)
    0x2000021c   COMPRESSED   0x00000004   Data   RW         1833    .data               mc_w.l(mvars.o)
    0x20000220   COMPRESSED   0x00000004   Data   RW         1837    .data               mc_w.l(errno.o)
    0x20000224        -       0x0000003c   Zero   RW            2    .bss                app.o
    0x20000260        -       0x0000003c   Zero   RW          286    .bss                showtask.o
    0x2000029c        -       0x0000006e   Zero   RW          308    .bss                nrf_ctrl.o
    0x2000030a   COMPRESSED   0x00000002   PAD
    0x2000030c        -       0x0000005c   Zero   RW          375    .bss                g_code.o
    0x20000368        -       0x0000000c   Zero   RW          393    .bss                tft_control.o
    0x20000374   COMPRESSED   0x00000004   PAD
    0x20000378        -       0x000002c0   Zero   RW          684    .bss                device_sd_sdio.o
    0x20000638        -       0x000000f1   Zero   RW          703    .bss                device_usart.o
    0x20000729   COMPRESSED   0x00000003   PAD
    0x2000072c        -       0x00000024   Zero   RW          760    .bss                gui.o
    0x20000750        -       0x00001650   Zero   RW         1069    .bss                os.o
    0x20001da0        -       0x00000060   Zero   RW         1107    .bss                os_timer.o
    0x20001e00        -       0x00000042   Zero   RW         1126    .bss                ff.o
    0x20001e42   COMPRESSED   0x00000002   PAD
    0x20001e44        -       0x00001540   Zero   RW         1191    .bss                malloc.o
    0x20003384   COMPRESSED   0x00000004   PAD
    0x20003388        -       0x00000200   Zero   RW         1443    HEAP                startup_stm32f10x_md.o
    0x20003588        -       0x00000400   Zero   RW         1442    STACK               startup_stm32f10x_md.o


==============================================================================

Image component sizes


      Code (inc. data)   RO Data    RW Data    ZI Data      Debug   Object Name

       244         32          0          3         60     292414   app.o
       128         12       1216          0          0       2081   ccsbcs.o
       528         18         16          4          0       6553   device.o
       576         32         52          9          0       3177   device_key.o
       996         24          0          0          0       4134   device_lcd.o
        80          4         48          0          0       1229   device_led.o
       716         60         10          0          0       3781   device_nrf24l01.o
       888         28         24         10          0       4055   device_rtc.o
      7324        270          0         16        704      25399   device_sd_sdio.o
       592         22          0          0          0       2852   device_spi.o
       892         52          0          4          0       3547   device_touch.o
       492         42          0         11        241       2870   device_usart.o
       416          8          0          2          0       3514   diskio.o
     11280        134        186          6         66      30999   ff.o
       460         40          0          0          0       3966   filetask.o
      1748         54          0          0         92       5348   g_code.o
       760         26         16          0         36       6460   gui.o
      1476         20          0          0          0       6590   gui_button.o
      2284         18          0          0          0      19822   gui_draw2d.o
      2724         44         45          0          0      10053   gui_filelist.o
       196         12       9725         92          0       8371   gui_font.o
       568          6          0          0          0       3095   gui_form.o
       744         34          0          0          0       2038   gui_key.o
       700         14          0          0          0       3303   gui_lable.o
       288          8         80          8          0       2169   gui_lamp.o
       128          0          0          0          0       2058   gui_lcdapi.o
       436          8         24          4          0       2934   gui_led.o
      1668         34          0          0          0       6493   gui_menu.o
       348         12          0          1          0       2313   gui_os.o
       896         10        160         20          0       3123   gui_scrollbar.o
       428          4          0          0          0        882   gui_touch.o
       408          4          0         20       5440       4081   malloc.o
       220         22          0          0          0       1921   misc.o
       520         26          0          0        110       4138   nrf_ctrl.o
       672         38          0          0          0       7472   nrftask.o
      2024        168        256         16       5712      24121   os.o
       124         26          0          0          0        316   os_a.o
       528         62          0         78          0       2091   os_systick.o
       580         42          0          9         96       2550   os_timer.o
      1340        170          0          3          0       3285   page_dingwei.o
        72         16          0          0          0        809   page_fileselect.o
       560         82        137         96          0       1847   page_main.o
       956         88          0          3          0       2238   page_setdate.o
      1076        106          0          0          0       2296   page_setsys.o
       964         84          0          3          0       2221   page_settime.o
       864         86          0          0          0       2612   page_showcn.o
       988        398          0         56          0       5209   sd.o
       296         20          0          5         60       1613   showtask.o
        36          8        236          0       1536        896   startup_stm32f10x_md.o
       196          8          0          0          0       3620   stm32f10x_bkp.o
       596          8          0          0          0       4486   stm32f10x_dma.o
      1548         18          0          0          0       5495   stm32f10x_fsmc.o
       860         38          0          0          0       5849   stm32f10x_gpio.o
        24          0          0          0          0       1137   stm32f10x_it.o
       204         14          0          0          0       1995   stm32f10x_pwr.o
       932         36          0         20          0       9048   stm32f10x_rcc.o
       328          4          0          0          0       2770   stm32f10x_rtc.o
       468         22          0          0          0       7236   stm32f10x_sdio.o
       780         14          0          0          0       6738   stm32f10x_spi.o
      1032         22          0          0          0       8580   stm32f10x_usart.o
       480         38          0         20          0       2051   system_stm32f10x.o
       288         10          0          0         12       1611   tft_control.o

    ----------------------------------------------------------------------
     60968       2760      12276        536      14180     605955   Object Totals
         0          0         32          0          0          0   (incl. Generated)
         0          0         13         17         15          0   (incl. Padding)

    ----------------------------------------------------------------------

      Code (inc. data)   RO Data    RW Data    ZI Data      Debug   Library Member Name

        62         10          0          0          0        340   dunder.o
        40          0          0          0          0         68   fpclassify.o
       170          0          0          0          0         96   poly.o
      2520        190        136          0          0        324   pow.o
         0          0          8          0          0          0   qnan.o
        76          0          0          0          0         84   sqrt.o
        86          0          0          0          0          0   __dczerorl2.o
         0          0          0          0          0          0   entry.o
         0          0          0          0          0          0   entry10a.o
         0          0          0          0          0          0   entry11a.o
         8          4          0          0          0          0   entry2.o
         4          0          0          0          0          0   entry5.o
         0          0          0          0          0          0   entry7b.o
         0          0          0          0          0          0   entry8b.o
         8          4          0          0          0          0   entry9a.o
        12          6          0          4          0         68   errno.o
        30          0          0          0          0          0   handlers.o
        36          8          0          0          0         68   init.o
         0          0          0          0          0          0   iusefp.o
        98          0          0          0          0         84   ldiv.o
        30          0          0          0          0         68   llshl.o
        36          0          0          0          0         68   llsshr.o
        32          0          0          0          0         68   llushr.o
       108         16          0          0          0         84   malloc.o
        36          0          0          0          0         68   memcpya.o
         0          0          0          8          0          0   mvars.o
       472         14          0          0          0        184   printf3.o
        24          0          0          0          0         68   strcat.o
        28          0          0          0          0         76   strcmp.o
        18          0          0          0          0         68   strcpy.o
        14          0          0          0          0         68   strlen.o
        36          0          0          0          0         80   strstr.o
        44          0          0          0          0         80   uidiv.o
        98          0          0          0          0         92   uldiv.o
        48          0          0          0          0         68   cdrcmple.o
       334          0          0          0          0        148   dadd.o
       222          0          0          0          0        100   ddiv.o
       186          0          0          0          0        176   depilogue.o
        62          0          0          0          0         80   dfixi.o
        50          0          0          0          0         76   dfixui.o
        34          0          0          0          0         76   dflti.o
        26          0          0          0          0         76   dfltui.o
       228          0          0          0          0         96   dmul.o
        46          0          0          0          0         80   dscalb.o
       162          0          0          0          0        100   dsqrt.o

    ----------------------------------------------------------------------
      5532        252        144         12          0       3280   Library Totals
         8          0          0          0          0          0   (incl. Padding)

    ----------------------------------------------------------------------

      Code (inc. data)   RO Data    RW Data    ZI Data      Debug   Library Name

      2868        200        144          0          0        912   m_ws.l
      1258         52          0         12          0       1292   mc_w.l
      1398          0          0          0          0       1076   mf_w.l

    ----------------------------------------------------------------------
      5532        252        144         12          0       3280   Library Totals

    ----------------------------------------------------------------------

==============================================================================


      Code (inc. data)   RO Data    RW Data    ZI Data      Debug   

     66500       3012      12420        548      14180     601511   Grand Totals
     66500       3012      12420        188      14180     601511   ELF Image Totals (compressed)
     66500       3012      12420        188          0          0   ROM Totals

==============================================================================

    Total RO  Size (Code + RO Data)                78920 (  77.07kB)
    Total RW  Size (RW Data + ZI Data)             14728 (  14.38kB)
    Total ROM Size (Code + RO Data + RW Data)      79108 (  77.25kB)

==============================================================================

