<!doctype html public "-//w3c//dtd html 4.0 transitional//en">
<html><head>
<title>Static Call Graph - [.\Output\diaoke.axf]</title></head>
<body><HR>
<H1>Static Call Graph for image .\Output\diaoke.axf</H1><HR>
<BR><P>#&#060CALLGRAPH&#062# ARM Linker, 5060422: Last Updated: Thu Apr 06 14:36:41 2017
<BR><P>
<H3>Maximum Stack Usage =        128 bytes + Unknown(Functions without stacksize, Cycles, Untraceable Function Pointers)</H3><H3>
Call chain for Maximum Stack Depth:</H3>
main &rArr; InitializeApp &rArr; InitializeData &rArr; Initialize_Moto &rArr; MOTO_TIM_Init &rArr; IO_AF_PP_HIGH &rArr; GPIO_Init
<P>
<H3>
Functions with no stack information
</H3><UL>
 <LI><a href="#[f6]">OsStartHighReadyTask</a>
 <LI><a href="#[e9]">OsSwitchContext</a>
 <LI><a href="#[8]">PendSV_Handler</a>
</UL>
</UL>
<P>
<H3>
Mutually Recursive functions
</H3> <LI><a href="#[1c]">ADC1_2_IRQHandler</a>&nbsp;&nbsp;&nbsp;&rArr;&nbsp;&nbsp;&nbsp;<a href="#[1c]">ADC1_2_IRQHandler</a><BR>
</UL>
<P>
<H3>
Function Pointers
</H3><UL>
 <LI><a href="#[1c]">ADC1_2_IRQHandler</a> from startup_stm32f10x_md.o(.text) referenced from startup_stm32f10x_md.o(RESET)
 <LI><a href="#[4]">BusFault_Handler</a> from stm32f10x_it.o(.text) referenced from startup_stm32f10x_md.o(RESET)
 <LI><a href="#[1f]">CAN1_RX1_IRQHandler</a> from startup_stm32f10x_md.o(.text) referenced from startup_stm32f10x_md.o(RESET)
 <LI><a href="#[20]">CAN1_SCE_IRQHandler</a> from startup_stm32f10x_md.o(.text) referenced from startup_stm32f10x_md.o(RESET)
 <LI><a href="#[f9]">CreateIdleTask</a> from os.o(.text) referenced from os.o(.text)
 <LI><a href="#[3b]">CreateTask</a> from os.o(.text) referenced from os.o(.text)
 <LI><a href="#[37]">CtrlTask</a> from ctrltask.o(.text) referenced from app.o(.text)
 <LI><a href="#[15]">DMA1_Channel1_IRQHandler</a> from startup_stm32f10x_md.o(.text) referenced from startup_stm32f10x_md.o(RESET)
 <LI><a href="#[16]">DMA1_Channel2_IRQHandler</a> from startup_stm32f10x_md.o(.text) referenced from startup_stm32f10x_md.o(RESET)
 <LI><a href="#[17]">DMA1_Channel3_IRQHandler</a> from startup_stm32f10x_md.o(.text) referenced from startup_stm32f10x_md.o(RESET)
 <LI><a href="#[18]">DMA1_Channel4_IRQHandler</a> from startup_stm32f10x_md.o(.text) referenced from startup_stm32f10x_md.o(RESET)
 <LI><a href="#[19]">DMA1_Channel5_IRQHandler</a> from startup_stm32f10x_md.o(.text) referenced from startup_stm32f10x_md.o(RESET)
 <LI><a href="#[1a]">DMA1_Channel6_IRQHandler</a> from startup_stm32f10x_md.o(.text) referenced from startup_stm32f10x_md.o(RESET)
 <LI><a href="#[1b]">DMA1_Channel7_IRQHandler</a> from startup_stm32f10x_md.o(.text) referenced from startup_stm32f10x_md.o(RESET)
 <LI><a href="#[7]">DebugMon_Handler</a> from stm32f10x_it.o(.text) referenced from startup_stm32f10x_md.o(RESET)
 <LI><a href="#[3e]">DelayTimeTick</a> from os.o(.text) referenced from os.o(.text)
 <LI><a href="#[44]">Dummy</a> from os_systick.o(.text) referenced 18 times from os_systick.o(.data)
 <LI><a href="#[10]">EXTI0_IRQHandler</a> from startup_stm32f10x_md.o(.text) referenced from startup_stm32f10x_md.o(RESET)
 <LI><a href="#[32]">EXTI15_10_IRQHandler</a> from startup_stm32f10x_md.o(.text) referenced from startup_stm32f10x_md.o(RESET)
 <LI><a href="#[11]">EXTI1_IRQHandler</a> from startup_stm32f10x_md.o(.text) referenced from startup_stm32f10x_md.o(RESET)
 <LI><a href="#[12]">EXTI2_IRQHandler</a> from startup_stm32f10x_md.o(.text) referenced from startup_stm32f10x_md.o(RESET)
 <LI><a href="#[13]">EXTI3_IRQHandler</a> from startup_stm32f10x_md.o(.text) referenced from startup_stm32f10x_md.o(RESET)
 <LI><a href="#[14]">EXTI4_IRQHandler</a> from startup_stm32f10x_md.o(.text) referenced from startup_stm32f10x_md.o(RESET)
 <LI><a href="#[21]">EXTI9_5_IRQHandler</a> from startup_stm32f10x_md.o(.text) referenced from startup_stm32f10x_md.o(RESET)
 <LI><a href="#[e]">FLASH_IRQHandler</a> from startup_stm32f10x_md.o(.text) referenced from startup_stm32f10x_md.o(RESET)
 <LI><a href="#[2]">HardFault_Handler</a> from stm32f10x_it.o(.text) referenced from startup_stm32f10x_md.o(RESET)
 <LI><a href="#[2a]">I2C1_ER_IRQHandler</a> from startup_stm32f10x_md.o(.text) referenced from startup_stm32f10x_md.o(RESET)
 <LI><a href="#[29]">I2C1_EV_IRQHandler</a> from startup_stm32f10x_md.o(.text) referenced from startup_stm32f10x_md.o(RESET)
 <LI><a href="#[2c]">I2C2_ER_IRQHandler</a> from startup_stm32f10x_md.o(.text) referenced from startup_stm32f10x_md.o(RESET)
 <LI><a href="#[2b]">I2C2_EV_IRQHandler</a> from startup_stm32f10x_md.o(.text) referenced from startup_stm32f10x_md.o(RESET)
 <LI><a href="#[f4]">IdleTask</a> from os.o(.text) referenced 2 times from os.o(.text)
 <LI><a href="#[3]">MemManage_Handler</a> from stm32f10x_it.o(.text) referenced from startup_stm32f10x_md.o(RESET)
 <LI><a href="#[38]">MotoTask</a> from mototask.o(.text) referenced from app.o(.text)
 <LI><a href="#[1]">NMI_Handler</a> from stm32f10x_it.o(.text) referenced from startup_stm32f10x_md.o(RESET)
 <LI><a href="#[36]">NRFTask</a> from nrftask.o(.text) referenced from app.o(.text)
 <LI><a href="#[f1]">OSMutexLock</a> from os.o(.text) referenced from os.o(.text)
 <LI><a href="#[f3]">OSMutexUnLock</a> from os.o(.text) referenced from os.o(.text)
 <LI><a href="#[b]">PVD_IRQHandler</a> from startup_stm32f10x_md.o(.text) referenced from startup_stm32f10x_md.o(RESET)
 <LI><a href="#[3c]">PendMessageQueue</a> from os.o(.text) referenced from os.o(.text)
 <LI><a href="#[8]">PendSV_Handler</a> from os_a.o(.text) referenced from startup_stm32f10x_md.o(RESET)
 <LI><a href="#[3d]">PostMessageQueue</a> from os.o(.text) referenced from os.o(.text)
 <LI><a href="#[f]">RCC_IRQHandler</a> from startup_stm32f10x_md.o(.text) referenced from startup_stm32f10x_md.o(RESET)
 <LI><a href="#[33]">RTCAlarm_IRQHandler</a> from startup_stm32f10x_md.o(.text) referenced from startup_stm32f10x_md.o(RESET)
 <LI><a href="#[d]">RTC_IRQHandler</a> from device_rtc.o(.text) referenced from startup_stm32f10x_md.o(RESET)
 <LI><a href="#[3f]">RegisterSystick</a> from os_systick.o(.text) referenced from os_systick.o(.text)
 <LI><a href="#[0]">Reset_Handler</a> from startup_stm32f10x_md.o(.text) referenced from startup_stm32f10x_md.o(RESET)
 <LI><a href="#[2d]">SPI1_IRQHandler</a> from startup_stm32f10x_md.o(.text) referenced from startup_stm32f10x_md.o(RESET)
 <LI><a href="#[2e]">SPI2_IRQHandler</a> from startup_stm32f10x_md.o(.text) referenced from startup_stm32f10x_md.o(RESET)
 <LI><a href="#[6]">SVC_Handler</a> from stm32f10x_it.o(.text) referenced from startup_stm32f10x_md.o(RESET)
 <LI><a href="#[3a]">Start</a> from os.o(.text) referenced 2 times from os.o(.text)
 <LI><a href="#[fe]">StartAt</a> from os_timer.o(.text) referenced from os_timer.o(.text)
 <LI><a href="#[41]">StopAt</a> from os_timer.o(.text) referenced from os_timer.o(.text)
 <LI><a href="#[9]">SysTick_Handler</a> from os_systick.o(.text) referenced from startup_stm32f10x_md.o(RESET)
 <LI><a href="#[42]">SystemInit</a> from system_stm32f10x.o(.text) referenced from startup_stm32f10x_md.o(.text)
 <LI><a href="#[39]">SystemTickRoutine</a> from os.o(.text) referenced from os.o(.text)
 <LI><a href="#[49]">SystickRoutine</a> from app.o(.text) referenced from app.o(.text)
 <LI><a href="#[c]">TAMPER_IRQHandler</a> from startup_stm32f10x_md.o(.text) referenced from startup_stm32f10x_md.o(RESET)
 <LI><a href="#[22]">TIM1_BRK_IRQHandler</a> from startup_stm32f10x_md.o(.text) referenced from startup_stm32f10x_md.o(RESET)
 <LI><a href="#[25]">TIM1_CC_IRQHandler</a> from startup_stm32f10x_md.o(.text) referenced from startup_stm32f10x_md.o(RESET)
 <LI><a href="#[24]">TIM1_TRG_COM_IRQHandler</a> from startup_stm32f10x_md.o(.text) referenced from startup_stm32f10x_md.o(RESET)
 <LI><a href="#[23]">TIM1_UP_IRQHandler</a> from startup_stm32f10x_md.o(.text) referenced from startup_stm32f10x_md.o(RESET)
 <LI><a href="#[26]">TIM2_IRQHandler</a> from moto_4988.o(.text) referenced from startup_stm32f10x_md.o(RESET)
 <LI><a href="#[27]">TIM3_IRQHandler</a> from moto_4988.o(.text) referenced from startup_stm32f10x_md.o(RESET)
 <LI><a href="#[28]">TIM4_IRQHandler</a> from moto_4988.o(.text) referenced from startup_stm32f10x_md.o(RESET)
 <LI><a href="#[2f]">USART1_IRQHandler</a> from device_usart.o(.text) referenced from startup_stm32f10x_md.o(RESET)
 <LI><a href="#[30]">USART2_IRQHandler</a> from startup_stm32f10x_md.o(.text) referenced from startup_stm32f10x_md.o(RESET)
 <LI><a href="#[31]">USART3_IRQHandler</a> from startup_stm32f10x_md.o(.text) referenced from startup_stm32f10x_md.o(RESET)
 <LI><a href="#[34]">USBWakeUp_IRQHandler</a> from startup_stm32f10x_md.o(.text) referenced from startup_stm32f10x_md.o(RESET)
 <LI><a href="#[1d]">USB_HP_CAN1_TX_IRQHandler</a> from startup_stm32f10x_md.o(.text) referenced from startup_stm32f10x_md.o(RESET)
 <LI><a href="#[1e]">USB_LP_CAN1_RX0_IRQHandler</a> from startup_stm32f10x_md.o(.text) referenced from startup_stm32f10x_md.o(RESET)
 <LI><a href="#[5]">UsageFault_Handler</a> from stm32f10x_it.o(.text) referenced from startup_stm32f10x_md.o(RESET)
 <LI><a href="#[a]">WWDG_IRQHandler</a> from startup_stm32f10x_md.o(.text) referenced from startup_stm32f10x_md.o(RESET)
 <LI><a href="#[43]">__main</a> from entry.o(.ARM.Collect$$$$00000000) referenced from startup_stm32f10x_md.o(.text)
 <LI><a href="#[35]">main</a> from app.o(.text) referenced from entry9a.o(.ARM.Collect$$$$0000000B)
 <LI><a href="#[45]">mem_init</a> from malloc.o(.text) referenced from malloc.o(.data)
 <LI><a href="#[46]">mem_perused</a> from malloc.o(.text) referenced from malloc.o(.data)
</UL>
<P>
<H3>
Global Symbols
</H3>
<P><STRONG><a name="[43]"></a>__main</STRONG> (Thumb, 0 bytes, Stack size unknown bytes, entry.o(.ARM.Collect$$$$00000000))
<BR>[Address Reference Count : 1]<UL><LI> startup_stm32f10x_md.o(.text)
</UL>
<P><STRONG><a name="[126]"></a>_main_stk</STRONG> (Thumb, 0 bytes, Stack size unknown bytes, entry2.o(.ARM.Collect$$$$00000001))

<P><STRONG><a name="[47]"></a>_main_scatterload</STRONG> (Thumb, 0 bytes, Stack size unknown bytes, entry5.o(.ARM.Collect$$$$00000004))
<BR><BR>[Calls]<UL><LI><a href="#[48]">&gt;&gt;</a>&nbsp;&nbsp;&nbsp;__scatterload
</UL>

<P><STRONG><a name="[125]"></a>__main_after_scatterload</STRONG> (Thumb, 0 bytes, Stack size unknown bytes, entry5.o(.ARM.Collect$$$$00000004))
<BR><BR>[Called By]<UL><LI><a href="#[48]">&gt;&gt;</a>&nbsp;&nbsp;&nbsp;__scatterload
</UL>

<P><STRONG><a name="[127]"></a>_main_clock</STRONG> (Thumb, 0 bytes, Stack size unknown bytes, entry7b.o(.ARM.Collect$$$$00000008))

<P><STRONG><a name="[128]"></a>_main_cpp_init</STRONG> (Thumb, 0 bytes, Stack size unknown bytes, entry8b.o(.ARM.Collect$$$$0000000A))

<P><STRONG><a name="[129]"></a>_main_init</STRONG> (Thumb, 0 bytes, Stack size unknown bytes, entry9a.o(.ARM.Collect$$$$0000000B))

<P><STRONG><a name="[12a]"></a>__rt_final_cpp</STRONG> (Thumb, 0 bytes, Stack size unknown bytes, entry10a.o(.ARM.Collect$$$$0000000D))

<P><STRONG><a name="[12b]"></a>__rt_final_exit</STRONG> (Thumb, 0 bytes, Stack size unknown bytes, entry11a.o(.ARM.Collect$$$$0000000F))

<P><STRONG><a name="[49]"></a>SystickRoutine</STRONG> (Thumb, 8 bytes, Stack size 8 bytes, app.o(.text))
<BR><BR>[Stack]<UL><LI>Max Depth = 8<LI>Call Chain = SystickRoutine
</UL>
<BR>[Calls]<UL><LI><a href="#[4a]">&gt;&gt;</a>&nbsp;&nbsp;&nbsp;Limit
</UL>
<BR>[Address Reference Count : 1]<UL><LI> app.o(.text)
</UL>
<P><STRONG><a name="[4b]"></a>InitializeData</STRONG> (Thumb, 60 bytes, Stack size 8 bytes, app.o(.text))
<BR><BR>[Stack]<UL><LI>Max Depth = 112<LI>Call Chain = InitializeData &rArr; Initialize_Moto &rArr; MOTO_TIM_Init &rArr; IO_AF_PP_HIGH &rArr; GPIO_Init
</UL>
<BR>[Calls]<UL><LI><a href="#[4e]">&gt;&gt;</a>&nbsp;&nbsp;&nbsp;Moto_Limit_Init
<LI><a href="#[4c]">&gt;&gt;</a>&nbsp;&nbsp;&nbsp;LoadSYSData
<LI><a href="#[4f]">&gt;&gt;</a>&nbsp;&nbsp;&nbsp;Initialize_Moto
<LI><a href="#[4d]">&gt;&gt;</a>&nbsp;&nbsp;&nbsp;InitializeGCodeQueue
</UL>
<BR>[Called By]<UL><LI><a href="#[56]">&gt;&gt;</a>&nbsp;&nbsp;&nbsp;InitializeApp
</UL>

<P><STRONG><a name="[50]"></a>NVIC_Config</STRONG> (Thumb, 14 bytes, Stack size 8 bytes, app.o(.text))
<BR><BR>[Stack]<UL><LI>Max Depth = 8<LI>Call Chain = NVIC_Config
</UL>
<BR>[Calls]<UL><LI><a href="#[51]">&gt;&gt;</a>&nbsp;&nbsp;&nbsp;NVIC_SetVectorTable
</UL>
<BR>[Called By]<UL><LI><a href="#[35]">&gt;&gt;</a>&nbsp;&nbsp;&nbsp;main
</UL>

<P><STRONG><a name="[52]"></a>InitializeDevice</STRONG> (Thumb, 18 bytes, Stack size 8 bytes, app.o(.text))
<BR><BR>[Stack]<UL><LI>Max Depth = 84<LI>Call Chain = InitializeDevice &rArr; InitializeRtc &rArr; RtcInitialize &rArr; RTC_Set &rArr; RTC_SetCounter
</UL>
<BR>[Calls]<UL><LI><a href="#[53]">&gt;&gt;</a>&nbsp;&nbsp;&nbsp;JTAG_Set
<LI><a href="#[54]">&gt;&gt;</a>&nbsp;&nbsp;&nbsp;InitializeRtc
<LI><a href="#[55]">&gt;&gt;</a>&nbsp;&nbsp;&nbsp;InitializeLED
</UL>
<BR>[Called By]<UL><LI><a href="#[56]">&gt;&gt;</a>&nbsp;&nbsp;&nbsp;InitializeApp
</UL>

<P><STRONG><a name="[35]"></a>main</STRONG> (Thumb, 60 bytes, Stack size 8 bytes, app.o(.text))
<BR><BR>[Stack]<UL><LI>Max Depth = 128<LI>Call Chain = main &rArr; InitializeApp &rArr; InitializeData &rArr; Initialize_Moto &rArr; MOTO_TIM_Init &rArr; IO_AF_PP_HIGH &rArr; GPIO_Init
</UL>
<BR>[Calls]<UL><LI><a href="#[57]">&gt;&gt;</a>&nbsp;&nbsp;&nbsp;InitializeOs
<LI><a href="#[50]">&gt;&gt;</a>&nbsp;&nbsp;&nbsp;NVIC_Config
<LI><a href="#[56]">&gt;&gt;</a>&nbsp;&nbsp;&nbsp;InitializeApp
</UL>
<BR>[Address Reference Count : 1]<UL><LI> entry9a.o(.ARM.Collect$$$$0000000B)
</UL>
<P><STRONG><a name="[12c]"></a>DK_Select</STRONG> (Thumb, 2 bytes, Stack size 0 bytes, nrftask.o(.text), UNUSED)

<P><STRONG><a name="[58]"></a>NRFTask_RX</STRONG> (Thumb, 90 bytes, Stack size 16 bytes, nrftask.o(.text))
<BR><BR>[Stack]<UL><LI>Max Depth = 64<LI>Call Chain = NRFTask_RX &rArr; DK_NRF_SZ &rArr; DK_NRF_SZ_Speed &rArr; SaveData &rArr; BKP_WriteBackupRegister
</UL>
<BR>[Calls]<UL><LI><a href="#[5c]">&gt;&gt;</a>&nbsp;&nbsp;&nbsp;DK_NRF_SZ
<LI><a href="#[5b]">&gt;&gt;</a>&nbsp;&nbsp;&nbsp;DK_NRF_ReturnState
<LI><a href="#[5a]">&gt;&gt;</a>&nbsp;&nbsp;&nbsp;DK_NRF_KZ
<LI><a href="#[59]">&gt;&gt;</a>&nbsp;&nbsp;&nbsp;DK_NRF_CX
</UL>
<BR>[Called By]<UL><LI><a href="#[66]">&gt;&gt;</a>&nbsp;&nbsp;&nbsp;NRF_M_Send
<LI><a href="#[5f]">&gt;&gt;</a>&nbsp;&nbsp;&nbsp;NRF_S_Ctrl
</UL>

<P><STRONG><a name="[36]"></a>NRFTask</STRONG> (Thumb, 48 bytes, Stack size 0 bytes, nrftask.o(.text))
<BR><BR>[Stack]<UL><LI>Max Depth = 72<LI>Call Chain = NRFTask &rArr; NRF_S_Ctrl &rArr; NRFTask_RX &rArr; DK_NRF_SZ &rArr; DK_NRF_SZ_Speed &rArr; SaveData &rArr; BKP_WriteBackupRegister
</UL>
<BR>[Calls]<UL><LI><a href="#[5e]">&gt;&gt;</a>&nbsp;&nbsp;&nbsp;NRF_S_Init
<LI><a href="#[5f]">&gt;&gt;</a>&nbsp;&nbsp;&nbsp;NRF_S_Ctrl
<LI><a href="#[5d]">&gt;&gt;</a>&nbsp;&nbsp;&nbsp;NRF24L01_Init
</UL>
<BR>[Address Reference Count : 1]<UL><LI> app.o(.text)
</UL>
<P><STRONG><a name="[12d]"></a>InitCtrl</STRONG> (Thumb, 2 bytes, Stack size 0 bytes, ctrltask.o(.text), UNUSED)

<P><STRONG><a name="[37]"></a>CtrlTask</STRONG> (Thumb, 146 bytes, Stack size 0 bytes, ctrltask.o(.text))
<BR><BR>[Stack]<UL><LI>Max Depth = 120<LI>Call Chain = CtrlTask &rArr; DK_Ctrl_Run &rArr; Interpolation_Process &rArr; Circula_Interpolation &rArr; Circula_QuadrantJudge
</UL>
<BR>[Calls]<UL><LI><a href="#[61]">&gt;&gt;</a>&nbsp;&nbsp;&nbsp;MotoGotoZero
<LI><a href="#[60]">&gt;&gt;</a>&nbsp;&nbsp;&nbsp;DK_Ctrl_Run
</UL>
<BR>[Address Reference Count : 1]<UL><LI> app.o(.text)
</UL>
<P><STRONG><a name="[38]"></a>MotoTask</STRONG> (Thumb, 50 bytes, Stack size 8 bytes, mototask.o(.text))
<BR><BR>[Stack]<UL><LI>Max Depth = 32<LI>Call Chain = MotoTask &rArr; PlanRun &rArr; PlanRunMoto &rArr; Moto_Move
</UL>
<BR>[Calls]<UL><LI><a href="#[63]">&gt;&gt;</a>&nbsp;&nbsp;&nbsp;PlanRun
<LI><a href="#[62]">&gt;&gt;</a>&nbsp;&nbsp;&nbsp;InitPlanQueue
</UL>
<BR>[Address Reference Count : 1]<UL><LI> app.o(.text)
</UL>
<P><STRONG><a name="[1]"></a>NMI_Handler</STRONG> (Thumb, 2 bytes, Stack size 0 bytes, stm32f10x_it.o(.text))
<BR>[Address Reference Count : 1]<UL><LI> startup_stm32f10x_md.o(RESET)
</UL>
<P><STRONG><a name="[2]"></a>HardFault_Handler</STRONG> (Thumb, 4 bytes, Stack size 0 bytes, stm32f10x_it.o(.text))
<BR>[Address Reference Count : 1]<UL><LI> startup_stm32f10x_md.o(RESET)
</UL>
<P><STRONG><a name="[3]"></a>MemManage_Handler</STRONG> (Thumb, 4 bytes, Stack size 0 bytes, stm32f10x_it.o(.text))
<BR>[Address Reference Count : 1]<UL><LI> startup_stm32f10x_md.o(RESET)
</UL>
<P><STRONG><a name="[4]"></a>BusFault_Handler</STRONG> (Thumb, 4 bytes, Stack size 0 bytes, stm32f10x_it.o(.text))
<BR>[Address Reference Count : 1]<UL><LI> startup_stm32f10x_md.o(RESET)
</UL>
<P><STRONG><a name="[5]"></a>UsageFault_Handler</STRONG> (Thumb, 4 bytes, Stack size 0 bytes, stm32f10x_it.o(.text))
<BR>[Address Reference Count : 1]<UL><LI> startup_stm32f10x_md.o(RESET)
</UL>
<P><STRONG><a name="[6]"></a>SVC_Handler</STRONG> (Thumb, 2 bytes, Stack size 0 bytes, stm32f10x_it.o(.text))
<BR>[Address Reference Count : 1]<UL><LI> startup_stm32f10x_md.o(RESET)
</UL>
<P><STRONG><a name="[7]"></a>DebugMon_Handler</STRONG> (Thumb, 2 bytes, Stack size 0 bytes, stm32f10x_it.o(.text))
<BR>[Address Reference Count : 1]<UL><LI> startup_stm32f10x_md.o(RESET)
</UL>
<P><STRONG><a name="[6c]"></a>Switch_Buf</STRONG> (Thumb, 40 bytes, Stack size 0 bytes, nrf_ctrl.o(.text))
<BR><BR>[Called By]<UL><LI><a href="#[5f]">&gt;&gt;</a>&nbsp;&nbsp;&nbsp;NRF_S_Ctrl
</UL>

<P><STRONG><a name="[64]"></a>NRF_M_Init</STRONG> (Thumb, 14 bytes, Stack size 8 bytes, nrf_ctrl.o(.text), UNUSED)
<BR><BR>[Calls]<UL><LI><a href="#[65]">&gt;&gt;</a>&nbsp;&nbsp;&nbsp;RX_Mode
</UL>

<P><STRONG><a name="[66]"></a>NRF_M_Send</STRONG> (Thumb, 116 bytes, Stack size 8 bytes, nrf_ctrl.o(.text), UNUSED)
<BR><BR>[Calls]<UL><LI><a href="#[67]">&gt;&gt;</a>&nbsp;&nbsp;&nbsp;TX_Mode
<LI><a href="#[65]">&gt;&gt;</a>&nbsp;&nbsp;&nbsp;RX_Mode
<LI><a href="#[68]">&gt;&gt;</a>&nbsp;&nbsp;&nbsp;NRF24L01_TxPacket
<LI><a href="#[69]">&gt;&gt;</a>&nbsp;&nbsp;&nbsp;NRF24L01_RxPacket
<LI><a href="#[58]">&gt;&gt;</a>&nbsp;&nbsp;&nbsp;NRFTask_RX
</UL>
<BR>[Called By]<UL><LI><a href="#[6a]">&gt;&gt;</a>&nbsp;&nbsp;&nbsp;NRF_M_CRTL
</UL>

<P><STRONG><a name="[6a]"></a>NRF_M_CRTL</STRONG> (Thumb, 64 bytes, Stack size 8 bytes, nrf_ctrl.o(.text), UNUSED)
<BR><BR>[Calls]<UL><LI><a href="#[66]">&gt;&gt;</a>&nbsp;&nbsp;&nbsp;NRF_M_Send
</UL>

<P><STRONG><a name="[6b]"></a>RXBUFF_IsSame</STRONG> (Thumb, 50 bytes, Stack size 0 bytes, nrf_ctrl.o(.text))
<BR><BR>[Called By]<UL><LI><a href="#[5f]">&gt;&gt;</a>&nbsp;&nbsp;&nbsp;NRF_S_Ctrl
</UL>

<P><STRONG><a name="[5e]"></a>NRF_S_Init</STRONG> (Thumb, 14 bytes, Stack size 8 bytes, nrf_ctrl.o(.text))
<BR><BR>[Stack]<UL><LI>Max Depth = 56<LI>Call Chain = NRF_S_Init &rArr; RX_Mode &rArr; NRF24L01_Write_Buf &rArr; SPIx_ReadWriteByte
</UL>
<BR>[Calls]<UL><LI><a href="#[65]">&gt;&gt;</a>&nbsp;&nbsp;&nbsp;RX_Mode
</UL>
<BR>[Called By]<UL><LI><a href="#[36]">&gt;&gt;</a>&nbsp;&nbsp;&nbsp;NRFTask
</UL>

<P><STRONG><a name="[5f]"></a>NRF_S_Ctrl</STRONG> (Thumb, 196 bytes, Stack size 8 bytes, nrf_ctrl.o(.text))
<BR><BR>[Stack]<UL><LI>Max Depth = 72<LI>Call Chain = NRF_S_Ctrl &rArr; NRFTask_RX &rArr; DK_NRF_SZ &rArr; DK_NRF_SZ_Speed &rArr; SaveData &rArr; BKP_WriteBackupRegister
</UL>
<BR>[Calls]<UL><LI><a href="#[67]">&gt;&gt;</a>&nbsp;&nbsp;&nbsp;TX_Mode
<LI><a href="#[65]">&gt;&gt;</a>&nbsp;&nbsp;&nbsp;RX_Mode
<LI><a href="#[68]">&gt;&gt;</a>&nbsp;&nbsp;&nbsp;NRF24L01_TxPacket
<LI><a href="#[69]">&gt;&gt;</a>&nbsp;&nbsp;&nbsp;NRF24L01_RxPacket
<LI><a href="#[6b]">&gt;&gt;</a>&nbsp;&nbsp;&nbsp;RXBUFF_IsSame
<LI><a href="#[6c]">&gt;&gt;</a>&nbsp;&nbsp;&nbsp;Switch_Buf
<LI><a href="#[58]">&gt;&gt;</a>&nbsp;&nbsp;&nbsp;NRFTask_RX
</UL>
<BR>[Called By]<UL><LI><a href="#[36]">&gt;&gt;</a>&nbsp;&nbsp;&nbsp;NRFTask
</UL>

<P><STRONG><a name="[5b]"></a>DK_NRF_ReturnState</STRONG> (Thumb, 44 bytes, Stack size 0 bytes, dk_cx.o(.text))
<BR><BR>[Called By]<UL><LI><a href="#[5c]">&gt;&gt;</a>&nbsp;&nbsp;&nbsp;DK_NRF_SZ
<LI><a href="#[59]">&gt;&gt;</a>&nbsp;&nbsp;&nbsp;DK_NRF_CX
<LI><a href="#[58]">&gt;&gt;</a>&nbsp;&nbsp;&nbsp;NRFTask_RX
</UL>

<P><STRONG><a name="[6d]"></a>DK_NRF_CX_SYS</STRONG> (Thumb, 34 bytes, Stack size 0 bytes, dk_cx.o(.text))
<BR><BR>[Called By]<UL><LI><a href="#[59]">&gt;&gt;</a>&nbsp;&nbsp;&nbsp;DK_NRF_CX
</UL>

<P><STRONG><a name="[59]"></a>DK_NRF_CX</STRONG> (Thumb, 52 bytes, Stack size 8 bytes, dk_cx.o(.text))
<BR><BR>[Stack]<UL><LI>Max Depth = 8<LI>Call Chain = DK_NRF_CX
</UL>
<BR>[Calls]<UL><LI><a href="#[6d]">&gt;&gt;</a>&nbsp;&nbsp;&nbsp;DK_NRF_CX_SYS
<LI><a href="#[5b]">&gt;&gt;</a>&nbsp;&nbsp;&nbsp;DK_NRF_ReturnState
</UL>
<BR>[Called By]<UL><LI><a href="#[58]">&gt;&gt;</a>&nbsp;&nbsp;&nbsp;NRFTask_RX
</UL>

<P><STRONG><a name="[74]"></a>DW_Move_X</STRONG> (Thumb, 156 bytes, Stack size 0 bytes, dk_run.o(.text))
<BR><BR>[Called By]<UL><LI><a href="#[71]">&gt;&gt;</a>&nbsp;&nbsp;&nbsp;DK_Ctrl_DW
</UL>

<P><STRONG><a name="[75]"></a>DW_Move_Y</STRONG> (Thumb, 156 bytes, Stack size 0 bytes, dk_run.o(.text))
<BR><BR>[Called By]<UL><LI><a href="#[71]">&gt;&gt;</a>&nbsp;&nbsp;&nbsp;DK_Ctrl_DW
</UL>

<P><STRONG><a name="[73]"></a>DW_Move_Z</STRONG> (Thumb, 130 bytes, Stack size 0 bytes, dk_run.o(.text))
<BR><BR>[Called By]<UL><LI><a href="#[71]">&gt;&gt;</a>&nbsp;&nbsp;&nbsp;DK_Ctrl_DW
</UL>

<P><STRONG><a name="[6e]"></a>DW_Set_Speed</STRONG> (Thumb, 190 bytes, Stack size 8 bytes, dk_run.o(.text))
<BR><BR>[Stack]<UL><LI>Max Depth = 8<LI>Call Chain = DW_Set_Speed
</UL>
<BR>[Calls]<UL><LI><a href="#[70]">&gt;&gt;</a>&nbsp;&nbsp;&nbsp;Set_Speed_Z
<LI><a href="#[6f]">&gt;&gt;</a>&nbsp;&nbsp;&nbsp;Set_Speed_XY
</UL>
<BR>[Called By]<UL><LI><a href="#[71]">&gt;&gt;</a>&nbsp;&nbsp;&nbsp;DK_Ctrl_DW
</UL>

<P><STRONG><a name="[71]"></a>DK_Ctrl_DW</STRONG> (Thumb, 326 bytes, Stack size 16 bytes, dk_run.o(.text))
<BR><BR>[Stack]<UL><LI>Max Depth = 32<LI>Call Chain = DK_Ctrl_DW &rArr; Run_MainMoto
</UL>
<BR>[Calls]<UL><LI><a href="#[72]">&gt;&gt;</a>&nbsp;&nbsp;&nbsp;Stop_Moto
<LI><a href="#[77]">&gt;&gt;</a>&nbsp;&nbsp;&nbsp;Stop_MainMoto
<LI><a href="#[76]">&gt;&gt;</a>&nbsp;&nbsp;&nbsp;Run_MainMoto
<LI><a href="#[6e]">&gt;&gt;</a>&nbsp;&nbsp;&nbsp;DW_Set_Speed
<LI><a href="#[73]">&gt;&gt;</a>&nbsp;&nbsp;&nbsp;DW_Move_Z
<LI><a href="#[75]">&gt;&gt;</a>&nbsp;&nbsp;&nbsp;DW_Move_Y
<LI><a href="#[74]">&gt;&gt;</a>&nbsp;&nbsp;&nbsp;DW_Move_X
</UL>
<BR>[Called By]<UL><LI><a href="#[5a]">&gt;&gt;</a>&nbsp;&nbsp;&nbsp;DK_NRF_KZ
</UL>

<P><STRONG><a name="[60]"></a>DK_Ctrl_Run</STRONG> (Thumb, 22 bytes, Stack size 8 bytes, dk_run.o(.text))
<BR><BR>[Stack]<UL><LI>Max Depth = 120<LI>Call Chain = DK_Ctrl_Run &rArr; Interpolation_Process &rArr; Circula_Interpolation &rArr; Circula_QuadrantJudge
</UL>
<BR>[Calls]<UL><LI><a href="#[79]">&gt;&gt;</a>&nbsp;&nbsp;&nbsp;SubGCodeQueueEntries
<LI><a href="#[78]">&gt;&gt;</a>&nbsp;&nbsp;&nbsp;Interpolation_Process
</UL>
<BR>[Called By]<UL><LI><a href="#[37]">&gt;&gt;</a>&nbsp;&nbsp;&nbsp;CtrlTask
</UL>

<P><STRONG><a name="[7a]"></a>NRF_GCode</STRONG> (Thumb, 108 bytes, Stack size 16 bytes, dk_run.o(.text))
<BR><BR>[Stack]<UL><LI>Max Depth = 24<LI>Call Chain = NRF_GCode &rArr; AddGCodeQueueEntries
</UL>
<BR>[Calls]<UL><LI><a href="#[7b]">&gt;&gt;</a>&nbsp;&nbsp;&nbsp;AddGCodeQueueEntries
</UL>
<BR>[Called By]<UL><LI><a href="#[5a]">&gt;&gt;</a>&nbsp;&nbsp;&nbsp;DK_NRF_KZ
</UL>

<P><STRONG><a name="[7c]"></a>DK_Reset</STRONG> (Thumb, 32 bytes, Stack size 8 bytes, dk_run.o(.text))
<BR><BR>[Stack]<UL><LI>Max Depth = 8<LI>Call Chain = DK_Reset
</UL>
<BR>[Calls]<UL><LI><a href="#[72]">&gt;&gt;</a>&nbsp;&nbsp;&nbsp;Stop_Moto
<LI><a href="#[77]">&gt;&gt;</a>&nbsp;&nbsp;&nbsp;Stop_MainMoto
</UL>
<BR>[Called By]<UL><LI><a href="#[5a]">&gt;&gt;</a>&nbsp;&nbsp;&nbsp;DK_NRF_KZ
</UL>

<P><STRONG><a name="[5a]"></a>DK_NRF_KZ</STRONG> (Thumb, 136 bytes, Stack size 16 bytes, dk_run.o(.text))
<BR><BR>[Stack]<UL><LI>Max Depth = 48<LI>Call Chain = DK_NRF_KZ &rArr; DK_Ctrl_DW &rArr; Run_MainMoto
</UL>
<BR>[Calls]<UL><LI><a href="#[77]">&gt;&gt;</a>&nbsp;&nbsp;&nbsp;Stop_MainMoto
<LI><a href="#[7c]">&gt;&gt;</a>&nbsp;&nbsp;&nbsp;DK_Reset
<LI><a href="#[7a]">&gt;&gt;</a>&nbsp;&nbsp;&nbsp;NRF_GCode
<LI><a href="#[71]">&gt;&gt;</a>&nbsp;&nbsp;&nbsp;DK_Ctrl_DW
<LI><a href="#[4d]">&gt;&gt;</a>&nbsp;&nbsp;&nbsp;InitializeGCodeQueue
</UL>
<BR>[Called By]<UL><LI><a href="#[58]">&gt;&gt;</a>&nbsp;&nbsp;&nbsp;NRFTask_RX
</UL>

<P><STRONG><a name="[7d]"></a>DK_NRF_SZ_Speed</STRONG> (Thumb, 48 bytes, Stack size 16 bytes, dk_sz.o(.text))
<BR><BR>[Stack]<UL><LI>Max Depth = 32<LI>Call Chain = DK_NRF_SZ_Speed &rArr; SaveData &rArr; BKP_WriteBackupRegister
</UL>
<BR>[Calls]<UL><LI><a href="#[7e]">&gt;&gt;</a>&nbsp;&nbsp;&nbsp;SaveData
<LI><a href="#[70]">&gt;&gt;</a>&nbsp;&nbsp;&nbsp;Set_Speed_Z
<LI><a href="#[6f]">&gt;&gt;</a>&nbsp;&nbsp;&nbsp;Set_Speed_XY
</UL>
<BR>[Called By]<UL><LI><a href="#[5c]">&gt;&gt;</a>&nbsp;&nbsp;&nbsp;DK_NRF_SZ
</UL>

<P><STRONG><a name="[5c]"></a>DK_NRF_SZ</STRONG> (Thumb, 40 bytes, Stack size 16 bytes, dk_sz.o(.text))
<BR><BR>[Stack]<UL><LI>Max Depth = 48<LI>Call Chain = DK_NRF_SZ &rArr; DK_NRF_SZ_Speed &rArr; SaveData &rArr; BKP_WriteBackupRegister
</UL>
<BR>[Calls]<UL><LI><a href="#[7d]">&gt;&gt;</a>&nbsp;&nbsp;&nbsp;DK_NRF_SZ_Speed
<LI><a href="#[5b]">&gt;&gt;</a>&nbsp;&nbsp;&nbsp;DK_NRF_ReturnState
</UL>
<BR>[Called By]<UL><LI><a href="#[58]">&gt;&gt;</a>&nbsp;&nbsp;&nbsp;NRFTask_RX
</UL>

<P><STRONG><a name="[8a]"></a>AddPlanQueueEntries</STRONG> (Thumb, 90 bytes, Stack size 8 bytes, plan.o(.text))
<BR><BR>[Stack]<UL><LI>Max Depth = 8<LI>Call Chain = AddPlanQueueEntries
</UL>
<BR>[Called By]<UL><LI><a href="#[8e]">&gt;&gt;</a>&nbsp;&nbsp;&nbsp;LinearInterpolation
<LI><a href="#[8b]">&gt;&gt;</a>&nbsp;&nbsp;&nbsp;Linear_Interpolation
<LI><a href="#[87]">&gt;&gt;</a>&nbsp;&nbsp;&nbsp;Circula_Interpolation
</UL>

<P><STRONG><a name="[81]"></a>SubPlanQueueEntries</STRONG> (Thumb, 68 bytes, Stack size 0 bytes, plan.o(.text))
<BR><BR>[Called By]<UL><LI><a href="#[80]">&gt;&gt;</a>&nbsp;&nbsp;&nbsp;PlanRunMoto
</UL>

<P><STRONG><a name="[62]"></a>InitPlanQueue</STRONG> (Thumb, 14 bytes, Stack size 0 bytes, plan.o(.text))
<BR><BR>[Called By]<UL><LI><a href="#[8d]">&gt;&gt;</a>&nbsp;&nbsp;&nbsp;Moto_Wait_XY
<LI><a href="#[7f]">&gt;&gt;</a>&nbsp;&nbsp;&nbsp;WaitPlanQueueReady
<LI><a href="#[38]">&gt;&gt;</a>&nbsp;&nbsp;&nbsp;MotoTask
</UL>

<P><STRONG><a name="[7f]"></a>WaitPlanQueueReady</STRONG> (Thumb, 32 bytes, Stack size 8 bytes, plan.o(.text))
<BR><BR>[Stack]<UL><LI>Max Depth = 8<LI>Call Chain = WaitPlanQueueReady
</UL>
<BR>[Calls]<UL><LI><a href="#[62]">&gt;&gt;</a>&nbsp;&nbsp;&nbsp;InitPlanQueue
</UL>
<BR>[Called By]<UL><LI><a href="#[8e]">&gt;&gt;</a>&nbsp;&nbsp;&nbsp;LinearInterpolation
<LI><a href="#[8b]">&gt;&gt;</a>&nbsp;&nbsp;&nbsp;Linear_Interpolation
<LI><a href="#[87]">&gt;&gt;</a>&nbsp;&nbsp;&nbsp;Circula_Interpolation
</UL>

<P><STRONG><a name="[84]"></a>PanDuan_Step</STRONG> (Thumb, 36 bytes, Stack size 0 bytes, plan.o(.text))
<BR><BR>[Called By]<UL><LI><a href="#[83]">&gt;&gt;</a>&nbsp;&nbsp;&nbsp;PlanWaitRunOk
</UL>

<P><STRONG><a name="[85]"></a>Plan_LoadNextEntries</STRONG> (Thumb, 64 bytes, Stack size 8 bytes, plan.o(.text))
<BR><BR>[Stack]<UL><LI>Max Depth = 8<LI>Call Chain = Plan_LoadNextEntries
</UL>
<BR>[Called By]<UL><LI><a href="#[63]">&gt;&gt;</a>&nbsp;&nbsp;&nbsp;PlanRun
</UL>

<P><STRONG><a name="[80]"></a>PlanRunMoto</STRONG> (Thumb, 78 bytes, Stack size 8 bytes, plan.o(.text))
<BR><BR>[Stack]<UL><LI>Max Depth = 16<LI>Call Chain = PlanRunMoto &rArr; Moto_Move
</UL>
<BR>[Calls]<UL><LI><a href="#[82]">&gt;&gt;</a>&nbsp;&nbsp;&nbsp;Moto_Move
<LI><a href="#[81]">&gt;&gt;</a>&nbsp;&nbsp;&nbsp;SubPlanQueueEntries
</UL>
<BR>[Called By]<UL><LI><a href="#[63]">&gt;&gt;</a>&nbsp;&nbsp;&nbsp;PlanRun
</UL>

<P><STRONG><a name="[83]"></a>PlanWaitRunOk</STRONG> (Thumb, 110 bytes, Stack size 8 bytes, plan.o(.text))
<BR><BR>[Stack]<UL><LI>Max Depth = 8<LI>Call Chain = PlanWaitRunOk
</UL>
<BR>[Calls]<UL><LI><a href="#[84]">&gt;&gt;</a>&nbsp;&nbsp;&nbsp;PanDuan_Step
</UL>
<BR>[Called By]<UL><LI><a href="#[63]">&gt;&gt;</a>&nbsp;&nbsp;&nbsp;PlanRun
</UL>

<P><STRONG><a name="[12e]"></a>PlanRunFlag_A</STRONG> (Thumb, 2 bytes, Stack size 0 bytes, plan.o(.text), UNUSED)

<P><STRONG><a name="[63]"></a>PlanRun</STRONG> (Thumb, 354 bytes, Stack size 8 bytes, plan.o(.text))
<BR><BR>[Stack]<UL><LI>Max Depth = 24<LI>Call Chain = PlanRun &rArr; PlanRunMoto &rArr; Moto_Move
</UL>
<BR>[Calls]<UL><LI><a href="#[83]">&gt;&gt;</a>&nbsp;&nbsp;&nbsp;PlanWaitRunOk
<LI><a href="#[80]">&gt;&gt;</a>&nbsp;&nbsp;&nbsp;PlanRunMoto
<LI><a href="#[85]">&gt;&gt;</a>&nbsp;&nbsp;&nbsp;Plan_LoadNextEntries
</UL>
<BR>[Called By]<UL><LI><a href="#[38]">&gt;&gt;</a>&nbsp;&nbsp;&nbsp;MotoTask
</UL>

<P><STRONG><a name="[4d]"></a>InitializeGCodeQueue</STRONG> (Thumb, 34 bytes, Stack size 0 bytes, queue.o(.text))
<BR><BR>[Called By]<UL><LI><a href="#[5a]">&gt;&gt;</a>&nbsp;&nbsp;&nbsp;DK_NRF_KZ
<LI><a href="#[4b]">&gt;&gt;</a>&nbsp;&nbsp;&nbsp;InitializeData
</UL>

<P><STRONG><a name="[7b]"></a>AddGCodeQueueEntries</STRONG> (Thumb, 86 bytes, Stack size 8 bytes, queue.o(.text))
<BR><BR>[Stack]<UL><LI>Max Depth = 8<LI>Call Chain = AddGCodeQueueEntries
</UL>
<BR>[Called By]<UL><LI><a href="#[7a]">&gt;&gt;</a>&nbsp;&nbsp;&nbsp;NRF_GCode
</UL>

<P><STRONG><a name="[79]"></a>SubGCodeQueueEntries</STRONG> (Thumb, 86 bytes, Stack size 8 bytes, queue.o(.text))
<BR><BR>[Stack]<UL><LI>Max Depth = 8<LI>Call Chain = SubGCodeQueueEntries
</UL>
<BR>[Called By]<UL><LI><a href="#[60]">&gt;&gt;</a>&nbsp;&nbsp;&nbsp;DK_Ctrl_Run
</UL>

<P><STRONG><a name="[86]"></a>MC_Move_Z</STRONG> (Thumb, 48 bytes, Stack size 8 bytes, motion_ctrl.o(.text))
<BR><BR>[Stack]<UL><LI>Max Depth = 16<LI>Call Chain = MC_Move_Z &rArr; Moto_Move
</UL>
<BR>[Calls]<UL><LI><a href="#[82]">&gt;&gt;</a>&nbsp;&nbsp;&nbsp;Moto_Move
</UL>
<BR>[Called By]<UL><LI><a href="#[8e]">&gt;&gt;</a>&nbsp;&nbsp;&nbsp;LinearInterpolation
<LI><a href="#[8c]">&gt;&gt;</a>&nbsp;&nbsp;&nbsp;Fast_Seek
<LI><a href="#[8b]">&gt;&gt;</a>&nbsp;&nbsp;&nbsp;Linear_Interpolation
<LI><a href="#[87]">&gt;&gt;</a>&nbsp;&nbsp;&nbsp;Circula_Interpolation
</UL>

<P><STRONG><a name="[87]"></a>Circula_Interpolation</STRONG> (Thumb, 894 bytes, Stack size 80 bytes, motion_ctrl.o(.text))
<BR><BR>[Stack]<UL><LI>Max Depth = 104<LI>Call Chain = Circula_Interpolation &rArr; Circula_QuadrantJudge
</UL>
<BR>[Calls]<UL><LI><a href="#[86]">&gt;&gt;</a>&nbsp;&nbsp;&nbsp;MC_Move_Z
<LI><a href="#[89]">&gt;&gt;</a>&nbsp;&nbsp;&nbsp;Circula_QuadrantJudge
<LI><a href="#[7f]">&gt;&gt;</a>&nbsp;&nbsp;&nbsp;WaitPlanQueueReady
<LI><a href="#[8a]">&gt;&gt;</a>&nbsp;&nbsp;&nbsp;AddPlanQueueEntries
<LI><a href="#[88]">&gt;&gt;</a>&nbsp;&nbsp;&nbsp;__aeabi_memcpy4
</UL>
<BR>[Called By]<UL><LI><a href="#[78]">&gt;&gt;</a>&nbsp;&nbsp;&nbsp;Interpolation_Process
</UL>

<P><STRONG><a name="[8b]"></a>Linear_Interpolation</STRONG> (Thumb, 550 bytes, Stack size 40 bytes, motion_ctrl.o(.text))
<BR><BR>[Stack]<UL><LI>Max Depth = 56<LI>Call Chain = Linear_Interpolation &rArr; MC_Move_Z &rArr; Moto_Move
</UL>
<BR>[Calls]<UL><LI><a href="#[86]">&gt;&gt;</a>&nbsp;&nbsp;&nbsp;MC_Move_Z
<LI><a href="#[7f]">&gt;&gt;</a>&nbsp;&nbsp;&nbsp;WaitPlanQueueReady
<LI><a href="#[8a]">&gt;&gt;</a>&nbsp;&nbsp;&nbsp;AddPlanQueueEntries
</UL>
<BR>[Called By]<UL><LI><a href="#[78]">&gt;&gt;</a>&nbsp;&nbsp;&nbsp;Interpolation_Process
</UL>

<P><STRONG><a name="[8c]"></a>Fast_Seek</STRONG> (Thumb, 94 bytes, Stack size 8 bytes, motion_ctrl.o(.text))
<BR><BR>[Stack]<UL><LI>Max Depth = 24<LI>Call Chain = Fast_Seek &rArr; MC_Move_Z &rArr; Moto_Move
</UL>
<BR>[Calls]<UL><LI><a href="#[8d]">&gt;&gt;</a>&nbsp;&nbsp;&nbsp;Moto_Wait_XY
<LI><a href="#[86]">&gt;&gt;</a>&nbsp;&nbsp;&nbsp;MC_Move_Z
<LI><a href="#[82]">&gt;&gt;</a>&nbsp;&nbsp;&nbsp;Moto_Move
<LI><a href="#[6f]">&gt;&gt;</a>&nbsp;&nbsp;&nbsp;Set_Speed_XY
</UL>
<BR>[Called By]<UL><LI><a href="#[78]">&gt;&gt;</a>&nbsp;&nbsp;&nbsp;Interpolation_Process
</UL>

<P><STRONG><a name="[78]"></a>Interpolation_Process</STRONG> (Thumb, 94 bytes, Stack size 8 bytes, motion_ctrl.o(.text))
<BR><BR>[Stack]<UL><LI>Max Depth = 112<LI>Call Chain = Interpolation_Process &rArr; Circula_Interpolation &rArr; Circula_QuadrantJudge
</UL>
<BR>[Calls]<UL><LI><a href="#[8c]">&gt;&gt;</a>&nbsp;&nbsp;&nbsp;Fast_Seek
<LI><a href="#[8b]">&gt;&gt;</a>&nbsp;&nbsp;&nbsp;Linear_Interpolation
<LI><a href="#[87]">&gt;&gt;</a>&nbsp;&nbsp;&nbsp;Circula_Interpolation
<LI><a href="#[77]">&gt;&gt;</a>&nbsp;&nbsp;&nbsp;Stop_MainMoto
<LI><a href="#[76]">&gt;&gt;</a>&nbsp;&nbsp;&nbsp;Run_MainMoto
</UL>
<BR>[Called By]<UL><LI><a href="#[60]">&gt;&gt;</a>&nbsp;&nbsp;&nbsp;DK_Ctrl_Run
</UL>

<P><STRONG><a name="[8e]"></a>LinearInterpolation</STRONG> (Thumb, 626 bytes, Stack size 40 bytes, motion_ctrl.o(.text), UNUSED)
<BR><BR>[Calls]<UL><LI><a href="#[8d]">&gt;&gt;</a>&nbsp;&nbsp;&nbsp;Moto_Wait_XY
<LI><a href="#[86]">&gt;&gt;</a>&nbsp;&nbsp;&nbsp;MC_Move_Z
<LI><a href="#[82]">&gt;&gt;</a>&nbsp;&nbsp;&nbsp;Moto_Move
<LI><a href="#[7f]">&gt;&gt;</a>&nbsp;&nbsp;&nbsp;WaitPlanQueueReady
<LI><a href="#[8a]">&gt;&gt;</a>&nbsp;&nbsp;&nbsp;AddPlanQueueEntries
</UL>

<P><STRONG><a name="[70]"></a>Set_Speed_Z</STRONG> (Thumb, 38 bytes, Stack size 0 bytes, moto_4988.o(.text))
<BR><BR>[Called By]<UL><LI><a href="#[7d]">&gt;&gt;</a>&nbsp;&nbsp;&nbsp;DK_NRF_SZ_Speed
<LI><a href="#[6e]">&gt;&gt;</a>&nbsp;&nbsp;&nbsp;DW_Set_Speed
<LI><a href="#[4f]">&gt;&gt;</a>&nbsp;&nbsp;&nbsp;Initialize_Moto
</UL>

<P><STRONG><a name="[6f]"></a>Set_Speed_XY</STRONG> (Thumb, 38 bytes, Stack size 0 bytes, moto_4988.o(.text))
<BR><BR>[Called By]<UL><LI><a href="#[8c]">&gt;&gt;</a>&nbsp;&nbsp;&nbsp;Fast_Seek
<LI><a href="#[7d]">&gt;&gt;</a>&nbsp;&nbsp;&nbsp;DK_NRF_SZ_Speed
<LI><a href="#[6e]">&gt;&gt;</a>&nbsp;&nbsp;&nbsp;DW_Set_Speed
<LI><a href="#[61]">&gt;&gt;</a>&nbsp;&nbsp;&nbsp;MotoGotoZero
<LI><a href="#[4f]">&gt;&gt;</a>&nbsp;&nbsp;&nbsp;Initialize_Moto
</UL>

<P><STRONG><a name="[8f]"></a>MOTO_TIM_Init</STRONG> (Thumb, 338 bytes, Stack size 48 bytes, moto_4988.o(.text))
<BR><BR>[Stack]<UL><LI>Max Depth = 96<LI>Call Chain = MOTO_TIM_Init &rArr; IO_AF_PP_HIGH &rArr; GPIO_Init
</UL>
<BR>[Calls]<UL><LI><a href="#[94]">&gt;&gt;</a>&nbsp;&nbsp;&nbsp;TIM_TimeBaseInit
<LI><a href="#[9b]">&gt;&gt;</a>&nbsp;&nbsp;&nbsp;TIM_OC4PreloadConfig
<LI><a href="#[9a]">&gt;&gt;</a>&nbsp;&nbsp;&nbsp;TIM_OC4Init
<LI><a href="#[96]">&gt;&gt;</a>&nbsp;&nbsp;&nbsp;TIM_OC2PreloadConfig
<LI><a href="#[95]">&gt;&gt;</a>&nbsp;&nbsp;&nbsp;TIM_OC2Init
<LI><a href="#[98]">&gt;&gt;</a>&nbsp;&nbsp;&nbsp;TIM_ITConfig
<LI><a href="#[99]">&gt;&gt;</a>&nbsp;&nbsp;&nbsp;TIM_Cmd
<LI><a href="#[97]">&gt;&gt;</a>&nbsp;&nbsp;&nbsp;TIM_ARRPreloadConfig
<LI><a href="#[90]">&gt;&gt;</a>&nbsp;&nbsp;&nbsp;RCC_APB1PeriphClockCmd
<LI><a href="#[91]">&gt;&gt;</a>&nbsp;&nbsp;&nbsp;NVIC_Init
<LI><a href="#[92]">&gt;&gt;</a>&nbsp;&nbsp;&nbsp;IO_AF_PP_HIGH
<LI><a href="#[93]">&gt;&gt;</a>&nbsp;&nbsp;&nbsp;GPIO_ResetBits
</UL>
<BR>[Called By]<UL><LI><a href="#[4f]">&gt;&gt;</a>&nbsp;&nbsp;&nbsp;Initialize_Moto
</UL>

<P><STRONG><a name="[76]"></a>Run_MainMoto</STRONG> (Thumb, 98 bytes, Stack size 16 bytes, moto_4988.o(.text))
<BR><BR>[Stack]<UL><LI>Max Depth = 16<LI>Call Chain = Run_MainMoto
</UL>
<BR>[Called By]<UL><LI><a href="#[78]">&gt;&gt;</a>&nbsp;&nbsp;&nbsp;Interpolation_Process
<LI><a href="#[71]">&gt;&gt;</a>&nbsp;&nbsp;&nbsp;DK_Ctrl_DW
</UL>

<P><STRONG><a name="[77]"></a>Stop_MainMoto</STRONG> (Thumb, 16 bytes, Stack size 0 bytes, moto_4988.o(.text))
<BR><BR>[Called By]<UL><LI><a href="#[78]">&gt;&gt;</a>&nbsp;&nbsp;&nbsp;Interpolation_Process
<LI><a href="#[7c]">&gt;&gt;</a>&nbsp;&nbsp;&nbsp;DK_Reset
<LI><a href="#[71]">&gt;&gt;</a>&nbsp;&nbsp;&nbsp;DK_Ctrl_DW
<LI><a href="#[5a]">&gt;&gt;</a>&nbsp;&nbsp;&nbsp;DK_NRF_KZ
</UL>

<P><STRONG><a name="[4f]"></a>Initialize_Moto</STRONG> (Thumb, 246 bytes, Stack size 8 bytes, moto_4988.o(.text))
<BR><BR>[Stack]<UL><LI>Max Depth = 104<LI>Call Chain = Initialize_Moto &rArr; MOTO_TIM_Init &rArr; IO_AF_PP_HIGH &rArr; GPIO_Init
</UL>
<BR>[Calls]<UL><LI><a href="#[9c]">&gt;&gt;</a>&nbsp;&nbsp;&nbsp;IO_OUT_PP_HIGH
<LI><a href="#[9d]">&gt;&gt;</a>&nbsp;&nbsp;&nbsp;GPIO_SetBits
<LI><a href="#[8f]">&gt;&gt;</a>&nbsp;&nbsp;&nbsp;MOTO_TIM_Init
<LI><a href="#[70]">&gt;&gt;</a>&nbsp;&nbsp;&nbsp;Set_Speed_Z
<LI><a href="#[6f]">&gt;&gt;</a>&nbsp;&nbsp;&nbsp;Set_Speed_XY
</UL>
<BR>[Called By]<UL><LI><a href="#[4b]">&gt;&gt;</a>&nbsp;&nbsp;&nbsp;InitializeData
</UL>

<P><STRONG><a name="[72]"></a>Stop_Moto</STRONG> (Thumb, 50 bytes, Stack size 0 bytes, moto_4988.o(.text))
<BR><BR>[Called By]<UL><LI><a href="#[9e]">&gt;&gt;</a>&nbsp;&nbsp;&nbsp;TIM_Moto
<LI><a href="#[7c]">&gt;&gt;</a>&nbsp;&nbsp;&nbsp;DK_Reset
<LI><a href="#[71]">&gt;&gt;</a>&nbsp;&nbsp;&nbsp;DK_Ctrl_DW
<LI><a href="#[61]">&gt;&gt;</a>&nbsp;&nbsp;&nbsp;MotoGotoZero
</UL>

<P><STRONG><a name="[8d]"></a>Moto_Wait_XY</STRONG> (Thumb, 38 bytes, Stack size 8 bytes, moto_4988.o(.text))
<BR><BR>[Stack]<UL><LI>Max Depth = 8<LI>Call Chain = Moto_Wait_XY
</UL>
<BR>[Calls]<UL><LI><a href="#[62]">&gt;&gt;</a>&nbsp;&nbsp;&nbsp;InitPlanQueue
</UL>
<BR>[Called By]<UL><LI><a href="#[8e]">&gt;&gt;</a>&nbsp;&nbsp;&nbsp;LinearInterpolation
<LI><a href="#[8c]">&gt;&gt;</a>&nbsp;&nbsp;&nbsp;Fast_Seek
<LI><a href="#[61]">&gt;&gt;</a>&nbsp;&nbsp;&nbsp;MotoGotoZero
</UL>

<P><STRONG><a name="[82]"></a>Moto_Move</STRONG> (Thumb, 100 bytes, Stack size 8 bytes, moto_4988.o(.text))
<BR><BR>[Stack]<UL><LI>Max Depth = 8<LI>Call Chain = Moto_Move
</UL>
<BR>[Called By]<UL><LI><a href="#[8e]">&gt;&gt;</a>&nbsp;&nbsp;&nbsp;LinearInterpolation
<LI><a href="#[8c]">&gt;&gt;</a>&nbsp;&nbsp;&nbsp;Fast_Seek
<LI><a href="#[86]">&gt;&gt;</a>&nbsp;&nbsp;&nbsp;MC_Move_Z
<LI><a href="#[80]">&gt;&gt;</a>&nbsp;&nbsp;&nbsp;PlanRunMoto
<LI><a href="#[61]">&gt;&gt;</a>&nbsp;&nbsp;&nbsp;MotoGotoZero
</UL>

<P><STRONG><a name="[61]"></a>MotoGotoZero</STRONG> (Thumb, 196 bytes, Stack size 8 bytes, moto_4988.o(.text))
<BR><BR>[Stack]<UL><LI>Max Depth = 16<LI>Call Chain = MotoGotoZero &rArr; Moto_Wait_XY
</UL>
<BR>[Calls]<UL><LI><a href="#[8d]">&gt;&gt;</a>&nbsp;&nbsp;&nbsp;Moto_Wait_XY
<LI><a href="#[82]">&gt;&gt;</a>&nbsp;&nbsp;&nbsp;Moto_Move
<LI><a href="#[72]">&gt;&gt;</a>&nbsp;&nbsp;&nbsp;Stop_Moto
<LI><a href="#[6f]">&gt;&gt;</a>&nbsp;&nbsp;&nbsp;Set_Speed_XY
</UL>
<BR>[Called By]<UL><LI><a href="#[37]">&gt;&gt;</a>&nbsp;&nbsp;&nbsp;CtrlTask
</UL>

<P><STRONG><a name="[9e]"></a>TIM_Moto</STRONG> (Thumb, 490 bytes, Stack size 8 bytes, moto_4988.o(.text))
<BR><BR>[Stack]<UL><LI>Max Depth = 8<LI>Call Chain = TIM_Moto
</UL>
<BR>[Calls]<UL><LI><a href="#[72]">&gt;&gt;</a>&nbsp;&nbsp;&nbsp;Stop_Moto
</UL>
<BR>[Called By]<UL><LI><a href="#[28]">&gt;&gt;</a>&nbsp;&nbsp;&nbsp;TIM4_IRQHandler
<LI><a href="#[27]">&gt;&gt;</a>&nbsp;&nbsp;&nbsp;TIM3_IRQHandler
<LI><a href="#[26]">&gt;&gt;</a>&nbsp;&nbsp;&nbsp;TIM2_IRQHandler
</UL>

<P><STRONG><a name="[26]"></a>TIM2_IRQHandler</STRONG> (Thumb, 28 bytes, Stack size 8 bytes, moto_4988.o(.text))
<BR><BR>[Stack]<UL><LI>Max Depth = 20<LI>Call Chain = TIM2_IRQHandler &rArr; TIM_GetITStatus
</UL>
<BR>[Calls]<UL><LI><a href="#[9f]">&gt;&gt;</a>&nbsp;&nbsp;&nbsp;TIM_GetITStatus
<LI><a href="#[a0]">&gt;&gt;</a>&nbsp;&nbsp;&nbsp;TIM_ClearFlag
<LI><a href="#[9e]">&gt;&gt;</a>&nbsp;&nbsp;&nbsp;TIM_Moto
</UL>
<BR>[Address Reference Count : 1]<UL><LI> startup_stm32f10x_md.o(RESET)
</UL>
<P><STRONG><a name="[27]"></a>TIM3_IRQHandler</STRONG> (Thumb, 28 bytes, Stack size 8 bytes, moto_4988.o(.text))
<BR><BR>[Stack]<UL><LI>Max Depth = 20<LI>Call Chain = TIM3_IRQHandler &rArr; TIM_GetITStatus
</UL>
<BR>[Calls]<UL><LI><a href="#[9f]">&gt;&gt;</a>&nbsp;&nbsp;&nbsp;TIM_GetITStatus
<LI><a href="#[a0]">&gt;&gt;</a>&nbsp;&nbsp;&nbsp;TIM_ClearFlag
<LI><a href="#[9e]">&gt;&gt;</a>&nbsp;&nbsp;&nbsp;TIM_Moto
</UL>
<BR>[Address Reference Count : 1]<UL><LI> startup_stm32f10x_md.o(RESET)
</UL>
<P><STRONG><a name="[28]"></a>TIM4_IRQHandler</STRONG> (Thumb, 28 bytes, Stack size 8 bytes, moto_4988.o(.text))
<BR><BR>[Stack]<UL><LI>Max Depth = 20<LI>Call Chain = TIM4_IRQHandler &rArr; TIM_GetITStatus
</UL>
<BR>[Calls]<UL><LI><a href="#[9f]">&gt;&gt;</a>&nbsp;&nbsp;&nbsp;TIM_GetITStatus
<LI><a href="#[a0]">&gt;&gt;</a>&nbsp;&nbsp;&nbsp;TIM_ClearFlag
<LI><a href="#[9e]">&gt;&gt;</a>&nbsp;&nbsp;&nbsp;TIM_Moto
</UL>
<BR>[Address Reference Count : 1]<UL><LI> startup_stm32f10x_md.o(RESET)
</UL>
<P><STRONG><a name="[4e]"></a>Moto_Limit_Init</STRONG> (Thumb, 44 bytes, Stack size 8 bytes, limit.o(.text))
<BR><BR>[Stack]<UL><LI>Max Depth = 56<LI>Call Chain = Moto_Limit_Init &rArr; IO_IN_IPD &rArr; GPIO_Init
</UL>
<BR>[Calls]<UL><LI><a href="#[a1]">&gt;&gt;</a>&nbsp;&nbsp;&nbsp;IO_IN_IPD
</UL>
<BR>[Called By]<UL><LI><a href="#[4b]">&gt;&gt;</a>&nbsp;&nbsp;&nbsp;InitializeData
</UL>

<P><STRONG><a name="[4a]"></a>Limit</STRONG> (Thumb, 64 bytes, Stack size 0 bytes, limit.o(.text))
<BR><BR>[Called By]<UL><LI><a href="#[49]">&gt;&gt;</a>&nbsp;&nbsp;&nbsp;SystickRoutine
</UL>

<P><STRONG><a name="[7e]"></a>SaveData</STRONG> (Thumb, 80 bytes, Stack size 8 bytes, dk_bkp.o(.text))
<BR><BR>[Stack]<UL><LI>Max Depth = 16<LI>Call Chain = SaveData &rArr; BKP_WriteBackupRegister
</UL>
<BR>[Calls]<UL><LI><a href="#[a3]">&gt;&gt;</a>&nbsp;&nbsp;&nbsp;PWR_BackupAccessCmd
<LI><a href="#[a4]">&gt;&gt;</a>&nbsp;&nbsp;&nbsp;BKP_WriteBackupRegister
<LI><a href="#[a2]">&gt;&gt;</a>&nbsp;&nbsp;&nbsp;BKP_ReadBackupRegister
<LI><a href="#[90]">&gt;&gt;</a>&nbsp;&nbsp;&nbsp;RCC_APB1PeriphClockCmd
</UL>
<BR>[Called By]<UL><LI><a href="#[7d]">&gt;&gt;</a>&nbsp;&nbsp;&nbsp;DK_NRF_SZ_Speed
<LI><a href="#[4c]">&gt;&gt;</a>&nbsp;&nbsp;&nbsp;LoadSYSData
</UL>

<P><STRONG><a name="[4c]"></a>LoadSYSData</STRONG> (Thumb, 130 bytes, Stack size 8 bytes, dk_bkp.o(.text))
<BR><BR>[Stack]<UL><LI>Max Depth = 24<LI>Call Chain = LoadSYSData &rArr; SaveData &rArr; BKP_WriteBackupRegister
</UL>
<BR>[Calls]<UL><LI><a href="#[a3]">&gt;&gt;</a>&nbsp;&nbsp;&nbsp;PWR_BackupAccessCmd
<LI><a href="#[a4]">&gt;&gt;</a>&nbsp;&nbsp;&nbsp;BKP_WriteBackupRegister
<LI><a href="#[a2]">&gt;&gt;</a>&nbsp;&nbsp;&nbsp;BKP_ReadBackupRegister
<LI><a href="#[90]">&gt;&gt;</a>&nbsp;&nbsp;&nbsp;RCC_APB1PeriphClockCmd
<LI><a href="#[7e]">&gt;&gt;</a>&nbsp;&nbsp;&nbsp;SaveData
</UL>
<BR>[Called By]<UL><LI><a href="#[4b]">&gt;&gt;</a>&nbsp;&nbsp;&nbsp;InitializeData
</UL>

<P><STRONG><a name="[a6]"></a>Delay</STRONG> (Thumb, 12 bytes, Stack size 0 bytes, device.o(.text))
<BR><BR>[Called By]<UL><LI><a href="#[a7]">&gt;&gt;</a>&nbsp;&nbsp;&nbsp;DelayMs
<LI><a href="#[a5]">&gt;&gt;</a>&nbsp;&nbsp;&nbsp;DelayUs
</UL>

<P><STRONG><a name="[a5]"></a>DelayUs</STRONG> (Thumb, 22 bytes, Stack size 4 bytes, device.o(.text), UNUSED)
<BR><BR>[Calls]<UL><LI><a href="#[a6]">&gt;&gt;</a>&nbsp;&nbsp;&nbsp;Delay
</UL>

<P><STRONG><a name="[a7]"></a>DelayMs</STRONG> (Thumb, 24 bytes, Stack size 4 bytes, device.o(.text))
<BR><BR>[Stack]<UL><LI>Max Depth = 4<LI>Call Chain = DelayMs
</UL>
<BR>[Calls]<UL><LI><a href="#[a6]">&gt;&gt;</a>&nbsp;&nbsp;&nbsp;Delay
</UL>
<BR>[Called By]<UL><LI><a href="#[ba]">&gt;&gt;</a>&nbsp;&nbsp;&nbsp;RtcInitialize
</UL>

<P><STRONG><a name="[12f]"></a>HexToAscii</STRONG> (Thumb, 16 bytes, Stack size 0 bytes, device.o(.text), UNUSED)

<P><STRONG><a name="[53]"></a>JTAG_Set</STRONG> (Thumb, 38 bytes, Stack size 0 bytes, device.o(.text))
<BR><BR>[Called By]<UL><LI><a href="#[52]">&gt;&gt;</a>&nbsp;&nbsp;&nbsp;InitializeDevice
</UL>

<P><STRONG><a name="[130]"></a>_sys_exit</STRONG> (Thumb, 6 bytes, Stack size 0 bytes, device.o(.text), UNUSED)

<P><STRONG><a name="[131]"></a>fputc</STRONG> (Thumb, 24 bytes, Stack size 0 bytes, device.o(.text), UNUSED)

<P><STRONG><a name="[132]"></a>INTX_DISABLE</STRONG> (Thumb, 4 bytes, Stack size 0 bytes, device.o(.text), UNUSED)

<P><STRONG><a name="[133]"></a>INTX_ENABLE</STRONG> (Thumb, 4 bytes, Stack size 0 bytes, device.o(.text), UNUSED)

<P><STRONG><a name="[a1]"></a>IO_IN_IPD</STRONG> (Thumb, 36 bytes, Stack size 24 bytes, device.o(.text))
<BR><BR>[Stack]<UL><LI>Max Depth = 48<LI>Call Chain = IO_IN_IPD &rArr; GPIO_Init
</UL>
<BR>[Calls]<UL><LI><a href="#[a8]">&gt;&gt;</a>&nbsp;&nbsp;&nbsp;RCC_APB2PeriphClockCmd
<LI><a href="#[a9]">&gt;&gt;</a>&nbsp;&nbsp;&nbsp;GPIO_Init
</UL>
<BR>[Called By]<UL><LI><a href="#[4e]">&gt;&gt;</a>&nbsp;&nbsp;&nbsp;Moto_Limit_Init
</UL>

<P><STRONG><a name="[aa]"></a>IO_IN_IPU</STRONG> (Thumb, 36 bytes, Stack size 24 bytes, device.o(.text))
<BR><BR>[Stack]<UL><LI>Max Depth = 48<LI>Call Chain = IO_IN_IPU &rArr; GPIO_Init
</UL>
<BR>[Calls]<UL><LI><a href="#[a8]">&gt;&gt;</a>&nbsp;&nbsp;&nbsp;RCC_APB2PeriphClockCmd
<LI><a href="#[a9]">&gt;&gt;</a>&nbsp;&nbsp;&nbsp;GPIO_Init
</UL>
<BR>[Called By]<UL><LI><a href="#[5d]">&gt;&gt;</a>&nbsp;&nbsp;&nbsp;NRF24L01_Init
</UL>

<P><STRONG><a name="[ab]"></a>IO_IN_PP_FL</STRONG> (Thumb, 36 bytes, Stack size 24 bytes, device.o(.text), UNUSED)
<BR><BR>[Calls]<UL><LI><a href="#[a8]">&gt;&gt;</a>&nbsp;&nbsp;&nbsp;RCC_APB2PeriphClockCmd
<LI><a href="#[a9]">&gt;&gt;</a>&nbsp;&nbsp;&nbsp;GPIO_Init
</UL>

<P><STRONG><a name="[ac]"></a>IO_OUT_PP_LOW</STRONG> (Thumb, 42 bytes, Stack size 24 bytes, device.o(.text))
<BR><BR>[Stack]<UL><LI>Max Depth = 48<LI>Call Chain = IO_OUT_PP_LOW &rArr; GPIO_Init
</UL>
<BR>[Calls]<UL><LI><a href="#[a8]">&gt;&gt;</a>&nbsp;&nbsp;&nbsp;RCC_APB2PeriphClockCmd
<LI><a href="#[a9]">&gt;&gt;</a>&nbsp;&nbsp;&nbsp;GPIO_Init
</UL>
<BR>[Called By]<UL><LI><a href="#[55]">&gt;&gt;</a>&nbsp;&nbsp;&nbsp;InitializeLED
</UL>

<P><STRONG><a name="[ad]"></a>IO_AF_PP_LOW</STRONG> (Thumb, 42 bytes, Stack size 24 bytes, device.o(.text), UNUSED)
<BR><BR>[Calls]<UL><LI><a href="#[a8]">&gt;&gt;</a>&nbsp;&nbsp;&nbsp;RCC_APB2PeriphClockCmd
<LI><a href="#[a9]">&gt;&gt;</a>&nbsp;&nbsp;&nbsp;GPIO_Init
</UL>

<P><STRONG><a name="[ae]"></a>IO_OUT_PP_MID</STRONG> (Thumb, 42 bytes, Stack size 24 bytes, device.o(.text), UNUSED)
<BR><BR>[Calls]<UL><LI><a href="#[a8]">&gt;&gt;</a>&nbsp;&nbsp;&nbsp;RCC_APB2PeriphClockCmd
<LI><a href="#[a9]">&gt;&gt;</a>&nbsp;&nbsp;&nbsp;GPIO_Init
</UL>

<P><STRONG><a name="[af]"></a>IO_AF_PP_MID</STRONG> (Thumb, 42 bytes, Stack size 24 bytes, device.o(.text), UNUSED)
<BR><BR>[Calls]<UL><LI><a href="#[a8]">&gt;&gt;</a>&nbsp;&nbsp;&nbsp;RCC_APB2PeriphClockCmd
<LI><a href="#[a9]">&gt;&gt;</a>&nbsp;&nbsp;&nbsp;GPIO_Init
</UL>

<P><STRONG><a name="[9c]"></a>IO_OUT_PP_HIGH</STRONG> (Thumb, 42 bytes, Stack size 24 bytes, device.o(.text))
<BR><BR>[Stack]<UL><LI>Max Depth = 48<LI>Call Chain = IO_OUT_PP_HIGH &rArr; GPIO_Init
</UL>
<BR>[Calls]<UL><LI><a href="#[a8]">&gt;&gt;</a>&nbsp;&nbsp;&nbsp;RCC_APB2PeriphClockCmd
<LI><a href="#[a9]">&gt;&gt;</a>&nbsp;&nbsp;&nbsp;GPIO_Init
</UL>
<BR>[Called By]<UL><LI><a href="#[5d]">&gt;&gt;</a>&nbsp;&nbsp;&nbsp;NRF24L01_Init
<LI><a href="#[4f]">&gt;&gt;</a>&nbsp;&nbsp;&nbsp;Initialize_Moto
</UL>

<P><STRONG><a name="[92]"></a>IO_AF_PP_HIGH</STRONG> (Thumb, 42 bytes, Stack size 24 bytes, device.o(.text))
<BR><BR>[Stack]<UL><LI>Max Depth = 48<LI>Call Chain = IO_AF_PP_HIGH &rArr; GPIO_Init
</UL>
<BR>[Calls]<UL><LI><a href="#[a8]">&gt;&gt;</a>&nbsp;&nbsp;&nbsp;RCC_APB2PeriphClockCmd
<LI><a href="#[a9]">&gt;&gt;</a>&nbsp;&nbsp;&nbsp;GPIO_Init
</UL>
<BR>[Called By]<UL><LI><a href="#[8f]">&gt;&gt;</a>&nbsp;&nbsp;&nbsp;MOTO_TIM_Init
</UL>

<P><STRONG><a name="[b4]"></a>RTC_Get_Week</STRONG> (Thumb, 122 bytes, Stack size 20 bytes, device_rtc.o(.text))
<BR><BR>[Stack]<UL><LI>Max Depth = 20<LI>Call Chain = RTC_Get_Week
</UL>
<BR>[Called By]<UL><LI><a href="#[b1]">&gt;&gt;</a>&nbsp;&nbsp;&nbsp;RTC_Get
</UL>

<P><STRONG><a name="[b3]"></a>Is_Leap_Year</STRONG> (Thumb, 58 bytes, Stack size 0 bytes, device_rtc.o(.text))
<BR><BR>[Called By]<UL><LI><a href="#[b8]">&gt;&gt;</a>&nbsp;&nbsp;&nbsp;RTC_Set
<LI><a href="#[b1]">&gt;&gt;</a>&nbsp;&nbsp;&nbsp;RTC_Get
</UL>

<P><STRONG><a name="[b1]"></a>RTC_Get</STRONG> (Thumb, 236 bytes, Stack size 16 bytes, device_rtc.o(.text))
<BR><BR>[Stack]<UL><LI>Max Depth = 36<LI>Call Chain = RTC_Get &rArr; RTC_Get_Week
</UL>
<BR>[Calls]<UL><LI><a href="#[b2]">&gt;&gt;</a>&nbsp;&nbsp;&nbsp;RTC_GetCounter
<LI><a href="#[b3]">&gt;&gt;</a>&nbsp;&nbsp;&nbsp;Is_Leap_Year
<LI><a href="#[b4]">&gt;&gt;</a>&nbsp;&nbsp;&nbsp;RTC_Get_Week
</UL>
<BR>[Called By]<UL><LI><a href="#[ba]">&gt;&gt;</a>&nbsp;&nbsp;&nbsp;RtcInitialize
<LI><a href="#[d]">&gt;&gt;</a>&nbsp;&nbsp;&nbsp;RTC_IRQHandler
</UL>

<P><STRONG><a name="[d]"></a>RTC_IRQHandler</STRONG> (Thumb, 40 bytes, Stack size 8 bytes, device_rtc.o(.text))
<BR><BR>[Stack]<UL><LI>Max Depth = 44<LI>Call Chain = RTC_IRQHandler &rArr; RTC_Get &rArr; RTC_Get_Week
</UL>
<BR>[Calls]<UL><LI><a href="#[b7]">&gt;&gt;</a>&nbsp;&nbsp;&nbsp;RTC_WaitForLastTask
<LI><a href="#[b5]">&gt;&gt;</a>&nbsp;&nbsp;&nbsp;RTC_GetITStatus
<LI><a href="#[b6]">&gt;&gt;</a>&nbsp;&nbsp;&nbsp;RTC_ClearITPendingBit
<LI><a href="#[b1]">&gt;&gt;</a>&nbsp;&nbsp;&nbsp;RTC_Get
</UL>
<BR>[Address Reference Count : 1]<UL><LI> startup_stm32f10x_md.o(RESET)
</UL>
<P><STRONG><a name="[b8]"></a>RTC_Set</STRONG> (Thumb, 170 bytes, Stack size 40 bytes, device_rtc.o(.text))
<BR><BR>[Stack]<UL><LI>Max Depth = 44<LI>Call Chain = RTC_Set &rArr; RTC_SetCounter
</UL>
<BR>[Calls]<UL><LI><a href="#[b7]">&gt;&gt;</a>&nbsp;&nbsp;&nbsp;RTC_WaitForLastTask
<LI><a href="#[b9]">&gt;&gt;</a>&nbsp;&nbsp;&nbsp;RTC_SetCounter
<LI><a href="#[b3]">&gt;&gt;</a>&nbsp;&nbsp;&nbsp;Is_Leap_Year
<LI><a href="#[a3]">&gt;&gt;</a>&nbsp;&nbsp;&nbsp;PWR_BackupAccessCmd
<LI><a href="#[90]">&gt;&gt;</a>&nbsp;&nbsp;&nbsp;RCC_APB1PeriphClockCmd
</UL>
<BR>[Called By]<UL><LI><a href="#[ba]">&gt;&gt;</a>&nbsp;&nbsp;&nbsp;RtcInitialize
</UL>

<P><STRONG><a name="[ba]"></a>RtcInitialize</STRONG> (Thumb, 194 bytes, Stack size 24 bytes, device_rtc.o(.text))
<BR><BR>[Stack]<UL><LI>Max Depth = 68<LI>Call Chain = RtcInitialize &rArr; RTC_Set &rArr; RTC_SetCounter
</UL>
<BR>[Calls]<UL><LI><a href="#[c0]">&gt;&gt;</a>&nbsp;&nbsp;&nbsp;RTC_WaitForSynchro
<LI><a href="#[b7]">&gt;&gt;</a>&nbsp;&nbsp;&nbsp;RTC_WaitForLastTask
<LI><a href="#[c3]">&gt;&gt;</a>&nbsp;&nbsp;&nbsp;RTC_SetPrescaler
<LI><a href="#[c1]">&gt;&gt;</a>&nbsp;&nbsp;&nbsp;RTC_ITConfig
<LI><a href="#[c4]">&gt;&gt;</a>&nbsp;&nbsp;&nbsp;RTC_ExitConfigMode
<LI><a href="#[c2]">&gt;&gt;</a>&nbsp;&nbsp;&nbsp;RTC_EnterConfigMode
<LI><a href="#[be]">&gt;&gt;</a>&nbsp;&nbsp;&nbsp;RCC_RTCCLKConfig
<LI><a href="#[bf]">&gt;&gt;</a>&nbsp;&nbsp;&nbsp;RCC_RTCCLKCmd
<LI><a href="#[bc]">&gt;&gt;</a>&nbsp;&nbsp;&nbsp;RCC_LSEConfig
<LI><a href="#[bd]">&gt;&gt;</a>&nbsp;&nbsp;&nbsp;RCC_GetFlagStatus
<LI><a href="#[bb]">&gt;&gt;</a>&nbsp;&nbsp;&nbsp;BKP_DeInit
<LI><a href="#[b8]">&gt;&gt;</a>&nbsp;&nbsp;&nbsp;RTC_Set
<LI><a href="#[b1]">&gt;&gt;</a>&nbsp;&nbsp;&nbsp;RTC_Get
<LI><a href="#[b0]">&gt;&gt;</a>&nbsp;&nbsp;&nbsp;RTC_NVIC_Config
<LI><a href="#[a7]">&gt;&gt;</a>&nbsp;&nbsp;&nbsp;DelayMs
<LI><a href="#[a3]">&gt;&gt;</a>&nbsp;&nbsp;&nbsp;PWR_BackupAccessCmd
<LI><a href="#[a4]">&gt;&gt;</a>&nbsp;&nbsp;&nbsp;BKP_WriteBackupRegister
<LI><a href="#[a2]">&gt;&gt;</a>&nbsp;&nbsp;&nbsp;BKP_ReadBackupRegister
<LI><a href="#[90]">&gt;&gt;</a>&nbsp;&nbsp;&nbsp;RCC_APB1PeriphClockCmd
</UL>
<BR>[Called By]<UL><LI><a href="#[54]">&gt;&gt;</a>&nbsp;&nbsp;&nbsp;InitializeRtc
</UL>

<P><STRONG><a name="[54]"></a>InitializeRtc</STRONG> (Thumb, 8 bytes, Stack size 8 bytes, device_rtc.o(.text))
<BR><BR>[Stack]<UL><LI>Max Depth = 76<LI>Call Chain = InitializeRtc &rArr; RtcInitialize &rArr; RTC_Set &rArr; RTC_SetCounter
</UL>
<BR>[Calls]<UL><LI><a href="#[ba]">&gt;&gt;</a>&nbsp;&nbsp;&nbsp;RtcInitialize
</UL>
<BR>[Called By]<UL><LI><a href="#[52]">&gt;&gt;</a>&nbsp;&nbsp;&nbsp;InitializeDevice
</UL>

<P><STRONG><a name="[c5]"></a>SPI1_IO</STRONG> (Thumb, 54 bytes, Stack size 8 bytes, device_spi.o(.text))
<BR><BR>[Stack]<UL><LI>Max Depth = 32<LI>Call Chain = SPI1_IO &rArr; GPIO_Init
</UL>
<BR>[Calls]<UL><LI><a href="#[a8]">&gt;&gt;</a>&nbsp;&nbsp;&nbsp;RCC_APB2PeriphClockCmd
<LI><a href="#[a9]">&gt;&gt;</a>&nbsp;&nbsp;&nbsp;GPIO_Init
</UL>
<BR>[Called By]<UL><LI><a href="#[cc]">&gt;&gt;</a>&nbsp;&nbsp;&nbsp;SPIx_Init
</UL>

<P><STRONG><a name="[c6]"></a>SPI2_IO</STRONG> (Thumb, 56 bytes, Stack size 8 bytes, device_spi.o(.text))
<BR><BR>[Stack]<UL><LI>Max Depth = 32<LI>Call Chain = SPI2_IO &rArr; GPIO_Init
</UL>
<BR>[Calls]<UL><LI><a href="#[a8]">&gt;&gt;</a>&nbsp;&nbsp;&nbsp;RCC_APB2PeriphClockCmd
<LI><a href="#[a9]">&gt;&gt;</a>&nbsp;&nbsp;&nbsp;GPIO_Init
<LI><a href="#[90]">&gt;&gt;</a>&nbsp;&nbsp;&nbsp;RCC_APB1PeriphClockCmd
</UL>
<BR>[Called By]<UL><LI><a href="#[cc]">&gt;&gt;</a>&nbsp;&nbsp;&nbsp;SPIx_Init
</UL>

<P><STRONG><a name="[c7]"></a>SPI3_IO</STRONG> (Thumb, 54 bytes, Stack size 8 bytes, device_spi.o(.text))
<BR><BR>[Stack]<UL><LI>Max Depth = 32<LI>Call Chain = SPI3_IO &rArr; GPIO_Init
</UL>
<BR>[Calls]<UL><LI><a href="#[a8]">&gt;&gt;</a>&nbsp;&nbsp;&nbsp;RCC_APB2PeriphClockCmd
<LI><a href="#[a9]">&gt;&gt;</a>&nbsp;&nbsp;&nbsp;GPIO_Init
<LI><a href="#[90]">&gt;&gt;</a>&nbsp;&nbsp;&nbsp;RCC_APB1PeriphClockCmd
</UL>
<BR>[Called By]<UL><LI><a href="#[cc]">&gt;&gt;</a>&nbsp;&nbsp;&nbsp;SPIx_Init
</UL>

<P><STRONG><a name="[134]"></a>SPIx_SetSpeed</STRONG> (Thumb, 120 bytes, Stack size 0 bytes, device_spi.o(.text), UNUSED)

<P><STRONG><a name="[c8]"></a>SPIx_ReadWriteByte</STRONG> (Thumb, 80 bytes, Stack size 16 bytes, device_spi.o(.text))
<BR><BR>[Stack]<UL><LI>Max Depth = 16<LI>Call Chain = SPIx_ReadWriteByte
</UL>
<BR>[Calls]<UL><LI><a href="#[ca]">&gt;&gt;</a>&nbsp;&nbsp;&nbsp;SPI_I2S_SendData
<LI><a href="#[cb]">&gt;&gt;</a>&nbsp;&nbsp;&nbsp;SPI_I2S_ReceiveData
<LI><a href="#[c9]">&gt;&gt;</a>&nbsp;&nbsp;&nbsp;SPI_I2S_GetFlagStatus
</UL>
<BR>[Called By]<UL><LI><a href="#[e7]">&gt;&gt;</a>&nbsp;&nbsp;&nbsp;NRF24L01_Read_Reg
<LI><a href="#[e6]">&gt;&gt;</a>&nbsp;&nbsp;&nbsp;NRF24L01_Write_Reg
<LI><a href="#[e4]">&gt;&gt;</a>&nbsp;&nbsp;&nbsp;NRF24L01_Write_Buf
<LI><a href="#[e3]">&gt;&gt;</a>&nbsp;&nbsp;&nbsp;NRF24L01_Read_Buf
<LI><a href="#[d0]">&gt;&gt;</a>&nbsp;&nbsp;&nbsp;SPI_Read
<LI><a href="#[cf]">&gt;&gt;</a>&nbsp;&nbsp;&nbsp;SPI_Write
<LI><a href="#[cc]">&gt;&gt;</a>&nbsp;&nbsp;&nbsp;SPIx_Init
</UL>

<P><STRONG><a name="[cc]"></a>SPIx_Init</STRONG> (Thumb, 128 bytes, Stack size 32 bytes, device_spi.o(.text))
<BR><BR>[Stack]<UL><LI>Max Depth = 64<LI>Call Chain = SPIx_Init &rArr; SPI3_IO &rArr; GPIO_Init
</UL>
<BR>[Calls]<UL><LI><a href="#[ce]">&gt;&gt;</a>&nbsp;&nbsp;&nbsp;SPI_Init
<LI><a href="#[cd]">&gt;&gt;</a>&nbsp;&nbsp;&nbsp;SPI_Cmd
<LI><a href="#[c8]">&gt;&gt;</a>&nbsp;&nbsp;&nbsp;SPIx_ReadWriteByte
<LI><a href="#[c7]">&gt;&gt;</a>&nbsp;&nbsp;&nbsp;SPI3_IO
<LI><a href="#[c6]">&gt;&gt;</a>&nbsp;&nbsp;&nbsp;SPI2_IO
<LI><a href="#[c5]">&gt;&gt;</a>&nbsp;&nbsp;&nbsp;SPI1_IO
</UL>
<BR>[Called By]<UL><LI><a href="#[5d]">&gt;&gt;</a>&nbsp;&nbsp;&nbsp;NRF24L01_Init
</UL>

<P><STRONG><a name="[cf]"></a>SPI_Write</STRONG> (Thumb, 38 bytes, Stack size 24 bytes, device_spi.o(.text), UNUSED)
<BR><BR>[Calls]<UL><LI><a href="#[c8]">&gt;&gt;</a>&nbsp;&nbsp;&nbsp;SPIx_ReadWriteByte
</UL>

<P><STRONG><a name="[d0]"></a>SPI_Read</STRONG> (Thumb, 40 bytes, Stack size 24 bytes, device_spi.o(.text), UNUSED)
<BR><BR>[Calls]<UL><LI><a href="#[c8]">&gt;&gt;</a>&nbsp;&nbsp;&nbsp;SPIx_ReadWriteByte
</UL>

<P><STRONG><a name="[d1]"></a>ModSend</STRONG> (Thumb, 66 bytes, Stack size 8 bytes, device_usart.o(.text))
<BR><BR>[Stack]<UL><LI>Max Depth = 28<LI>Call Chain = ModSend &rArr; USART_ITConfig
</UL>
<BR>[Calls]<UL><LI><a href="#[d2]">&gt;&gt;</a>&nbsp;&nbsp;&nbsp;USART_SendData
<LI><a href="#[d3]">&gt;&gt;</a>&nbsp;&nbsp;&nbsp;USART_ITConfig
</UL>
<BR>[Called By]<UL><LI><a href="#[2f]">&gt;&gt;</a>&nbsp;&nbsp;&nbsp;USART1_IRQHandler
</UL>

<P><STRONG><a name="[135]"></a>SetUsartMessagePointer</STRONG> (Thumb, 6 bytes, Stack size 0 bytes, device_usart.o(.text), UNUSED)

<P><STRONG><a name="[d4]"></a>MYDMA_Enable</STRONG> (Thumb, 30 bytes, Stack size 8 bytes, device_usart.o(.text))
<BR><BR>[Stack]<UL><LI>Max Depth = 8<LI>Call Chain = MYDMA_Enable
</UL>
<BR>[Calls]<UL><LI><a href="#[d6]">&gt;&gt;</a>&nbsp;&nbsp;&nbsp;DMA_SetCurrDataCounter
<LI><a href="#[d5]">&gt;&gt;</a>&nbsp;&nbsp;&nbsp;DMA_Cmd
</UL>
<BR>[Called By]<UL><LI><a href="#[2f]">&gt;&gt;</a>&nbsp;&nbsp;&nbsp;USART1_IRQHandler
</UL>

<P><STRONG><a name="[2f]"></a>USART1_IRQHandler</STRONG> (Thumb, 82 bytes, Stack size 8 bytes, device_usart.o(.text))
<BR><BR>[Stack]<UL><LI>Max Depth = 36<LI>Call Chain = USART1_IRQHandler &rArr; ModSend &rArr; USART_ITConfig
</UL>
<BR>[Calls]<UL><LI><a href="#[d8]">&gt;&gt;</a>&nbsp;&nbsp;&nbsp;USART_ReceiveData
<LI><a href="#[d7]">&gt;&gt;</a>&nbsp;&nbsp;&nbsp;USART_GetITStatus
<LI><a href="#[da]">&gt;&gt;</a>&nbsp;&nbsp;&nbsp;USART_ClearITPendingBit
<LI><a href="#[d9]">&gt;&gt;</a>&nbsp;&nbsp;&nbsp;DMA_GetCurrDataCounter
<LI><a href="#[d4]">&gt;&gt;</a>&nbsp;&nbsp;&nbsp;MYDMA_Enable
<LI><a href="#[d1]">&gt;&gt;</a>&nbsp;&nbsp;&nbsp;ModSend
</UL>
<BR>[Address Reference Count : 1]<UL><LI> startup_stm32f10x_md.o(RESET)
</UL>
<P><STRONG><a name="[db]"></a>InitUsart1DMA</STRONG> (Thumb, 104 bytes, Stack size 56 bytes, device_usart.o(.text), UNUSED)
<BR><BR>[Calls]<UL><LI><a href="#[d3]">&gt;&gt;</a>&nbsp;&nbsp;&nbsp;USART_ITConfig
<LI><a href="#[dd]">&gt;&gt;</a>&nbsp;&nbsp;&nbsp;USART_DMACmd
<LI><a href="#[dc]">&gt;&gt;</a>&nbsp;&nbsp;&nbsp;RCC_AHBPeriphClockCmd
<LI><a href="#[df]">&gt;&gt;</a>&nbsp;&nbsp;&nbsp;DMA_Init
<LI><a href="#[de]">&gt;&gt;</a>&nbsp;&nbsp;&nbsp;DMA_DeInit
<LI><a href="#[d5]">&gt;&gt;</a>&nbsp;&nbsp;&nbsp;DMA_Cmd
</UL>
<BR>[Called By]<UL><LI><a href="#[e0]">&gt;&gt;</a>&nbsp;&nbsp;&nbsp;InitializeUsart
</UL>

<P><STRONG><a name="[e0]"></a>InitializeUsart</STRONG> (Thumb, 162 bytes, Stack size 32 bytes, device_usart.o(.text), UNUSED)
<BR><BR>[Calls]<UL><LI><a href="#[e1]">&gt;&gt;</a>&nbsp;&nbsp;&nbsp;USART_Init
<LI><a href="#[d3]">&gt;&gt;</a>&nbsp;&nbsp;&nbsp;USART_ITConfig
<LI><a href="#[e2]">&gt;&gt;</a>&nbsp;&nbsp;&nbsp;USART_Cmd
<LI><a href="#[db]">&gt;&gt;</a>&nbsp;&nbsp;&nbsp;InitUsart1DMA
<LI><a href="#[a8]">&gt;&gt;</a>&nbsp;&nbsp;&nbsp;RCC_APB2PeriphClockCmd
<LI><a href="#[a9]">&gt;&gt;</a>&nbsp;&nbsp;&nbsp;GPIO_Init
<LI><a href="#[91]">&gt;&gt;</a>&nbsp;&nbsp;&nbsp;NVIC_Init
</UL>

<P><STRONG><a name="[55]"></a>InitializeLED</STRONG> (Thumb, 76 bytes, Stack size 16 bytes, device_led.o(.text))
<BR><BR>[Stack]<UL><LI>Max Depth = 64<LI>Call Chain = InitializeLED &rArr; IO_OUT_PP_LOW &rArr; GPIO_Init
</UL>
<BR>[Calls]<UL><LI><a href="#[ac]">&gt;&gt;</a>&nbsp;&nbsp;&nbsp;IO_OUT_PP_LOW
<LI><a href="#[9d]">&gt;&gt;</a>&nbsp;&nbsp;&nbsp;GPIO_SetBits
</UL>
<BR>[Called By]<UL><LI><a href="#[52]">&gt;&gt;</a>&nbsp;&nbsp;&nbsp;InitializeDevice
</UL>

<P><STRONG><a name="[5d]"></a>NRF24L01_Init</STRONG> (Thumb, 72 bytes, Stack size 8 bytes, device_nrf24l01.o(.text))
<BR><BR>[Stack]<UL><LI>Max Depth = 72<LI>Call Chain = NRF24L01_Init &rArr; SPIx_Init &rArr; SPI3_IO &rArr; GPIO_Init
</UL>
<BR>[Calls]<UL><LI><a href="#[cc]">&gt;&gt;</a>&nbsp;&nbsp;&nbsp;SPIx_Init
<LI><a href="#[aa]">&gt;&gt;</a>&nbsp;&nbsp;&nbsp;IO_IN_IPU
<LI><a href="#[9c]">&gt;&gt;</a>&nbsp;&nbsp;&nbsp;IO_OUT_PP_HIGH
</UL>
<BR>[Called By]<UL><LI><a href="#[36]">&gt;&gt;</a>&nbsp;&nbsp;&nbsp;NRFTask
</UL>

<P><STRONG><a name="[e3]"></a>NRF24L01_Read_Buf</STRONG> (Thumb, 60 bytes, Stack size 24 bytes, device_nrf24l01.o(.text))
<BR><BR>[Stack]<UL><LI>Max Depth = 40<LI>Call Chain = NRF24L01_Read_Buf &rArr; SPIx_ReadWriteByte
</UL>
<BR>[Calls]<UL><LI><a href="#[c8]">&gt;&gt;</a>&nbsp;&nbsp;&nbsp;SPIx_ReadWriteByte
</UL>
<BR>[Called By]<UL><LI><a href="#[e5]">&gt;&gt;</a>&nbsp;&nbsp;&nbsp;NRF24L01_Check
<LI><a href="#[69]">&gt;&gt;</a>&nbsp;&nbsp;&nbsp;NRF24L01_RxPacket
</UL>

<P><STRONG><a name="[e4]"></a>NRF24L01_Write_Buf</STRONG> (Thumb, 60 bytes, Stack size 24 bytes, device_nrf24l01.o(.text))
<BR><BR>[Stack]<UL><LI>Max Depth = 40<LI>Call Chain = NRF24L01_Write_Buf &rArr; SPIx_ReadWriteByte
</UL>
<BR>[Calls]<UL><LI><a href="#[c8]">&gt;&gt;</a>&nbsp;&nbsp;&nbsp;SPIx_ReadWriteByte
</UL>
<BR>[Called By]<UL><LI><a href="#[e5]">&gt;&gt;</a>&nbsp;&nbsp;&nbsp;NRF24L01_Check
<LI><a href="#[67]">&gt;&gt;</a>&nbsp;&nbsp;&nbsp;TX_Mode
<LI><a href="#[65]">&gt;&gt;</a>&nbsp;&nbsp;&nbsp;RX_Mode
<LI><a href="#[68]">&gt;&gt;</a>&nbsp;&nbsp;&nbsp;NRF24L01_TxPacket
</UL>

<P><STRONG><a name="[e5]"></a>NRF24L01_Check</STRONG> (Thumb, 68 bytes, Stack size 24 bytes, device_nrf24l01.o(.text), UNUSED)
<BR><BR>[Calls]<UL><LI><a href="#[e4]">&gt;&gt;</a>&nbsp;&nbsp;&nbsp;NRF24L01_Write_Buf
<LI><a href="#[e3]">&gt;&gt;</a>&nbsp;&nbsp;&nbsp;NRF24L01_Read_Buf
</UL>

<P><STRONG><a name="[e6]"></a>NRF24L01_Write_Reg</STRONG> (Thumb, 42 bytes, Stack size 16 bytes, device_nrf24l01.o(.text))
<BR><BR>[Stack]<UL><LI>Max Depth = 32<LI>Call Chain = NRF24L01_Write_Reg &rArr; SPIx_ReadWriteByte
</UL>
<BR>[Calls]<UL><LI><a href="#[c8]">&gt;&gt;</a>&nbsp;&nbsp;&nbsp;SPIx_ReadWriteByte
</UL>
<BR>[Called By]<UL><LI><a href="#[67]">&gt;&gt;</a>&nbsp;&nbsp;&nbsp;TX_Mode
<LI><a href="#[65]">&gt;&gt;</a>&nbsp;&nbsp;&nbsp;RX_Mode
<LI><a href="#[68]">&gt;&gt;</a>&nbsp;&nbsp;&nbsp;NRF24L01_TxPacket
<LI><a href="#[69]">&gt;&gt;</a>&nbsp;&nbsp;&nbsp;NRF24L01_RxPacket
</UL>

<P><STRONG><a name="[e7]"></a>NRF24L01_Read_Reg</STRONG> (Thumb, 40 bytes, Stack size 16 bytes, device_nrf24l01.o(.text))
<BR><BR>[Stack]<UL><LI>Max Depth = 32<LI>Call Chain = NRF24L01_Read_Reg &rArr; SPIx_ReadWriteByte
</UL>
<BR>[Calls]<UL><LI><a href="#[c8]">&gt;&gt;</a>&nbsp;&nbsp;&nbsp;SPIx_ReadWriteByte
</UL>
<BR>[Called By]<UL><LI><a href="#[68]">&gt;&gt;</a>&nbsp;&nbsp;&nbsp;NRF24L01_TxPacket
<LI><a href="#[69]">&gt;&gt;</a>&nbsp;&nbsp;&nbsp;NRF24L01_RxPacket
</UL>

<P><STRONG><a name="[68]"></a>NRF24L01_TxPacket</STRONG> (Thumb, 90 bytes, Stack size 16 bytes, device_nrf24l01.o(.text))
<BR><BR>[Stack]<UL><LI>Max Depth = 56<LI>Call Chain = NRF24L01_TxPacket &rArr; NRF24L01_Write_Buf &rArr; SPIx_ReadWriteByte
</UL>
<BR>[Calls]<UL><LI><a href="#[e7]">&gt;&gt;</a>&nbsp;&nbsp;&nbsp;NRF24L01_Read_Reg
<LI><a href="#[e6]">&gt;&gt;</a>&nbsp;&nbsp;&nbsp;NRF24L01_Write_Reg
<LI><a href="#[e4]">&gt;&gt;</a>&nbsp;&nbsp;&nbsp;NRF24L01_Write_Buf
</UL>
<BR>[Called By]<UL><LI><a href="#[66]">&gt;&gt;</a>&nbsp;&nbsp;&nbsp;NRF_M_Send
<LI><a href="#[5f]">&gt;&gt;</a>&nbsp;&nbsp;&nbsp;NRF_S_Ctrl
</UL>

<P><STRONG><a name="[69]"></a>NRF24L01_RxPacket</STRONG> (Thumb, 52 bytes, Stack size 16 bytes, device_nrf24l01.o(.text))
<BR><BR>[Stack]<UL><LI>Max Depth = 56<LI>Call Chain = NRF24L01_RxPacket &rArr; NRF24L01_Read_Buf &rArr; SPIx_ReadWriteByte
</UL>
<BR>[Calls]<UL><LI><a href="#[e7]">&gt;&gt;</a>&nbsp;&nbsp;&nbsp;NRF24L01_Read_Reg
<LI><a href="#[e6]">&gt;&gt;</a>&nbsp;&nbsp;&nbsp;NRF24L01_Write_Reg
<LI><a href="#[e3]">&gt;&gt;</a>&nbsp;&nbsp;&nbsp;NRF24L01_Read_Buf
</UL>
<BR>[Called By]<UL><LI><a href="#[66]">&gt;&gt;</a>&nbsp;&nbsp;&nbsp;NRF_M_Send
<LI><a href="#[5f]">&gt;&gt;</a>&nbsp;&nbsp;&nbsp;NRF_S_Ctrl
</UL>

<P><STRONG><a name="[65]"></a>RX_Mode</STRONG> (Thumb, 78 bytes, Stack size 8 bytes, device_nrf24l01.o(.text))
<BR><BR>[Stack]<UL><LI>Max Depth = 48<LI>Call Chain = RX_Mode &rArr; NRF24L01_Write_Buf &rArr; SPIx_ReadWriteByte
</UL>
<BR>[Calls]<UL><LI><a href="#[e6]">&gt;&gt;</a>&nbsp;&nbsp;&nbsp;NRF24L01_Write_Reg
<LI><a href="#[e4]">&gt;&gt;</a>&nbsp;&nbsp;&nbsp;NRF24L01_Write_Buf
</UL>
<BR>[Called By]<UL><LI><a href="#[66]">&gt;&gt;</a>&nbsp;&nbsp;&nbsp;NRF_M_Send
<LI><a href="#[64]">&gt;&gt;</a>&nbsp;&nbsp;&nbsp;NRF_M_Init
<LI><a href="#[5e]">&gt;&gt;</a>&nbsp;&nbsp;&nbsp;NRF_S_Init
<LI><a href="#[5f]">&gt;&gt;</a>&nbsp;&nbsp;&nbsp;NRF_S_Ctrl
</UL>

<P><STRONG><a name="[67]"></a>TX_Mode</STRONG> (Thumb, 88 bytes, Stack size 8 bytes, device_nrf24l01.o(.text))
<BR><BR>[Stack]<UL><LI>Max Depth = 48<LI>Call Chain = TX_Mode &rArr; NRF24L01_Write_Buf &rArr; SPIx_ReadWriteByte
</UL>
<BR>[Calls]<UL><LI><a href="#[e6]">&gt;&gt;</a>&nbsp;&nbsp;&nbsp;NRF24L01_Write_Reg
<LI><a href="#[e4]">&gt;&gt;</a>&nbsp;&nbsp;&nbsp;NRF24L01_Write_Buf
</UL>
<BR>[Called By]<UL><LI><a href="#[66]">&gt;&gt;</a>&nbsp;&nbsp;&nbsp;NRF_M_Send
<LI><a href="#[5f]">&gt;&gt;</a>&nbsp;&nbsp;&nbsp;NRF_S_Ctrl
</UL>

<P><STRONG><a name="[f0]"></a>PushQueue</STRONG> (Thumb, 44 bytes, Stack size 0 bytes, os.o(.text))
<BR><BR>[Called By]<UL><LI><a href="#[3d]">&gt;&gt;</a>&nbsp;&nbsp;&nbsp;PostMessageQueue
</UL>

<P><STRONG><a name="[ef]"></a>PopQueue</STRONG> (Thumb, 40 bytes, Stack size 0 bytes, os.o(.text))
<BR><BR>[Called By]<UL><LI><a href="#[3c]">&gt;&gt;</a>&nbsp;&nbsp;&nbsp;PendMessageQueue
</UL>

<P><STRONG><a name="[f2]"></a>OS_IsUseMutex</STRONG> (Thumb, 46 bytes, Stack size 0 bytes, os.o(.text))
<BR><BR>[Called By]<UL><LI><a href="#[f3]">&gt;&gt;</a>&nbsp;&nbsp;&nbsp;OSMutexUnLock
<LI><a href="#[f1]">&gt;&gt;</a>&nbsp;&nbsp;&nbsp;OSMutexLock
</UL>

<P><STRONG><a name="[f1]"></a>OSMutexLock</STRONG> (Thumb, 134 bytes, Stack size 8 bytes, os.o(.text))
<BR><BR>[Stack]<UL><LI>Max Depth = 16 + Unknown Stack Size
<LI>Call Chain = OSMutexLock &rArr; Schedule
</UL>
<BR>[Calls]<UL><LI><a href="#[f2]">&gt;&gt;</a>&nbsp;&nbsp;&nbsp;OS_IsUseMutex
<LI><a href="#[e8]">&gt;&gt;</a>&nbsp;&nbsp;&nbsp;Schedule
</UL>
<BR>[Address Reference Count : 1]<UL><LI> os.o(.text)
</UL>
<P><STRONG><a name="[f3]"></a>OSMutexUnLock</STRONG> (Thumb, 126 bytes, Stack size 24 bytes, os.o(.text))
<BR><BR>[Stack]<UL><LI>Max Depth = 32 + Unknown Stack Size
<LI>Call Chain = OSMutexUnLock &rArr; Schedule
</UL>
<BR>[Calls]<UL><LI><a href="#[f2]">&gt;&gt;</a>&nbsp;&nbsp;&nbsp;OS_IsUseMutex
<LI><a href="#[e8]">&gt;&gt;</a>&nbsp;&nbsp;&nbsp;Schedule
</UL>
<BR>[Address Reference Count : 1]<UL><LI> os.o(.text)
</UL>
<P><STRONG><a name="[f4]"></a>IdleTask</STRONG> (Thumb, 4 bytes, Stack size 0 bytes, os.o(.text))
<BR>[Address Reference Count : 1]<UL><LI> os.o(.text)
</UL>
<P><STRONG><a name="[f9]"></a>CreateIdleTask</STRONG> (Thumb, 14 bytes, Stack size 8 bytes, os.o(.text))
<BR><BR>[Stack]<UL><LI>Max Depth = 8<LI>Call Chain = CreateIdleTask
</UL>
<BR>[Address Reference Count : 1]<UL><LI> os.o(.text)
</UL>
<P><STRONG><a name="[f7]"></a>OS_NVIC_Config</STRONG> (Thumb, 32 bytes, Stack size 8 bytes, os.o(.text))
<BR><BR>[Stack]<UL><LI>Max Depth = 16<LI>Call Chain = OS_NVIC_Config &rArr; NVIC_SetPriority
</UL>
<BR>[Calls]<UL><LI><a href="#[f5]">&gt;&gt;</a>&nbsp;&nbsp;&nbsp;NVIC_SetPriority
<LI><a href="#[f8]">&gt;&gt;</a>&nbsp;&nbsp;&nbsp;NVIC_PriorityGroupConfig
</UL>
<BR>[Called By]<UL><LI><a href="#[57]">&gt;&gt;</a>&nbsp;&nbsp;&nbsp;InitializeOs
</UL>

<P><STRONG><a name="[57]"></a>InitializeOs</STRONG> (Thumb, 82 bytes, Stack size 8 bytes, os.o(.text))
<BR><BR>[Stack]<UL><LI>Max Depth = 24<LI>Call Chain = InitializeOs &rArr; OS_NVIC_Config &rArr; NVIC_SetPriority
</UL>
<BR>[Calls]<UL><LI><a href="#[fb]">&gt;&gt;</a>&nbsp;&nbsp;&nbsp;MSOS_InitTimer
<LI><a href="#[fa]">&gt;&gt;</a>&nbsp;&nbsp;&nbsp;MSOS_InitSystick
<LI><a href="#[f7]">&gt;&gt;</a>&nbsp;&nbsp;&nbsp;OS_NVIC_Config
</UL>
<BR>[Called By]<UL><LI><a href="#[35]">&gt;&gt;</a>&nbsp;&nbsp;&nbsp;main
</UL>

<P><STRONG><a name="[fa]"></a>MSOS_InitSystick</STRONG> (Thumb, 8 bytes, Stack size 0 bytes, os_systick.o(.text))
<BR><BR>[Called By]<UL><LI><a href="#[57]">&gt;&gt;</a>&nbsp;&nbsp;&nbsp;InitializeOs
</UL>

<P><STRONG><a name="[9]"></a>SysTick_Handler</STRONG> (Thumb, 214 bytes, Stack size 8 bytes, os_systick.o(.text))
<BR><BR>[Stack]<UL><LI>Max Depth = 24<LI>Call Chain = SysTick_Handler &rArr; TimerSystick1000Routine
</UL>
<BR>[Calls]<UL><LI><a href="#[fd]">&gt;&gt;</a>&nbsp;&nbsp;&nbsp;TimerSystick1000Routine
<LI><a href="#[fc]">&gt;&gt;</a>&nbsp;&nbsp;&nbsp;TimerSystick10000Routine
</UL>
<BR>[Address Reference Count : 1]<UL><LI> startup_stm32f10x_md.o(RESET)
</UL>
<P><STRONG><a name="[fd]"></a>TimerSystick1000Routine</STRONG> (Thumb, 144 bytes, Stack size 16 bytes, os_timer.o(.text))
<BR><BR>[Stack]<UL><LI>Max Depth = 16<LI>Call Chain = TimerSystick1000Routine
</UL>
<BR>[Called By]<UL><LI><a href="#[9]">&gt;&gt;</a>&nbsp;&nbsp;&nbsp;SysTick_Handler
</UL>

<P><STRONG><a name="[fc]"></a>TimerSystick10000Routine</STRONG> (Thumb, 106 bytes, Stack size 16 bytes, os_timer.o(.text))
<BR><BR>[Stack]<UL><LI>Max Depth = 16<LI>Call Chain = TimerSystick10000Routine
</UL>
<BR>[Called By]<UL><LI><a href="#[9]">&gt;&gt;</a>&nbsp;&nbsp;&nbsp;SysTick_Handler
</UL>

<P><STRONG><a name="[fe]"></a>StartAt</STRONG> (Thumb, 70 bytes, Stack size 8 bytes, os_timer.o(.text))
<BR><BR>[Stack]<UL><LI>Max Depth = 8<LI>Call Chain = StartAt
</UL>
<BR>[Address Reference Count : 1]<UL><LI> os_timer.o(.text)
</UL>
<P><STRONG><a name="[fb]"></a>MSOS_InitTimer</STRONG> (Thumb, 20 bytes, Stack size 0 bytes, os_timer.o(.text))
<BR><BR>[Called By]<UL><LI><a href="#[57]">&gt;&gt;</a>&nbsp;&nbsp;&nbsp;InitializeOs
</UL>

<P><STRONG><a name="[f6]"></a>OsStartHighReadyTask</STRONG> (Thumb, 0 bytes, Stack size unknown bytes, os_a.o(.text))
<BR><BR>[Called By]<UL><LI><a href="#[3a]">&gt;&gt;</a>&nbsp;&nbsp;&nbsp;Start
</UL>

<P><STRONG><a name="[e9]"></a>OsSwitchContext</STRONG> (Thumb, 0 bytes, Stack size unknown bytes, os_a.o(.text))
<BR><BR>[Called By]<UL><LI><a href="#[ea]">&gt;&gt;</a>&nbsp;&nbsp;&nbsp;ExitInterrupt
<LI><a href="#[e8]">&gt;&gt;</a>&nbsp;&nbsp;&nbsp;Schedule
</UL>

<P><STRONG><a name="[8]"></a>PendSV_Handler</STRONG> (Thumb, 0 bytes, Stack size unknown bytes, os_a.o(.text))
<BR>[Address Reference Count : 1]<UL><LI> startup_stm32f10x_md.o(RESET)
</UL>
<P><STRONG><a name="[105]"></a>mymemcpy</STRONG> (Thumb, 26 bytes, Stack size 16 bytes, malloc.o(.text), UNUSED)
<BR><BR>[Called By]<UL><LI><a href="#[104]">&gt;&gt;</a>&nbsp;&nbsp;&nbsp;myrealloc
</UL>

<P><STRONG><a name="[ff]"></a>mymemset</STRONG> (Thumb, 20 bytes, Stack size 12 bytes, malloc.o(.text))
<BR><BR>[Stack]<UL><LI>Max Depth = 12<LI>Call Chain = mymemset
</UL>
<BR>[Called By]<UL><LI><a href="#[45]">&gt;&gt;</a>&nbsp;&nbsp;&nbsp;mem_init
</UL>

<P><STRONG><a name="[45]"></a>mem_init</STRONG> (Thumb, 38 bytes, Stack size 4 bytes, malloc.o(.text))
<BR><BR>[Stack]<UL><LI>Max Depth = 16<LI>Call Chain = mem_init &rArr; mymemset
</UL>
<BR>[Calls]<UL><LI><a href="#[ff]">&gt;&gt;</a>&nbsp;&nbsp;&nbsp;mymemset
</UL>
<BR>[Called By]<UL><LI><a href="#[56]">&gt;&gt;</a>&nbsp;&nbsp;&nbsp;InitializeApp
</UL>
<BR>[Address Reference Count : 1]<UL><LI> malloc.o(.data)
</UL>
<P><STRONG><a name="[46]"></a>mem_perused</STRONG> (Thumb, 38 bytes, Stack size 0 bytes, malloc.o(.text))
<BR>[Address Reference Count : 1]<UL><LI> malloc.o(.data)
</UL>
<P><STRONG><a name="[103]"></a>mem_malloc</STRONG> (Thumb, 114 bytes, Stack size 24 bytes, malloc.o(.text), UNUSED)
<BR><BR>[Called By]<UL><LI><a href="#[104]">&gt;&gt;</a>&nbsp;&nbsp;&nbsp;myrealloc
<LI><a href="#[102]">&gt;&gt;</a>&nbsp;&nbsp;&nbsp;mymalloc
</UL>

<P><STRONG><a name="[101]"></a>mem_free</STRONG> (Thumb, 66 bytes, Stack size 16 bytes, malloc.o(.text), UNUSED)
<BR><BR>[Called By]<UL><LI><a href="#[100]">&gt;&gt;</a>&nbsp;&nbsp;&nbsp;myfree
</UL>

<P><STRONG><a name="[100]"></a>myfree</STRONG> (Thumb, 24 bytes, Stack size 16 bytes, malloc.o(.text), UNUSED)
<BR><BR>[Calls]<UL><LI><a href="#[101]">&gt;&gt;</a>&nbsp;&nbsp;&nbsp;mem_free
</UL>
<BR>[Called By]<UL><LI><a href="#[104]">&gt;&gt;</a>&nbsp;&nbsp;&nbsp;myrealloc
</UL>

<P><STRONG><a name="[102]"></a>mymalloc</STRONG> (Thumb, 28 bytes, Stack size 16 bytes, malloc.o(.text), UNUSED)
<BR><BR>[Calls]<UL><LI><a href="#[103]">&gt;&gt;</a>&nbsp;&nbsp;&nbsp;mem_malloc
</UL>

<P><STRONG><a name="[104]"></a>myrealloc</STRONG> (Thumb, 50 bytes, Stack size 16 bytes, malloc.o(.text), UNUSED)
<BR><BR>[Calls]<UL><LI><a href="#[100]">&gt;&gt;</a>&nbsp;&nbsp;&nbsp;myfree
<LI><a href="#[103]">&gt;&gt;</a>&nbsp;&nbsp;&nbsp;mem_malloc
<LI><a href="#[105]">&gt;&gt;</a>&nbsp;&nbsp;&nbsp;mymemcpy
</UL>

<P><STRONG><a name="[f8]"></a>NVIC_PriorityGroupConfig</STRONG> (Thumb, 10 bytes, Stack size 0 bytes, misc.o(.text))
<BR><BR>[Called By]<UL><LI><a href="#[f7]">&gt;&gt;</a>&nbsp;&nbsp;&nbsp;OS_NVIC_Config
</UL>

<P><STRONG><a name="[91]"></a>NVIC_Init</STRONG> (Thumb, 100 bytes, Stack size 16 bytes, misc.o(.text))
<BR><BR>[Stack]<UL><LI>Max Depth = 16<LI>Call Chain = NVIC_Init
</UL>
<BR>[Called By]<UL><LI><a href="#[e0]">&gt;&gt;</a>&nbsp;&nbsp;&nbsp;InitializeUsart
<LI><a href="#[b0]">&gt;&gt;</a>&nbsp;&nbsp;&nbsp;RTC_NVIC_Config
<LI><a href="#[8f]">&gt;&gt;</a>&nbsp;&nbsp;&nbsp;MOTO_TIM_Init
</UL>

<P><STRONG><a name="[51]"></a>NVIC_SetVectorTable</STRONG> (Thumb, 14 bytes, Stack size 0 bytes, misc.o(.text))
<BR><BR>[Called By]<UL><LI><a href="#[50]">&gt;&gt;</a>&nbsp;&nbsp;&nbsp;NVIC_Config
</UL>

<P><STRONG><a name="[136]"></a>NVIC_SystemLPConfig</STRONG> (Thumb, 34 bytes, Stack size 0 bytes, misc.o(.text), UNUSED)

<P><STRONG><a name="[137]"></a>SysTick_CLKSourceConfig</STRONG> (Thumb, 40 bytes, Stack size 0 bytes, misc.o(.text), UNUSED)

<P><STRONG><a name="[bb]"></a>BKP_DeInit</STRONG> (Thumb, 16 bytes, Stack size 8 bytes, stm32f10x_bkp.o(.text))
<BR><BR>[Stack]<UL><LI>Max Depth = 8<LI>Call Chain = BKP_DeInit
</UL>
<BR>[Calls]<UL><LI><a href="#[106]">&gt;&gt;</a>&nbsp;&nbsp;&nbsp;RCC_BackupResetCmd
</UL>
<BR>[Called By]<UL><LI><a href="#[ba]">&gt;&gt;</a>&nbsp;&nbsp;&nbsp;RtcInitialize
</UL>

<P><STRONG><a name="[138]"></a>BKP_TamperPinLevelConfig</STRONG> (Thumb, 6 bytes, Stack size 0 bytes, stm32f10x_bkp.o(.text), UNUSED)

<P><STRONG><a name="[139]"></a>BKP_TamperPinCmd</STRONG> (Thumb, 8 bytes, Stack size 0 bytes, stm32f10x_bkp.o(.text), UNUSED)

<P><STRONG><a name="[13a]"></a>BKP_ITConfig</STRONG> (Thumb, 8 bytes, Stack size 0 bytes, stm32f10x_bkp.o(.text), UNUSED)

<P><STRONG><a name="[13b]"></a>BKP_RTCOutputConfig</STRONG> (Thumb, 22 bytes, Stack size 0 bytes, stm32f10x_bkp.o(.text), UNUSED)

<P><STRONG><a name="[13c]"></a>BKP_SetRTCCalibrationValue</STRONG> (Thumb, 22 bytes, Stack size 0 bytes, stm32f10x_bkp.o(.text), UNUSED)

<P><STRONG><a name="[a4]"></a>BKP_WriteBackupRegister</STRONG> (Thumb, 24 bytes, Stack size 8 bytes, stm32f10x_bkp.o(.text))
<BR><BR>[Stack]<UL><LI>Max Depth = 8<LI>Call Chain = BKP_WriteBackupRegister
</UL>
<BR>[Called By]<UL><LI><a href="#[ba]">&gt;&gt;</a>&nbsp;&nbsp;&nbsp;RtcInitialize
<LI><a href="#[7e]">&gt;&gt;</a>&nbsp;&nbsp;&nbsp;SaveData
<LI><a href="#[4c]">&gt;&gt;</a>&nbsp;&nbsp;&nbsp;LoadSYSData
</UL>

<P><STRONG><a name="[a2]"></a>BKP_ReadBackupRegister</STRONG> (Thumb, 26 bytes, Stack size 8 bytes, stm32f10x_bkp.o(.text))
<BR><BR>[Stack]<UL><LI>Max Depth = 8<LI>Call Chain = BKP_ReadBackupRegister
</UL>
<BR>[Called By]<UL><LI><a href="#[ba]">&gt;&gt;</a>&nbsp;&nbsp;&nbsp;RtcInitialize
<LI><a href="#[7e]">&gt;&gt;</a>&nbsp;&nbsp;&nbsp;SaveData
<LI><a href="#[4c]">&gt;&gt;</a>&nbsp;&nbsp;&nbsp;LoadSYSData
</UL>

<P><STRONG><a name="[13d]"></a>BKP_GetFlagStatus</STRONG> (Thumb, 10 bytes, Stack size 0 bytes, stm32f10x_bkp.o(.text), UNUSED)

<P><STRONG><a name="[13e]"></a>BKP_ClearFlag</STRONG> (Thumb, 18 bytes, Stack size 0 bytes, stm32f10x_bkp.o(.text), UNUSED)

<P><STRONG><a name="[13f]"></a>BKP_GetITStatus</STRONG> (Thumb, 10 bytes, Stack size 0 bytes, stm32f10x_bkp.o(.text), UNUSED)

<P><STRONG><a name="[140]"></a>BKP_ClearITPendingBit</STRONG> (Thumb, 18 bytes, Stack size 0 bytes, stm32f10x_bkp.o(.text), UNUSED)

<P><STRONG><a name="[de]"></a>DMA_DeInit</STRONG> (Thumb, 324 bytes, Stack size 0 bytes, stm32f10x_dma.o(.text), UNUSED)
<BR><BR>[Called By]<UL><LI><a href="#[db]">&gt;&gt;</a>&nbsp;&nbsp;&nbsp;InitUsart1DMA
</UL>

<P><STRONG><a name="[df]"></a>DMA_Init</STRONG> (Thumb, 60 bytes, Stack size 8 bytes, stm32f10x_dma.o(.text), UNUSED)
<BR><BR>[Called By]<UL><LI><a href="#[db]">&gt;&gt;</a>&nbsp;&nbsp;&nbsp;InitUsart1DMA
</UL>

<P><STRONG><a name="[141]"></a>DMA_StructInit</STRONG> (Thumb, 26 bytes, Stack size 0 bytes, stm32f10x_dma.o(.text), UNUSED)

<P><STRONG><a name="[d5]"></a>DMA_Cmd</STRONG> (Thumb, 24 bytes, Stack size 0 bytes, stm32f10x_dma.o(.text))
<BR><BR>[Called By]<UL><LI><a href="#[db]">&gt;&gt;</a>&nbsp;&nbsp;&nbsp;InitUsart1DMA
<LI><a href="#[d4]">&gt;&gt;</a>&nbsp;&nbsp;&nbsp;MYDMA_Enable
</UL>

<P><STRONG><a name="[142]"></a>DMA_ITConfig</STRONG> (Thumb, 18 bytes, Stack size 0 bytes, stm32f10x_dma.o(.text), UNUSED)

<P><STRONG><a name="[d6]"></a>DMA_SetCurrDataCounter</STRONG> (Thumb, 4 bytes, Stack size 0 bytes, stm32f10x_dma.o(.text))
<BR><BR>[Called By]<UL><LI><a href="#[d4]">&gt;&gt;</a>&nbsp;&nbsp;&nbsp;MYDMA_Enable
</UL>

<P><STRONG><a name="[d9]"></a>DMA_GetCurrDataCounter</STRONG> (Thumb, 8 bytes, Stack size 0 bytes, stm32f10x_dma.o(.text))
<BR><BR>[Called By]<UL><LI><a href="#[2f]">&gt;&gt;</a>&nbsp;&nbsp;&nbsp;USART1_IRQHandler
</UL>

<P><STRONG><a name="[143]"></a>DMA_GetFlagStatus</STRONG> (Thumb, 40 bytes, Stack size 0 bytes, stm32f10x_dma.o(.text), UNUSED)

<P><STRONG><a name="[144]"></a>DMA_ClearFlag</STRONG> (Thumb, 22 bytes, Stack size 0 bytes, stm32f10x_dma.o(.text), UNUSED)

<P><STRONG><a name="[145]"></a>DMA_GetITStatus</STRONG> (Thumb, 40 bytes, Stack size 0 bytes, stm32f10x_dma.o(.text), UNUSED)

<P><STRONG><a name="[146]"></a>DMA_ClearITPendingBit</STRONG> (Thumb, 22 bytes, Stack size 0 bytes, stm32f10x_dma.o(.text), UNUSED)

<P><STRONG><a name="[107]"></a>GPIO_DeInit</STRONG> (Thumb, 172 bytes, Stack size 8 bytes, stm32f10x_gpio.o(.text), UNUSED)
<BR><BR>[Calls]<UL><LI><a href="#[108]">&gt;&gt;</a>&nbsp;&nbsp;&nbsp;RCC_APB2PeriphResetCmd
</UL>

<P><STRONG><a name="[109]"></a>GPIO_AFIODeInit</STRONG> (Thumb, 20 bytes, Stack size 8 bytes, stm32f10x_gpio.o(.text), UNUSED)
<BR><BR>[Calls]<UL><LI><a href="#[108]">&gt;&gt;</a>&nbsp;&nbsp;&nbsp;RCC_APB2PeriphResetCmd
</UL>

<P><STRONG><a name="[a9]"></a>GPIO_Init</STRONG> (Thumb, 278 bytes, Stack size 24 bytes, stm32f10x_gpio.o(.text))
<BR><BR>[Stack]<UL><LI>Max Depth = 24<LI>Call Chain = GPIO_Init
</UL>
<BR>[Called By]<UL><LI><a href="#[e0]">&gt;&gt;</a>&nbsp;&nbsp;&nbsp;InitializeUsart
<LI><a href="#[c7]">&gt;&gt;</a>&nbsp;&nbsp;&nbsp;SPI3_IO
<LI><a href="#[c6]">&gt;&gt;</a>&nbsp;&nbsp;&nbsp;SPI2_IO
<LI><a href="#[c5]">&gt;&gt;</a>&nbsp;&nbsp;&nbsp;SPI1_IO
<LI><a href="#[af]">&gt;&gt;</a>&nbsp;&nbsp;&nbsp;IO_AF_PP_MID
<LI><a href="#[ae]">&gt;&gt;</a>&nbsp;&nbsp;&nbsp;IO_OUT_PP_MID
<LI><a href="#[ad]">&gt;&gt;</a>&nbsp;&nbsp;&nbsp;IO_AF_PP_LOW
<LI><a href="#[ac]">&gt;&gt;</a>&nbsp;&nbsp;&nbsp;IO_OUT_PP_LOW
<LI><a href="#[ab]">&gt;&gt;</a>&nbsp;&nbsp;&nbsp;IO_IN_PP_FL
<LI><a href="#[aa]">&gt;&gt;</a>&nbsp;&nbsp;&nbsp;IO_IN_IPU
<LI><a href="#[a1]">&gt;&gt;</a>&nbsp;&nbsp;&nbsp;IO_IN_IPD
<LI><a href="#[9c]">&gt;&gt;</a>&nbsp;&nbsp;&nbsp;IO_OUT_PP_HIGH
<LI><a href="#[92]">&gt;&gt;</a>&nbsp;&nbsp;&nbsp;IO_AF_PP_HIGH
</UL>

<P><STRONG><a name="[147]"></a>GPIO_StructInit</STRONG> (Thumb, 16 bytes, Stack size 0 bytes, stm32f10x_gpio.o(.text), UNUSED)

<P><STRONG><a name="[148]"></a>GPIO_ReadInputDataBit</STRONG> (Thumb, 18 bytes, Stack size 0 bytes, stm32f10x_gpio.o(.text), UNUSED)

<P><STRONG><a name="[149]"></a>GPIO_ReadInputData</STRONG> (Thumb, 8 bytes, Stack size 0 bytes, stm32f10x_gpio.o(.text), UNUSED)

<P><STRONG><a name="[14a]"></a>GPIO_ReadOutputDataBit</STRONG> (Thumb, 18 bytes, Stack size 0 bytes, stm32f10x_gpio.o(.text), UNUSED)

<P><STRONG><a name="[14b]"></a>GPIO_ReadOutputData</STRONG> (Thumb, 8 bytes, Stack size 0 bytes, stm32f10x_gpio.o(.text), UNUSED)

<P><STRONG><a name="[9d]"></a>GPIO_SetBits</STRONG> (Thumb, 4 bytes, Stack size 0 bytes, stm32f10x_gpio.o(.text))
<BR><BR>[Called By]<UL><LI><a href="#[4f]">&gt;&gt;</a>&nbsp;&nbsp;&nbsp;Initialize_Moto
<LI><a href="#[55]">&gt;&gt;</a>&nbsp;&nbsp;&nbsp;InitializeLED
</UL>

<P><STRONG><a name="[93]"></a>GPIO_ResetBits</STRONG> (Thumb, 4 bytes, Stack size 0 bytes, stm32f10x_gpio.o(.text))
<BR><BR>[Called By]<UL><LI><a href="#[8f]">&gt;&gt;</a>&nbsp;&nbsp;&nbsp;MOTO_TIM_Init
</UL>

<P><STRONG><a name="[14c]"></a>GPIO_WriteBit</STRONG> (Thumb, 10 bytes, Stack size 0 bytes, stm32f10x_gpio.o(.text), UNUSED)

<P><STRONG><a name="[14d]"></a>GPIO_Write</STRONG> (Thumb, 4 bytes, Stack size 0 bytes, stm32f10x_gpio.o(.text), UNUSED)

<P><STRONG><a name="[14e]"></a>GPIO_PinLockConfig</STRONG> (Thumb, 18 bytes, Stack size 0 bytes, stm32f10x_gpio.o(.text), UNUSED)

[...]

<P><STRONG><a name="[1d2]"></a>USART_IrDAConfig</STRONG> (Thumb, 18 bytes, Stack size 0 bytes, stm32f10x_usart.o(.text), UNUSED)

<P><STRONG><a name="[1d3]"></a>USART_IrDACmd</STRONG> (Thumb, 24 bytes, Stack size 0 bytes, stm32f10x_usart.o(.text), UNUSED)

<P><STRONG><a name="[1d4]"></a>USART_GetFlagStatus</STRONG> (Thumb, 26 bytes, Stack size 0 bytes, stm32f10x_usart.o(.text), UNUSED)

<P><STRONG><a name="[1d5]"></a>USART_ClearFlag</STRONG> (Thumb, 18 bytes, Stack size 0 bytes, stm32f10x_usart.o(.text), UNUSED)

<P><STRONG><a name="[d7]"></a>USART_GetITStatus</STRONG> (Thumb, 84 bytes, Stack size 16 bytes, stm32f10x_usart.o(.text))
<BR><BR>[Stack]<UL><LI>Max Depth = 16<LI>Call Chain = USART_GetITStatus
</UL>
<BR>[Called By]<UL><LI><a href="#[2f]">&gt;&gt;</a>&nbsp;&nbsp;&nbsp;USART1_IRQHandler
</UL>

<P><STRONG><a name="[da]"></a>USART_ClearITPendingBit</STRONG> (Thumb, 52 bytes, Stack size 8 bytes, stm32f10x_usart.o(.text))
<BR><BR>[Stack]<UL><LI>Max Depth = 8<LI>Call Chain = USART_ClearITPendingBit
</UL>
<BR>[Called By]<UL><LI><a href="#[2f]">&gt;&gt;</a>&nbsp;&nbsp;&nbsp;USART1_IRQHandler
</UL>

<P><STRONG><a name="[42]"></a>SystemInit</STRONG> (Thumb, 78 bytes, Stack size 8 bytes, system_stm32f10x.o(.text))
<BR><BR>[Stack]<UL><LI>Max Depth = 28<LI>Call Chain = SystemInit &rArr; SetSysClock &rArr; SetSysClockTo72
</UL>
<BR>[Calls]<UL><LI><a href="#[123]">&gt;&gt;</a>&nbsp;&nbsp;&nbsp;SetSysClock
</UL>
<BR>[Address Reference Count : 1]<UL><LI> startup_stm32f10x_md.o(.text)
</UL>
<P><STRONG><a name="[1d6]"></a>SystemCoreClockUpdate</STRONG> (Thumb, 142 bytes, Stack size 8 bytes, system_stm32f10x.o(.text), UNUSED)

<P><STRONG><a name="[0]"></a>Reset_Handler</STRONG> (Thumb, 8 bytes, Stack size 0 bytes, startup_stm32f10x_md.o(.text))
<BR>[Address Reference Count : 1]<UL><LI> startup_stm32f10x_md.o(RESET)
</UL>
<P><STRONG><a name="[1c]"></a>ADC1_2_IRQHandler</STRONG> (Thumb, 0 bytes, Stack size 0 bytes, startup_stm32f10x_md.o(.text))
<BR><BR>[Calls]<UL><LI><a href="#[1c]">&gt;&gt;</a>&nbsp;&nbsp;&nbsp;ADC1_2_IRQHandler
</UL>
<BR>[Called By]<UL><LI><a href="#[1c]">&gt;&gt;</a>&nbsp;&nbsp;&nbsp;ADC1_2_IRQHandler
</UL>
<BR>[Address Reference Count : 1]<UL><LI> startup_stm32f10x_md.o(RESET)
</UL>
<P><STRONG><a name="[1f]"></a>CAN1_RX1_IRQHandler</STRONG> (Thumb, 0 bytes, Stack size 0 bytes, startup_stm32f10x_md.o(.text))
<BR>[Address Reference Count : 1]<UL><LI> startup_stm32f10x_md.o(RESET)
</UL>
<P><STRONG><a name="[20]"></a>CAN1_SCE_IRQHandler</STRONG> (Thumb, 0 bytes, Stack size 0 bytes, startup_stm32f10x_md.o(.text))
<BR>[Address Reference Count : 1]<UL><LI> startup_stm32f10x_md.o(RESET)
</UL>
<P><STRONG><a name="[15]"></a>DMA1_Channel1_IRQHandler</STRONG> (Thumb, 0 bytes, Stack size 0 bytes, startup_stm32f10x_md.o(.text))
<BR>[Address Reference Count : 1]<UL><LI> startup_stm32f10x_md.o(RESET)
</UL>
<P><STRONG><a name="[16]"></a>DMA1_Channel2_IRQHandler</STRONG> (Thumb, 0 bytes, Stack size 0 bytes, startup_stm32f10x_md.o(.text))
<BR>[Address Reference Count : 1]<UL><LI> startup_stm32f10x_md.o(RESET)
</UL>
<P><STRONG><a name="[17]"></a>DMA1_Channel3_IRQHandler</STRONG> (Thumb, 0 bytes, Stack size 0 bytes, startup_stm32f10x_md.o(.text))
<BR>[Address Reference Count : 1]<UL><LI> startup_stm32f10x_md.o(RESET)
</UL>
<P><STRONG><a name="[18]"></a>DMA1_Channel4_IRQHandler</STRONG> (Thumb, 0 bytes, Stack size 0 bytes, startup_stm32f10x_md.o(.text))
<BR>[Address Reference Count : 1]<UL><LI> startup_stm32f10x_md.o(RESET)
</UL>
<P><STRONG><a name="[19]"></a>DMA1_Channel5_IRQHandler</STRONG> (Thumb, 0 bytes, Stack size 0 bytes, startup_stm32f10x_md.o(.text))
<BR>[Address Reference Count : 1]<UL><LI> startup_stm32f10x_md.o(RESET)
</UL>
<P><STRONG><a name="[1a]"></a>DMA1_Channel6_IRQHandler</STRONG> (Thumb, 0 bytes, Stack size 0 bytes, startup_stm32f10x_md.o(.text))
<BR>[Address Reference Count : 1]<UL><LI> startup_stm32f10x_md.o(RESET)
</UL>
<P><STRONG><a name="[1b]"></a>DMA1_Channel7_IRQHandler</STRONG> (Thumb, 0 bytes, Stack size 0 bytes, startup_stm32f10x_md.o(.text))
<BR>[Address Reference Count : 1]<UL><LI> startup_stm32f10x_md.o(RESET)
</UL>
<P><STRONG><a name="[10]"></a>EXTI0_IRQHandler</STRONG> (Thumb, 0 bytes, Stack size 0 bytes, startup_stm32f10x_md.o(.text))
<BR>[Address Reference Count : 1]<UL><LI> startup_stm32f10x_md.o(RESET)
</UL>
<P><STRONG><a name="[32]"></a>EXTI15_10_IRQHandler</STRONG> (Thumb, 0 bytes, Stack size 0 bytes, startup_stm32f10x_md.o(.text))
<BR>[Address Reference Count : 1]<UL><LI> startup_stm32f10x_md.o(RESET)
</UL>
<P><STRONG><a name="[11]"></a>EXTI1_IRQHandler</STRONG> (Thumb, 0 bytes, Stack size 0 bytes, startup_stm32f10x_md.o(.text))
<BR>[Address Reference Count : 1]<UL><LI> startup_stm32f10x_md.o(RESET)
</UL>
<P><STRONG><a name="[12]"></a>EXTI2_IRQHandler</STRONG> (Thumb, 0 bytes, Stack size 0 bytes, startup_stm32f10x_md.o(.text))
<BR>[Address Reference Count : 1]<UL><LI> startup_stm32f10x_md.o(RESET)
</UL>
<P><STRONG><a name="[13]"></a>EXTI3_IRQHandler</STRONG> (Thumb, 0 bytes, Stack size 0 bytes, startup_stm32f10x_md.o(.text))
<BR>[Address Reference Count : 1]<UL><LI> startup_stm32f10x_md.o(RESET)
</UL>
<P><STRONG><a name="[14]"></a>EXTI4_IRQHandler</STRONG> (Thumb, 0 bytes, Stack size 0 bytes, startup_stm32f10x_md.o(.text))
<BR>[Address Reference Count : 1]<UL><LI> startup_stm32f10x_md.o(RESET)
</UL>
<P><STRONG><a name="[21]"></a>EXTI9_5_IRQHandler</STRONG> (Thumb, 0 bytes, Stack size 0 bytes, startup_stm32f10x_md.o(.text))
<BR>[Address Reference Count : 1]<UL><LI> startup_stm32f10x_md.o(RESET)
</UL>
<P><STRONG><a name="[e]"></a>FLASH_IRQHandler</STRONG> (Thumb, 0 bytes, Stack size 0 bytes, startup_stm32f10x_md.o(.text))
<BR>[Address Reference Count : 1]<UL><LI> startup_stm32f10x_md.o(RESET)
</UL>
<P><STRONG><a name="[2a]"></a>I2C1_ER_IRQHandler</STRONG> (Thumb, 0 bytes, Stack size 0 bytes, startup_stm32f10x_md.o(.text))
<BR>[Address Reference Count : 1]<UL><LI> startup_stm32f10x_md.o(RESET)
</UL>
<P><STRONG><a name="[29]"></a>I2C1_EV_IRQHandler</STRONG> (Thumb, 0 bytes, Stack size 0 bytes, startup_stm32f10x_md.o(.text))
<BR>[Address Reference Count : 1]<UL><LI> startup_stm32f10x_md.o(RESET)
</UL>
<P><STRONG><a name="[2c]"></a>I2C2_ER_IRQHandler</STRONG> (Thumb, 0 bytes, Stack size 0 bytes, startup_stm32f10x_md.o(.text))
<BR>[Address Reference Count : 1]<UL><LI> startup_stm32f10x_md.o(RESET)
</UL>
<P><STRONG><a name="[2b]"></a>I2C2_EV_IRQHandler</STRONG> (Thumb, 0 bytes, Stack size 0 bytes, startup_stm32f10x_md.o(.text))
<BR>[Address Reference Count : 1]<UL><LI> startup_stm32f10x_md.o(RESET)
</UL>
<P><STRONG><a name="[b]"></a>PVD_IRQHandler</STRONG> (Thumb, 0 bytes, Stack size 0 bytes, startup_stm32f10x_md.o(.text))
<BR>[Address Reference Count : 1]<UL><LI> startup_stm32f10x_md.o(RESET)
</UL>
<P><STRONG><a name="[f]"></a>RCC_IRQHandler</STRONG> (Thumb, 0 bytes, Stack size 0 bytes, startup_stm32f10x_md.o(.text))
<BR>[Address Reference Count : 1]<UL><LI> startup_stm32f10x_md.o(RESET)
</UL>
<P><STRONG><a name="[33]"></a>RTCAlarm_IRQHandler</STRONG> (Thumb, 0 bytes, Stack size 0 bytes, startup_stm32f10x_md.o(.text))
<BR>[Address Reference Count : 1]<UL><LI> startup_stm32f10x_md.o(RESET)
</UL>
<P><STRONG><a name="[2d]"></a>SPI1_IRQHandler</STRONG> (Thumb, 0 bytes, Stack size 0 bytes, startup_stm32f10x_md.o(.text))
<BR>[Address Reference Count : 1]<UL><LI> startup_stm32f10x_md.o(RESET)
</UL>
<P><STRONG><a name="[2e]"></a>SPI2_IRQHandler</STRONG> (Thumb, 0 bytes, Stack size 0 bytes, startup_stm32f10x_md.o(.text))
<BR>[Address Reference Count : 1]<UL><LI> startup_stm32f10x_md.o(RESET)
</UL>
<P><STRONG><a name="[c]"></a>TAMPER_IRQHandler</STRONG> (Thumb, 0 bytes, Stack size 0 bytes, startup_stm32f10x_md.o(.text))
<BR>[Address Reference Count : 1]<UL><LI> startup_stm32f10x_md.o(RESET)
</UL>
<P><STRONG><a name="[22]"></a>TIM1_BRK_IRQHandler</STRONG> (Thumb, 0 bytes, Stack size 0 bytes, startup_stm32f10x_md.o(.text))
<BR>[Address Reference Count : 1]<UL><LI> startup_stm32f10x_md.o(RESET)
</UL>
<P><STRONG><a name="[25]"></a>TIM1_CC_IRQHandler</STRONG> (Thumb, 0 bytes, Stack size 0 bytes, startup_stm32f10x_md.o(.text))
<BR>[Address Reference Count : 1]<UL><LI> startup_stm32f10x_md.o(RESET)
</UL>
<P><STRONG><a name="[24]"></a>TIM1_TRG_COM_IRQHandler</STRONG> (Thumb, 0 bytes, Stack size 0 bytes, startup_stm32f10x_md.o(.text))
<BR>[Address Reference Count : 1]<UL><LI> startup_stm32f10x_md.o(RESET)
</UL>
<P><STRONG><a name="[23]"></a>TIM1_UP_IRQHandler</STRONG> (Thumb, 0 bytes, Stack size 0 bytes, startup_stm32f10x_md.o(.text))
<BR>[Address Reference Count : 1]<UL><LI> startup_stm32f10x_md.o(RESET)
</UL>
<P><STRONG><a name="[30]"></a>USART2_IRQHandler</STRONG> (Thumb, 0 bytes, Stack size 0 bytes, startup_stm32f10x_md.o(.text))
<BR>[Address Reference Count : 1]<UL><LI> startup_stm32f10x_md.o(RESET)
</UL>
<P><STRONG><a name="[31]"></a>USART3_IRQHandler</STRONG> (Thumb, 0 bytes, Stack size 0 bytes, startup_stm32f10x_md.o(.text))
<BR>[Address Reference Count : 1]<UL><LI> startup_stm32f10x_md.o(RESET)
</UL>
<P><STRONG><a name="[34]"></a>USBWakeUp_IRQHandler</STRONG> (Thumb, 0 bytes, Stack size 0 bytes, startup_stm32f10x_md.o(.text))
<BR>[Address Reference Count : 1]<UL><LI> startup_stm32f10x_md.o(RESET)
</UL>
<P><STRONG><a name="[1d]"></a>USB_HP_CAN1_TX_IRQHandler</STRONG> (Thumb, 0 bytes, Stack size 0 bytes, startup_stm32f10x_md.o(.text))
<BR>[Address Reference Count : 1]<UL><LI> startup_stm32f10x_md.o(RESET)
</UL>
<P><STRONG><a name="[1e]"></a>USB_LP_CAN1_RX0_IRQHandler</STRONG> (Thumb, 0 bytes, Stack size 0 bytes, startup_stm32f10x_md.o(.text))
<BR>[Address Reference Count : 1]<UL><LI> startup_stm32f10x_md.o(RESET)
</UL>
<P><STRONG><a name="[a]"></a>WWDG_IRQHandler</STRONG> (Thumb, 0 bytes, Stack size 0 bytes, startup_stm32f10x_md.o(.text))
<BR>[Address Reference Count : 1]<UL><LI> startup_stm32f10x_md.o(RESET)
</UL>
<P><STRONG><a name="[1d7]"></a>__aeabi_memcpy</STRONG> (Thumb, 36 bytes, Stack size 0 bytes, memcpya.o(.text), UNUSED)

<P><STRONG><a name="[88]"></a>__aeabi_memcpy4</STRONG> (Thumb, 0 bytes, Stack size 0 bytes, memcpya.o(.text))
<BR><BR>[Called By]<UL><LI><a href="#[87]">&gt;&gt;</a>&nbsp;&nbsp;&nbsp;Circula_Interpolation
</UL>

<P><STRONG><a name="[1d8]"></a>__aeabi_memcpy8</STRONG> (Thumb, 0 bytes, Stack size 0 bytes, memcpya.o(.text), UNUSED)

<P><STRONG><a name="[48]"></a>__scatterload</STRONG> (Thumb, 28 bytes, Stack size 0 bytes, init.o(.text))
<BR><BR>[Calls]<UL><LI><a href="#[125]">&gt;&gt;</a>&nbsp;&nbsp;&nbsp;__main_after_scatterload
</UL>
<BR>[Called By]<UL><LI><a href="#[47]">&gt;&gt;</a>&nbsp;&nbsp;&nbsp;_main_scatterload
</UL>

<P><STRONG><a name="[1d9]"></a>__scatterload_rt2</STRONG> (Thumb, 0 bytes, Stack size 0 bytes, init.o(.text), UNUSED)

<P><STRONG><a name="[1da]"></a>__scatterload_copy</STRONG> (Thumb, 14 bytes, Stack size unknown bytes, handlers.o(i.__scatterload_copy), UNUSED)

<P><STRONG><a name="[1db]"></a>__scatterload_null</STRONG> (Thumb, 2 bytes, Stack size unknown bytes, handlers.o(i.__scatterload_null), UNUSED)

<P><STRONG><a name="[1dc]"></a>__scatterload_zeroinit</STRONG> (Thumb, 14 bytes, Stack size unknown bytes, handlers.o(i.__scatterload_zeroinit), UNUSED)
<P>
<H3>
Local Symbols
</H3>
<P><STRONG><a name="[56]"></a>InitializeApp</STRONG> (Thumb, 28 bytes, Stack size 8 bytes, app.o(.text))
<BR><BR>[Stack]<UL><LI>Max Depth = 120<LI>Call Chain = InitializeApp &rArr; InitializeData &rArr; Initialize_Moto &rArr; MOTO_TIM_Init &rArr; IO_AF_PP_HIGH &rArr; GPIO_Init
</UL>
<BR>[Calls]<UL><LI><a href="#[45]">&gt;&gt;</a>&nbsp;&nbsp;&nbsp;mem_init
<LI><a href="#[52]">&gt;&gt;</a>&nbsp;&nbsp;&nbsp;InitializeDevice
<LI><a href="#[4b]">&gt;&gt;</a>&nbsp;&nbsp;&nbsp;InitializeData
</UL>
<BR>[Called By]<UL><LI><a href="#[35]">&gt;&gt;</a>&nbsp;&nbsp;&nbsp;main
</UL>

<P><STRONG><a name="[89]"></a>Circula_QuadrantJudge</STRONG> (Thumb, 192 bytes, Stack size 24 bytes, motion_ctrl.o(.text))
<BR><BR>[Stack]<UL><LI>Max Depth = 24<LI>Call Chain = Circula_QuadrantJudge
</UL>
<BR>[Called By]<UL><LI><a href="#[87]">&gt;&gt;</a>&nbsp;&nbsp;&nbsp;Circula_Interpolation
</UL>

<P><STRONG><a name="[b0]"></a>RTC_NVIC_Config</STRONG> (Thumb, 32 bytes, Stack size 8 bytes, device_rtc.o(.text))
<BR><BR>[Stack]<UL><LI>Max Depth = 24<LI>Call Chain = RTC_NVIC_Config &rArr; NVIC_Init
</UL>
<BR>[Calls]<UL><LI><a href="#[91]">&gt;&gt;</a>&nbsp;&nbsp;&nbsp;NVIC_Init
</UL>
<BR>[Called By]<UL><LI><a href="#[ba]">&gt;&gt;</a>&nbsp;&nbsp;&nbsp;RtcInitialize
</UL>

<P><STRONG><a name="[f5]"></a>NVIC_SetPriority</STRONG> (Thumb, 32 bytes, Stack size 8 bytes, os.o(.text))
<BR><BR>[Stack]<UL><LI>Max Depth = 8<LI>Call Chain = NVIC_SetPriority
</UL>
<BR>[Called By]<UL><LI><a href="#[f7]">&gt;&gt;</a>&nbsp;&nbsp;&nbsp;OS_NVIC_Config
<LI><a href="#[3a]">&gt;&gt;</a>&nbsp;&nbsp;&nbsp;Start
</UL>

<P><STRONG><a name="[ec]"></a>InitializeTaskStack</STRONG> (Thumb, 154 bytes, Stack size 0 bytes, os.o(.text))
<BR><BR>[Called By]<UL><LI><a href="#[3b]">&gt;&gt;</a>&nbsp;&nbsp;&nbsp;CreateTask
</UL>

<P><STRONG><a name="[ed]"></a>InitializeTask</STRONG> (Thumb, 52 bytes, Stack size 0 bytes, os.o(.text))
<BR><BR>[Called By]<UL><LI><a href="#[3b]">&gt;&gt;</a>&nbsp;&nbsp;&nbsp;CreateTask
</UL>

<P><STRONG><a name="[e8]"></a>Schedule</STRONG> (Thumb, 84 bytes, Stack size 8 bytes, os.o(.text))
<BR><BR>[Stack]<UL><LI>Max Depth = 8 + Unknown Stack Size
<LI>Call Chain = Schedule
</UL>
<BR>[Calls]<UL><LI><a href="#[e9]">&gt;&gt;</a>&nbsp;&nbsp;&nbsp;OsSwitchContext
</UL>
<BR>[Called By]<UL><LI><a href="#[f3]">&gt;&gt;</a>&nbsp;&nbsp;&nbsp;OSMutexUnLock
<LI><a href="#[f1]">&gt;&gt;</a>&nbsp;&nbsp;&nbsp;OSMutexLock
<LI><a href="#[3e]">&gt;&gt;</a>&nbsp;&nbsp;&nbsp;DelayTimeTick
<LI><a href="#[3d]">&gt;&gt;</a>&nbsp;&nbsp;&nbsp;PostMessageQueue
<LI><a href="#[3c]">&gt;&gt;</a>&nbsp;&nbsp;&nbsp;PendMessageQueue
</UL>

<P><STRONG><a name="[eb]"></a>EnterInterrupt</STRONG> (Thumb, 20 bytes, Stack size 0 bytes, os.o(.text))
<BR><BR>[Called By]<UL><LI><a href="#[39]">&gt;&gt;</a>&nbsp;&nbsp;&nbsp;SystemTickRoutine
</UL>

<P><STRONG><a name="[ea]"></a>ExitInterrupt</STRONG> (Thumb, 110 bytes, Stack size 8 bytes, os.o(.text))
<BR><BR>[Stack]<UL><LI>Max Depth = 8 + Unknown Stack Size
<LI>Call Chain = ExitInterrupt
</UL>
<BR>[Calls]<UL><LI><a href="#[e9]">&gt;&gt;</a>&nbsp;&nbsp;&nbsp;OsSwitchContext
</UL>
<BR>[Called By]<UL><LI><a href="#[39]">&gt;&gt;</a>&nbsp;&nbsp;&nbsp;SystemTickRoutine
</UL>

<P><STRONG><a name="[39]"></a>SystemTickRoutine</STRONG> (Thumb, 110 bytes, Stack size 16 bytes, os.o(.text))
<BR><BR>[Stack]<UL><LI>Max Depth = 24 + Unknown Stack Size
<LI>Call Chain = SystemTickRoutine &rArr; ExitInterrupt
</UL>
<BR>[Calls]<UL><LI><a href="#[ea]">&gt;&gt;</a>&nbsp;&nbsp;&nbsp;ExitInterrupt
<LI><a href="#[eb]">&gt;&gt;</a>&nbsp;&nbsp;&nbsp;EnterInterrupt
</UL>
<BR>[Address Reference Count : 1]<UL><LI> os.o(.text)
</UL>
<P><STRONG><a name="[ee]"></a>CreateMessageQueue</STRONG> (Thumb, 54 bytes, Stack size 12 bytes, os.o(.text))
<BR><BR>[Stack]<UL><LI>Max Depth = 12<LI>Call Chain = CreateMessageQueue
</UL>
<BR>[Called By]<UL><LI><a href="#[3b]">&gt;&gt;</a>&nbsp;&nbsp;&nbsp;CreateTask
</UL>

<P><STRONG><a name="[3b]"></a>CreateTask</STRONG> (Thumb, 108 bytes, Stack size 16 bytes, os.o(.text))
<BR><BR>[Stack]<UL><LI>Max Depth = 28<LI>Call Chain = CreateTask &rArr; CreateMessageQueue
</UL>
<BR>[Calls]<UL><LI><a href="#[ee]">&gt;&gt;</a>&nbsp;&nbsp;&nbsp;CreateMessageQueue
<LI><a href="#[ed]">&gt;&gt;</a>&nbsp;&nbsp;&nbsp;InitializeTask
<LI><a href="#[ec]">&gt;&gt;</a>&nbsp;&nbsp;&nbsp;InitializeTaskStack
</UL>
<BR>[Address Reference Count : 1]<UL><LI> os.o(.text)
</UL>
<P><STRONG><a name="[3c]"></a>PendMessageQueue</STRONG> (Thumb, 272 bytes, Stack size 16 bytes, os.o(.text))
<BR><BR>[Stack]<UL><LI>Max Depth = 24 + Unknown Stack Size
<LI>Call Chain = PendMessageQueue &rArr; Schedule
</UL>
<BR>[Calls]<UL><LI><a href="#[ef]">&gt;&gt;</a>&nbsp;&nbsp;&nbsp;PopQueue
<LI><a href="#[e8]">&gt;&gt;</a>&nbsp;&nbsp;&nbsp;Schedule
</UL>
<BR>[Address Reference Count : 1]<UL><LI> os.o(.text)
</UL>
<P><STRONG><a name="[3d]"></a>PostMessageQueue</STRONG> (Thumb, 190 bytes, Stack size 24 bytes, os.o(.text))
<BR><BR>[Stack]<UL><LI>Max Depth = 32 + Unknown Stack Size
<LI>Call Chain = PostMessageQueue &rArr; Schedule
</UL>
<BR>[Calls]<UL><LI><a href="#[f0]">&gt;&gt;</a>&nbsp;&nbsp;&nbsp;PushQueue
<LI><a href="#[e8]">&gt;&gt;</a>&nbsp;&nbsp;&nbsp;Schedule
</UL>
<BR>[Address Reference Count : 1]<UL><LI> os.o(.text)
</UL>
<P><STRONG><a name="[3e]"></a>DelayTimeTick</STRONG> (Thumb, 64 bytes, Stack size 8 bytes, os.o(.text))
<BR><BR>[Stack]<UL><LI>Max Depth = 16 + Unknown Stack Size
<LI>Call Chain = DelayTimeTick &rArr; Schedule
</UL>
<BR>[Calls]<UL><LI><a href="#[e8]">&gt;&gt;</a>&nbsp;&nbsp;&nbsp;Schedule
</UL>
<BR>[Address Reference Count : 1]<UL><LI> os.o(.text)
</UL>
<P><STRONG><a name="[3a]"></a>Start</STRONG> (Thumb, 136 bytes, Stack size 8 bytes, os.o(.text))
<BR><BR>[Stack]<UL><LI>Max Depth = 16 + Unknown Stack Size
<LI>Call Chain = Start &rArr; NVIC_SetPriority
</UL>
<BR>[Calls]<UL><LI><a href="#[f6]">&gt;&gt;</a>&nbsp;&nbsp;&nbsp;OsStartHighReadyTask
<LI><a href="#[f5]">&gt;&gt;</a>&nbsp;&nbsp;&nbsp;NVIC_SetPriority
</UL>
<BR>[Address Reference Count : 1]<UL><LI> os.o(.text)
</UL>
<P><STRONG><a name="[44]"></a>Dummy</STRONG> (Thumb, 2 bytes, Stack size 0 bytes, os_systick.o(.text))
<BR>[Address Reference Count : 1]<UL><LI> os_systick.o(.data)
</UL>
<P><STRONG><a name="[3f]"></a>RegisterSystick</STRONG> (Thumb, 252 bytes, Stack size 8 bytes, os_systick.o(.text))
<BR><BR>[Stack]<UL><LI>Max Depth = 8<LI>Call Chain = RegisterSystick
</UL>
<BR>[Address Reference Count : 1]<UL><LI> os_systick.o(.text)
</UL>
<P><STRONG><a name="[40]"></a>Start</STRONG> (Thumb, 154 bytes, Stack size 12 bytes, os_timer.o(.text))
<BR><BR>[Stack]<UL><LI>Max Depth = 12<LI>Call Chain = Start
</UL>
<BR>[Address Reference Count : 1]<UL><LI> os_timer.o(.text)
</UL>
<P><STRONG><a name="[41]"></a>StopAt</STRONG> (Thumb, 44 bytes, Stack size 0 bytes, os_timer.o(.text))
<BR>[Address Reference Count : 1]<UL><LI> os_timer.o(.text)
</UL>
<P><STRONG><a name="[119]"></a>TI4_Config</STRONG> (Thumb, 130 bytes, Stack size 20 bytes, stm32f10x_tim.o(.text), UNUSED)
<BR><BR>[Called By]<UL><LI><a href="#[112]">&gt;&gt;</a>&nbsp;&nbsp;&nbsp;TIM_ICInit
</UL>

<P><STRONG><a name="[117]"></a>TI3_Config</STRONG> (Thumb, 122 bytes, Stack size 20 bytes, stm32f10x_tim.o(.text), UNUSED)
<BR><BR>[Called By]<UL><LI><a href="#[112]">&gt;&gt;</a>&nbsp;&nbsp;&nbsp;TIM_ICInit
</UL>

<P><STRONG><a name="[115]"></a>TI2_Config</STRONG> (Thumb, 130 bytes, Stack size 20 bytes, stm32f10x_tim.o(.text), UNUSED)
<BR><BR>[Called By]<UL><LI><a href="#[11e]">&gt;&gt;</a>&nbsp;&nbsp;&nbsp;TIM_TIxExternalClockConfig
<LI><a href="#[11b]">&gt;&gt;</a>&nbsp;&nbsp;&nbsp;TIM_PWMIConfig
<LI><a href="#[112]">&gt;&gt;</a>&nbsp;&nbsp;&nbsp;TIM_ICInit
</UL>

<P><STRONG><a name="[113]"></a>TI1_Config</STRONG> (Thumb, 108 bytes, Stack size 20 bytes, stm32f10x_tim.o(.text), UNUSED)
<BR><BR>[Called By]<UL><LI><a href="#[11e]">&gt;&gt;</a>&nbsp;&nbsp;&nbsp;TIM_TIxExternalClockConfig
<LI><a href="#[11b]">&gt;&gt;</a>&nbsp;&nbsp;&nbsp;TIM_PWMIConfig
<LI><a href="#[112]">&gt;&gt;</a>&nbsp;&nbsp;&nbsp;TIM_ICInit
</UL>

<P><STRONG><a name="[124]"></a>SetSysClockTo72</STRONG> (Thumb, 214 bytes, Stack size 12 bytes, system_stm32f10x.o(.text))
<BR><BR>[Stack]<UL><LI>Max Depth = 12<LI>Call Chain = SetSysClockTo72
</UL>
<BR>[Called By]<UL><LI><a href="#[123]">&gt;&gt;</a>&nbsp;&nbsp;&nbsp;SetSysClock
</UL>

<P><STRONG><a name="[123]"></a>SetSysClock</STRONG> (Thumb, 8 bytes, Stack size 8 bytes, system_stm32f10x.o(.text))
<BR><BR>[Stack]<UL><LI>Max Depth = 20<LI>Call Chain = SetSysClock &rArr; SetSysClockTo72
</UL>
<BR>[Calls]<UL><LI><a href="#[124]">&gt;&gt;</a>&nbsp;&nbsp;&nbsp;SetSysClockTo72
</UL>
<BR>[Called By]<UL><LI><a href="#[42]">&gt;&gt;</a>&nbsp;&nbsp;&nbsp;SystemInit
</UL>
<P>
<H3>
Undefined Global Symbols
</H3><HR></body></html>
